******************************************************************************
                  TI ARM Linker PC v20.2.7                     
******************************************************************************
>> Linked Wed Nov 13 16:25:34 2024

OUTPUT FILE NAME:   <lab10.out>
ENTRY POINT SYMBOL: "_c_int00_noargs"  address: 000048fd


MEMORY CONFIGURATION

         name            origin    length      used     unused   attr    fill
----------------------  --------  ---------  --------  --------  ----  --------
  FLASH                 00000000   00040000  00004d5c  0003b2a4  R  X
  SRAM                  20000000   00008000  00001020  00006fe0  RW X


SEGMENT ALLOCATION MAP

run origin  load origin   length   init length attrs members
----------  ----------- ---------- ----------- ----- -------
00000000    00000000    00004d60   00004d60    r-x
  00000000    00000000    0000026c   0000026c    r-- .intvecs
  0000026c    0000026c    00004918   00004918    r-x .text
  00004b84    00004b84    00000118   00000118    r-- .const
  00004ca0    00004ca0    000000c0   000000c0    r-- .cinit
20000000    20000000    00001024   00000000    rw-
  20000000    20000000    0000026c   00000000    rw- .vtable
  20000270    20000270    00000800   00000000    rw- .stack
  20000a70    20000a70    00000400   00000000    rw- .sysmem
  20000e70    20000e70    000000ec   00000000    rw- .bss
  20000f5c    20000f5c    000000c8   00000000    rw- .data


SECTION ALLOCATION MAP

 output                                  attributes/
section   page    origin      length       input sections
--------  ----  ----------  ----------   ----------------
.intvecs   0    00000000    0000026c     
                  00000000    0000026c     tm4c123gh6pm_startup_ccs.obj (.intvecs)

.text      0    0000026c    00004918     
                  0000026c    00000c20     open_interface.obj (.text)
                  00000e8c    00000a4e     rtsv7M4_T_le_v4SPD16_eabi.lib : _printfi.c.obj (.text:__TI_printfi)
                  000018da    00000002                                   : _lock.c.obj (.text:_nop)
                  000018dc    0000092c     main.obj (.text)
                  00002208    000003cc     movement.obj (.text)
                  000025d4    00000328     lcd.obj (.text)
                  000028fc    000002b0     ping.obj (.text)
                  00002bac    00000270     rtsv7M4_T_le_v4SPD16_eabi.lib : _printfi.c.obj (.text:_pconv_a)
                  00002e1c    00000248     Timer.obj (.text)
                  00003064    000001d0     rtsv7M4_T_le_v4SPD16_eabi.lib : _printfi.c.obj (.text:_pconv_g)
                  00003234    000001b6                                   : fd_add_t2.asm.obj (.text)
                  000033ea    00000002                                   : div0.asm.obj (.text)
                  000033ec    000001b4     servo.obj (.text)
                  000035a0    000001a0     uart.obj (.text)
                  00003740    0000013c     rtsv7M4_T_le_v4SPD16_eabi.lib : _printfi.c.obj (.text:_pconv_e)
                  0000387c    00000136                                   : fd_div_t2.asm.obj (.text)
                  000039b2    00000002     --HOLE-- [fill = 0]
                  000039b4    00000128     adc.obj (.text)
                  00003adc    00000124     rtsv7M4_T_le_v4SPD16_eabi.lib : _printfi.c.obj (.text:fcvt)
                  00003c00    00000110                                   : s_scalbn.c.obj (.text:scalbn)
                  00003d10    00000100                                   : memory.c.obj (.text:aligned_alloc)
                  00003e10    000000fc                                   : fd_mul_t2.asm.obj (.text)
                  00003f0c    000000e4                                   : memory.c.obj (.text:free)
                  00003ff0    000000b1                                   : _printfi.c.obj (.text:_ltostr)
                  000040a1    00000001     --HOLE-- [fill = 0]
                  000040a2    0000009c                                   : memcpy_t2.asm.obj (.text)
                  0000413e    00000096                                   : ull_div_t2.asm.obj (.text)
                  000041d4    00000086                                   : fd_cmp_t2.asm.obj (.text:__aeabi_cdcmple)
                  0000425a    00000086                                   : fd_cmp_t2.asm.obj (.text:__aeabi_cdrcmple)
                  000042e0    0000007a                                   : memset_t2.asm.obj (.text)
                  0000435a    00000002     --HOLE-- [fill = 0]
                  0000435c    00000070                                   : memory.c.obj (.text:split)
                  000043cc    0000006e                                   : _printfi.c.obj (.text:_mcpy)
                  0000443a    0000006e                                   : fd_tos_t2.asm.obj (.text)
                  000044a8    00000068                                   : copy_decompress_lzss.c.obj (.text:decompress:lzss:__TI_decompress_lzss)
                  00004510    00000064                                   : s_frexp.c.obj (.text:frexp)
                  00004574    00000056                                   : _printfi.c.obj (.text:_pconv_f)
                  000045ca    00000054                                   : _ltoa.c.obj (.text:__TI_ltoa)
                  0000461e    00000052                                   : _printfi.c.obj (.text:_ecpy)
                  00004670    0000004c                                   : atoi.c.obj (.text:atoi)
                  000046bc    0000004c                                   : snprintf.c.obj (.text:snprintf)
                  00004708    00000048                                   : fd_toi_t2.asm.obj (.text)
                  00004750    00000044                                   : autoinit.c.obj (.text:__TI_auto_init_nobinit_nopinit:__TI_auto_init_nobinit_nopinit)
                  00004794    00000044                                   : fd_tou_t2.asm.obj (.text)
                  000047d8    00000040                                   : vsnprintf.c.obj (.text:vsnprintf)
                  00004818    0000003e                                   : _printfi.c.obj (.text:_fcpy)
                  00004856    00000002     --HOLE-- [fill = 0]
                  00004858    00000038                                   : memory.c.obj (.text:calloc)
                  00004890    00000038                                   : fs_tod_t2.asm.obj (.text)
                  000048c8    00000034     driverlib.lib : interrupt.obj (.text:IntRegister)
                  000048fc    00000034     rtsv7M4_T_le_v4SPD16_eabi.lib : boot_cortex_m.c.obj (.text:_c_int00_noargs:_c_int00_noargs)
                  00004930    00000030                                   : snprintf.c.obj (.text:_outs)
                  00004960    00000030                                   : vsnprintf.c.obj (.text:_outs)
                  00004990    0000002e                                   : i_tofd_t2.asm.obj (.text)
                  000049be    00000002     --HOLE-- [fill = 0]
                  000049c0    00000028                                   : memory.c.obj (.text:free_list_insert)
                  000049e8    00000020                                   : u_tofd_t2.asm.obj (.text)
                  00004a08    0000001c                                   : copy_zero_init.c.obj (.text:decompress:ZI:__TI_zero_init_nomemset:__TI_zero_init_nomemset)
                  00004a24    0000001c                                   : memory.c.obj (.text:free_list_remove)
                  00004a40    0000001c                                   : memccpy.c.obj (.text:memccpy)
                  00004a5c    0000001a                                   : s_copysign.c.obj (.text:copysign)
                  00004a76    00000018                                   : snprintf.c.obj (.text:_outc)
                  00004a8e    00000018                                   : vsnprintf.c.obj (.text:_outc)
                  00004aa6    00000018     open_interface.obj (.text:oi_parseInt)
                  00004abe    00000018     rtsv7M4_T_le_v4SPD16_eabi.lib : strcmp.c.obj (.text:strcmp)
                  00004ad6    00000016                                   : strchr.c.obj (.text:strchr)
                  00004aec    00000014                                   : strcpy.c.obj (.text:strcpy)
                  00004b00    00000014                                   : strlen.c.obj (.text:strlen)
                  00004b14    00000012                                   : wcslen.c.obj (.text:wcslen)
                  00004b26    00000010     driverlib.lib : interrupt.obj (.text:IntMasterEnable)
                  00004b36    00000010     lcd.obj (.text:lcd_clear)
                  00004b46    0000000e     rtsv7M4_T_le_v4SPD16_eabi.lib : copy_decompress_none.c.obj (.text:decompress:none:__TI_decompress_none)
                  00004b54    0000000c     driverlib.lib : cpu.obj (.text:CPUcpsie)
                  00004b60    0000000c     tm4c123gh6pm_startup_ccs.obj (.text)
                  00004b6c    00000008     rtsv7M4_T_le_v4SPD16_eabi.lib : errno.c.obj (.text:__aeabi_errno_addr)
                  00004b74    00000008                                   : memory.c.obj (.text:malloc)
                  00004b7c    00000004                                   : pre_init.c.obj (.text:_system_pre_init)
                  00004b80    00000004                                   : exit.c.obj (.text:abort:abort)

.const     0    00004b84    00000118     
                  00004b84    00000101     rtsv7M4_T_le_v4SPD16_eabi.lib : ctype.c.obj (.const:.string:_ctypes_)
                  00004c85    0000000f     open_interface.obj (.const:.string:$P$T0$3)
                  00004c94    00000004     lcd.obj (.const:.string:lineAddress$1)
                  00004c98    00000004     lcd.obj (.const:.string:lineAddresses$2)

.cinit     0    00004ca0    000000c0     
                  00004ca0    00000085     (.cinit..data.load) [load image, compression = lzss]
                  00004d25    00000003     --HOLE-- [fill = 0]
                  00004d28    0000000c     (__TI_handler_table)
                  00004d34    00000004     --HOLE-- [fill = 0]
                  00004d38    00000008     (.cinit..bss.load) [load image, compression = zero_init]
                  00004d40    00000008     (.cinit..vtable.load) [load image, compression = zero_init]
                  00004d48    00000018     (__TI_cinit_table)

.init_array 
*          0    00000000    00000000     UNINITIALIZED

.vtable    0    20000000    0000026c     UNINITIALIZED
                  20000000    0000026c     driverlib.lib : interrupt.obj (.vtable)

.stack     0    20000270    00000800     UNINITIALIZED
                  20000270    00000004     rtsv7M4_T_le_v4SPD16_eabi.lib : boot_cortex_m.c.obj (.stack)
                  20000274    000007fc     --HOLE--

.sysmem    0    20000a70    00000400     UNINITIALIZED
                  20000a70    00000010     rtsv7M4_T_le_v4SPD16_eabi.lib : memory.c.obj (.sysmem)
                  20000a80    000003f0     --HOLE--

.bss       0    20000e70    000000ec     UNINITIALIZED
                  20000e70    00000078     (.common:detected_objects)
                  20000ee8    00000054     lcd.obj (.bss:lastbuffer$3)
                  20000f3c    00000018     open_interface.obj (.bss:firmware$2)
                  20000f54    00000004     (.common:_timeout_ticks)
                  20000f58    00000004     (.common:overflow_count)

.data      0    20000f5c    000000c8     UNINITIALIZED
                  20000f5c    0000003c     main.obj (.data:distances)
                  20000f98    0000003c     main.obj (.data:ir_values)
                  20000fd4    00000020     open_interface.obj (.data)
                  20000ff4    00000009     ping.obj (.data)
                  20000ffd    00000002     uart.obj (.data)
                  20000fff    00000001     Timer.obj (.data)
                  20001000    00000008     rtsv7M4_T_le_v4SPD16_eabi.lib : _lock.c.obj (.data:$O1$$)
                  20001008    00000008                                   : memory.c.obj (.data:$O1$$)
                  20001010    00000008     servo.obj (.data)
                  20001018    00000005     main.obj (.data)
                  2000101d    00000003     --HOLE--
                  20001020    00000004     rtsv7M4_T_le_v4SPD16_eabi.lib : errno.c.obj (.data)

__llvm_prf_cnts 
*          0    20000000    00000000     UNINITIALIZED

MODULE SUMMARY

       Module                         code    ro data   rw data
       ------                         ----    -------   -------
    .\
       open_interface.obj             3128    15        56     
       main.obj                       2348    0         245    
       movement.obj                   972     0         0      
       lcd.obj                        824     8         84     
       ping.obj                       688     0         13     
       tm4c123gh6pm_startup_ccs.obj   12      620       0      
       Timer.obj                      584     0         5      
       servo.obj                      436     0         8      
       uart.obj                       416     0         2      
       adc.obj                        296     0         0      
    +--+------------------------------+-------+---------+---------+
       Total:                         9704    643       413    
                                                               
    C:/ti/TivaWare_C_Series-2.2.0.295/driverlib/ccs/Debug/driverlib.lib
       interrupt.obj                  68      0         620    
       cpu.obj                        12      0         0      
    +--+------------------------------+-------+---------+---------+
       Total:                         80      0         620    
                                                               
    C:\ti\ccs1271\ccs\tools\compiler\ti-cgt-arm_20.2.7.LTS\lib\rtsv7M4_T_le_v4SPD16_eabi.lib
       _printfi.c.obj                 4851    0         0      
       memory.c.obj                   728     0         8      
       fd_add_t2.asm.obj              438     0         0      
       fd_div_t2.asm.obj              310     0         0      
       s_scalbn.c.obj                 272     0         0      
       fd_cmp_t2.asm.obj              268     0         0      
       ctype.c.obj                    0       257       0      
       fd_mul_t2.asm.obj              252     0         0      
       memcpy_t2.asm.obj              156     0         0      
       ull_div_t2.asm.obj             150     0         0      
       snprintf.c.obj                 148     0         0      
       vsnprintf.c.obj                136     0         0      
       memset_t2.asm.obj              122     0         0      
       fd_tos_t2.asm.obj              110     0         0      
       copy_decompress_lzss.c.obj     104     0         0      
       s_frexp.c.obj                  100     0         0      
       _ltoa.c.obj                    84      0         0      
       atoi.c.obj                     76      0         0      
       fd_toi_t2.asm.obj              72      0         0      
       autoinit.c.obj                 68      0         0      
       fd_tou_t2.asm.obj              68      0         0      
       fs_tod_t2.asm.obj              56      0         0      
       boot_cortex_m.c.obj            52      0         0      
       i_tofd_t2.asm.obj              46      0         0      
       u_tofd_t2.asm.obj              32      0         0      
       copy_zero_init.c.obj           28      0         0      
       memccpy.c.obj                  28      0         0      
       s_copysign.c.obj               26      0         0      
       strcmp.c.obj                   24      0         0      
       strchr.c.obj                   22      0         0      
       strcpy.c.obj                   20      0         0      
       strlen.c.obj                   20      0         0      
       wcslen.c.obj                   18      0         0      
       copy_decompress_none.c.obj     14      0         0      
       errno.c.obj                    8       0         4      
       _lock.c.obj                    2       0         8      
       exit.c.obj                     4       0         0      
       pre_init.c.obj                 4       0         0      
       div0.asm.obj                   2       0         0      
    +--+------------------------------+-------+---------+---------+
       Total:                         8919    257       20     
                                                               
       Heap:                          0       0         1024   
       Stack:                         0       0         2048   
       Linker Generated:              0       185       0      
    +--+------------------------------+-------+---------+---------+
       Grand Total:                   18703   1085      4125   


LINKER GENERATED COPY TABLES

__TI_cinit_table @ 00004d48 records: 3, size/record: 8, table size: 24
	.data: load addr=00004ca0, load size=00000085 bytes, run addr=20000f5c, run size=000000c8 bytes, compression=lzss
	.bss: load addr=00004d38, load size=00000008 bytes, run addr=20000e70, run size=000000ec bytes, compression=zero_init
	.vtable: load addr=00004d40, load size=00000008 bytes, run addr=20000000, run size=0000026c bytes, compression=zero_init


LINKER GENERATED HANDLER TABLE

__TI_handler_table @ 00004d28 records: 3, size/record: 4, table size: 12
	index: 0, handler: __TI_zero_init
	index: 1, handler: __TI_decompress_lzss
	index: 2, handler: __TI_decompress_none


GLOBAL SYMBOLS: SORTED ALPHABETICALLY BY Name 

address   name                          
-------   ----                          
00004b81  C$$EXIT                       
00004b55  CPUcpsie                      
20000ff8  END_TIME                      
00000bc3  GPIOF_Handler                 
00004b27  IntMasterEnable               
000048c9  IntRegister                   
00004b61  ResetISR                      
20000ff4  START_TIME                    
20000ffc  STATE                         
000029f3  TIMER3B_Handler               
20000a70  __STACK_END                   
00000800  __STACK_SIZE                  
20000470  __STACK_TOP                   
00000400  __SYSMEM_SIZE                 
00004d48  __TI_CINIT_Base               
00004d60  __TI_CINIT_Limit              
00004d28  __TI_Handler_Table_Base       
00004d34  __TI_Handler_Table_Limit      
00004751  __TI_auto_init_nobinit_nopinit
000044a9  __TI_decompress_lzss          
00004b47  __TI_decompress_none          
000045cb  __TI_ltoa                     
ffffffff  __TI_pprof_out_hndl           
00000e8d  __TI_printfi                  
ffffffff  __TI_prof_data_size           
ffffffff  __TI_prof_data_start          
00000000  __TI_static_base__            
00004a09  __TI_zero_init_nomemset       
000041d5  __aeabi_cdcmpeq               
000041d5  __aeabi_cdcmple               
0000425b  __aeabi_cdrcmple              
0000443b  __aeabi_d2f                   
00004709  __aeabi_d2iz                  
00004795  __aeabi_d2uiz                 
0000323f  __aeabi_dadd                  
0000387d  __aeabi_ddiv                  
00003e11  __aeabi_dmul                  
00003235  __aeabi_dsub                  
00004b6d  __aeabi_errno_addr            
00004891  __aeabi_f2d                   
00004991  __aeabi_i2d                   
000033eb  __aeabi_idiv0                 
000033eb  __aeabi_ldiv0                 
000042e1  __aeabi_memclr                
000042e1  __aeabi_memclr4               
000042e1  __aeabi_memclr8               
000040a3  __aeabi_memcpy                
000040a3  __aeabi_memcpy4               
000040a3  __aeabi_memcpy8               
000042e3  __aeabi_memset                
000042e3  __aeabi_memset4               
000042e3  __aeabi_memset8               
000049e9  __aeabi_ui2d                  
0000413f  __aeabi_uldivmod              
ffffffff  __binit__                     
ffffffff  __c_args__                    
UNDEFED   __mpu_init                    
20000270  __stack                       
20000000  __start___llvm_prf_cnts       
20000000  __stop___llvm_prf_cnts        
000048fd  _c_int00_noargs               
00004b84  _ctypes_                      
20001000  _lock                         
000018db  _nop                          
20000fff  _running                      
20000a70  _sys_memory                   
UNDEFED   _system_post_cinit            
00004b7d  _system_pre_init              
20000f54  _timeout_ticks                
20001004  _unlock                       
00004b81  abort                         
0000190f  adc_distance                  
000039b5  adc_init                      
00003a65  adc_read                      
00003d11  aligned_alloc                 
00004671  atoi                          
ffffffff  binit                         
00002ac3  calculate_distance            
00002b13  calculate_time_in_ms          
00004859  calloc                        
00001a01  control_movement              
00004a5d  copysign                      
00004a5d  copysignl                     
20001010  current_degrees               
2000101c  current_mode                  
20000e70  detected_objects              
20001014  direction                     
00001b9d  display_smallest_object       
20000f5c  distances                     
20001020  errno                         
20000ffe  flag                          
00003f0d  free                          
00004511  frexp                         
00004511  frexpl                        
20000000  g_pfnRAMVectors               
00000000  g_pfnVectors                  
0000097f  go_charge                     
000023b9  handle_bump                   
00001f6f  handle_bump_sensor            
00001e75  handle_uart_data              
20000f98  ir_values                     
00004b37  lcd_clear                     
000027a9  lcd_gotoLine                  
00002611  lcd_init                      
0000280f  lcd_printf                    
000026d1  lcd_putc                      
00002709  lcd_puts                      
000025d5  lcd_reverseNibble             
00002727  lcd_sendCommand               
00002765  lcd_sendNibble                
000027d1  lcd_setCursorPos              
00003c01  ldexp                         
00003c01  ldexpl                        
00001fa1  main                          
00004b75  malloc                        
00003d11  memalign                      
00004a41  memccpy                       
000040a3  memcpy                        
000042e9  memset                        
20000fd4  motor_cal_factor_L            
20000fd8  motor_cal_factor_R            
00002271  move_backwards                
00002209  move_forward                  
0000241d  move_forward_with_bump        
00001cef  navigate_to_smallest_object   
20001018  object_count                  
0000026d  oi_alloc                      
00000aa9  oi_checkFirmware              
000002c7  oi_close                      
00000279  oi_free                       
00000ded  oi_getMotorCalibrationLeft    
00000e01  oi_getMotorCalibrationRight   
000002b1  oi_init                       
00000289  oi_init_noupdate              
00000915  oi_loadSong                   
00004aa7  oi_parseInt                   
0000032b  oi_parsePacket                
0000096b  oi_play_song                  
0000084b  oi_setLeds                    
00000db1  oi_setMotorCalibration        
0000088f  oi_setWheels                  
00000b51  oi_shutoff_init               
0000098d  oi_uartInit                   
00000a31  oi_uartReceive                
00000a77  oi_uartSendBuff               
00000a15  oi_uartSendChar               
00000a59  oi_uartSendStr                
000002d9  oi_update                     
20000f58  overflow_count                
00001a5d  perform_180_ir_scan           
000028fd  ping_init                     
00002a4d  ping_read                     
00003c01  scalbn                        
00003c01  scalbnl                       
00002999  send_pulse                    
000033ed  servo_init                    
00003473  servo_move                    
000018dd  setup                         
000046bd  snprintf                      
00004ad7  strchr                        
00004abf  strcmp                        
00004aed  strcpy                        
00004b01  strlen                        
00002f3b  timer_getMicros               
00002ee3  timer_getMillis               
00002e1d  timer_init                    
00002ebf  timer_pause                   
00002ed1  timer_resume                  
00002e95  timer_stop                    
00002f95  timer_waitMicros              
00002fc7  timer_waitMillis              
000022dd  turn_clockwise                
00002343  turn_counter_clockwise        
20000ffd  uart_data                     
000036d9  uart_data_available           
000035a1  uart_init                     
000036b3  uart_interrupt_handler        
0000368f  uart_interrupt_init           
0000365d  uart_receive                  
00003641  uart_sendChar                 
00003671  uart_sendStr                  
000047d9  vsnprintf                     
00004b15  wcslen                        


GLOBAL SYMBOLS: SORTED BY Symbol Address 

address   name                          
-------   ----                          
00000000  __TI_static_base__            
00000000  g_pfnVectors                  
0000026d  oi_alloc                      
00000279  oi_free                       
00000289  oi_init_noupdate              
000002b1  oi_init                       
000002c7  oi_close                      
000002d9  oi_update                     
0000032b  oi_parsePacket                
00000400  __SYSMEM_SIZE                 
00000800  __STACK_SIZE                  
0000084b  oi_setLeds                    
0000088f  oi_setWheels                  
00000915  oi_loadSong                   
0000096b  oi_play_song                  
0000097f  go_charge                     
0000098d  oi_uartInit                   
00000a15  oi_uartSendChar               
00000a31  oi_uartReceive                
00000a59  oi_uartSendStr                
00000a77  oi_uartSendBuff               
00000aa9  oi_checkFirmware              
00000b51  oi_shutoff_init               
00000bc3  GPIOF_Handler                 
00000db1  oi_setMotorCalibration        
00000ded  oi_getMotorCalibrationLeft    
00000e01  oi_getMotorCalibrationRight   
00000e8d  __TI_printfi                  
000018db  _nop                          
000018dd  setup                         
0000190f  adc_distance                  
00001a01  control_movement              
00001a5d  perform_180_ir_scan           
00001b9d  display_smallest_object       
00001cef  navigate_to_smallest_object   
00001e75  handle_uart_data              
00001f6f  handle_bump_sensor            
00001fa1  main                          
00002209  move_forward                  
00002271  move_backwards                
000022dd  turn_clockwise                
00002343  turn_counter_clockwise        
000023b9  handle_bump                   
0000241d  move_forward_with_bump        
000025d5  lcd_reverseNibble             
00002611  lcd_init                      
000026d1  lcd_putc                      
00002709  lcd_puts                      
00002727  lcd_sendCommand               
00002765  lcd_sendNibble                
000027a9  lcd_gotoLine                  
000027d1  lcd_setCursorPos              
0000280f  lcd_printf                    
000028fd  ping_init                     
00002999  send_pulse                    
000029f3  TIMER3B_Handler               
00002a4d  ping_read                     
00002ac3  calculate_distance            
00002b13  calculate_time_in_ms          
00002e1d  timer_init                    
00002e95  timer_stop                    
00002ebf  timer_pause                   
00002ed1  timer_resume                  
00002ee3  timer_getMillis               
00002f3b  timer_getMicros               
00002f95  timer_waitMicros              
00002fc7  timer_waitMillis              
00003235  __aeabi_dsub                  
0000323f  __aeabi_dadd                  
000033eb  __aeabi_idiv0                 
000033eb  __aeabi_ldiv0                 
000033ed  servo_init                    
00003473  servo_move                    
000035a1  uart_init                     
00003641  uart_sendChar                 
0000365d  uart_receive                  
00003671  uart_sendStr                  
0000368f  uart_interrupt_init           
000036b3  uart_interrupt_handler        
000036d9  uart_data_available           
0000387d  __aeabi_ddiv                  
000039b5  adc_init                      
00003a65  adc_read                      
00003c01  ldexp                         
00003c01  ldexpl                        
00003c01  scalbn                        
00003c01  scalbnl                       
00003d11  aligned_alloc                 
00003d11  memalign                      
00003e11  __aeabi_dmul                  
00003f0d  free                          
000040a3  __aeabi_memcpy                
000040a3  __aeabi_memcpy4               
000040a3  __aeabi_memcpy8               
000040a3  memcpy                        
0000413f  __aeabi_uldivmod              
000041d5  __aeabi_cdcmpeq               
000041d5  __aeabi_cdcmple               
0000425b  __aeabi_cdrcmple              
000042e1  __aeabi_memclr                
000042e1  __aeabi_memclr4               
000042e1  __aeabi_memclr8               
000042e3  __aeabi_memset                
000042e3  __aeabi_memset4               
000042e3  __aeabi_memset8               
000042e9  memset                        
0000443b  __aeabi_d2f                   
000044a9  __TI_decompress_lzss          
00004511  frexp                         
00004511  frexpl                        
000045cb  __TI_ltoa                     
00004671  atoi                          
000046bd  snprintf                      
00004709  __aeabi_d2iz                  
00004751  __TI_auto_init_nobinit_nopinit
00004795  __aeabi_d2uiz                 
000047d9  vsnprintf                     
00004859  calloc                        
00004891  __aeabi_f2d                   
000048c9  IntRegister                   
000048fd  _c_int00_noargs               
00004991  __aeabi_i2d                   
000049e9  __aeabi_ui2d                  
00004a09  __TI_zero_init_nomemset       
00004a41  memccpy                       
00004a5d  copysign                      
00004a5d  copysignl                     
00004aa7  oi_parseInt                   
00004abf  strcmp                        
00004ad7  strchr                        
00004aed  strcpy                        
00004b01  strlen                        
00004b15  wcslen                        
00004b27  IntMasterEnable               
00004b37  lcd_clear                     
00004b47  __TI_decompress_none          
00004b55  CPUcpsie                      
00004b61  ResetISR                      
00004b6d  __aeabi_errno_addr            
00004b75  malloc                        
00004b7d  _system_pre_init              
00004b81  C$$EXIT                       
00004b81  abort                         
00004b84  _ctypes_                      
00004d28  __TI_Handler_Table_Base       
00004d34  __TI_Handler_Table_Limit      
00004d48  __TI_CINIT_Base               
00004d60  __TI_CINIT_Limit              
20000000  __start___llvm_prf_cnts       
20000000  __stop___llvm_prf_cnts        
20000000  g_pfnRAMVectors               
20000270  __stack                       
20000470  __STACK_TOP                   
20000a70  __STACK_END                   
20000a70  _sys_memory                   
20000e70  detected_objects              
20000f54  _timeout_ticks                
20000f58  overflow_count                
20000f5c  distances                     
20000f98  ir_values                     
20000fd4  motor_cal_factor_L            
20000fd8  motor_cal_factor_R            
20000ff4  START_TIME                    
20000ff8  END_TIME                      
20000ffc  STATE                         
20000ffd  uart_data                     
20000ffe  flag                          
20000fff  _running                      
20001000  _lock                         
20001004  _unlock                       
20001010  current_degrees               
20001014  direction                     
20001018  object_count                  
2000101c  current_mode                  
20001020  errno                         
ffffffff  __TI_pprof_out_hndl           
ffffffff  __TI_prof_data_size           
ffffffff  __TI_prof_data_start          
ffffffff  __binit__                     
ffffffff  __c_args__                    
ffffffff  binit                         
UNDEFED   __mpu_init                    
UNDEFED   _system_post_cinit            

[183 symbols]
