<?xml version="1.0" encoding="ISO-8859-1" ?>
<link_info>
   <banner>TI ARM Linker PC v20.2.7.LTS</banner>
   <copyright>Copyright (c) 1996-2018 Texas Instruments Incorporated</copyright>
   <link_time>0x672003c2</link_time>
   <link_errors>0x0</link_errors>
   <output_file>lab8.out</output_file>
   <entry_point>
      <name>_c_int00_noargs</name>
      <address>0x4afd</address>
   </entry_point>
   <input_file_list>
      <input_file id="fl-2">
         <path>.\</path>
         <kind>object</kind>
         <file>Timer.obj</file>
         <name>Timer.obj</name>
      </input_file>
      <input_file id="fl-3">
         <path>.\</path>
         <kind>object</kind>
         <file>adc.obj</file>
         <name>adc.obj</name>
      </input_file>
      <input_file id="fl-4">
         <path>.\</path>
         <kind>object</kind>
         <file>button.obj</file>
         <name>button.obj</name>
      </input_file>
      <input_file id="fl-5">
         <path>.\</path>
         <kind>object</kind>
         <file>lcd.obj</file>
         <name>lcd.obj</name>
      </input_file>
      <input_file id="fl-6">
         <path>.\</path>
         <kind>object</kind>
         <file>main.obj</file>
         <name>main.obj</name>
      </input_file>
      <input_file id="fl-7">
         <path>.\</path>
         <kind>object</kind>
         <file>movement.obj</file>
         <name>movement.obj</name>
      </input_file>
      <input_file id="fl-8">
         <path>.\</path>
         <kind>object</kind>
         <file>open_interface.obj</file>
         <name>open_interface.obj</name>
      </input_file>
      <input_file id="fl-9">
         <path>.\</path>
         <kind>object</kind>
         <file>tm4c123gh6pm_startup_ccs.obj</file>
         <name>tm4c123gh6pm_startup_ccs.obj</name>
      </input_file>
      <input_file id="fl-a">
         <path>.\</path>
         <kind>object</kind>
         <file>uart.obj</file>
         <name>uart.obj</name>
      </input_file>
      <input_file id="fl-10">
         <kind>object</kind>
         <file>&lt;internal&gt;</file>
         <name>&lt;internal&gt;</name>
      </input_file>
      <input_file id="fl-11">
         <path>..\</path>
         <kind>archive</kind>
         <file>libcybotScan.lib</file>
         <name>cyBot_Scan.obj</name>
      </input_file>
      <input_file id="fl-12">
         <path>..\</path>
         <kind>archive</kind>
         <file>libcybotScan.lib</file>
         <name>ir.obj</name>
      </input_file>
      <input_file id="fl-13">
         <path>..\</path>
         <kind>archive</kind>
         <file>libcybotScan.lib</file>
         <name>ping.obj</name>
      </input_file>
      <input_file id="fl-14">
         <path>..\</path>
         <kind>archive</kind>
         <file>libcybotScan.lib</file>
         <name>servo.obj</name>
      </input_file>
      <input_file id="fl-ca">
         <path>C:\ti\ccs1271\ccs\tools\compiler\ti-cgt-arm_20.2.7.LTS\lib\</path>
         <kind>archive</kind>
         <file>rtsv7M4_T_le_v4SPD16_eabi.lib</file>
         <name>snprintf.c.obj</name>
      </input_file>
      <input_file id="fl-cb">
         <path>C:\ti\ccs1271\ccs\tools\compiler\ti-cgt-arm_20.2.7.LTS\lib\</path>
         <kind>archive</kind>
         <file>rtsv7M4_T_le_v4SPD16_eabi.lib</file>
         <name>vsnprintf.c.obj</name>
      </input_file>
      <input_file id="fl-cc">
         <path>C:\ti\ccs1271\ccs\tools\compiler\ti-cgt-arm_20.2.7.LTS\lib\</path>
         <kind>archive</kind>
         <file>rtsv7M4_T_le_v4SPD16_eabi.lib</file>
         <name>fd_add_t2.asm.obj</name>
      </input_file>
      <input_file id="fl-cd">
         <path>C:\ti\ccs1271\ccs\tools\compiler\ti-cgt-arm_20.2.7.LTS\lib\</path>
         <kind>archive</kind>
         <file>rtsv7M4_T_le_v4SPD16_eabi.lib</file>
         <name>fd_cmp_t2.asm.obj</name>
      </input_file>
      <input_file id="fl-ce">
         <path>C:\ti\ccs1271\ccs\tools\compiler\ti-cgt-arm_20.2.7.LTS\lib\</path>
         <kind>archive</kind>
         <file>rtsv7M4_T_le_v4SPD16_eabi.lib</file>
         <name>fd_div_t2.asm.obj</name>
      </input_file>
      <input_file id="fl-cf">
         <path>C:\ti\ccs1271\ccs\tools\compiler\ti-cgt-arm_20.2.7.LTS\lib\</path>
         <kind>archive</kind>
         <file>rtsv7M4_T_le_v4SPD16_eabi.lib</file>
         <name>fd_mul_t2.asm.obj</name>
      </input_file>
      <input_file id="fl-d0">
         <path>C:\ti\ccs1271\ccs\tools\compiler\ti-cgt-arm_20.2.7.LTS\lib\</path>
         <kind>archive</kind>
         <file>rtsv7M4_T_le_v4SPD16_eabi.lib</file>
         <name>fd_tos_t2.asm.obj</name>
      </input_file>
      <input_file id="fl-d1">
         <path>C:\ti\ccs1271\ccs\tools\compiler\ti-cgt-arm_20.2.7.LTS\lib\</path>
         <kind>archive</kind>
         <file>rtsv7M4_T_le_v4SPD16_eabi.lib</file>
         <name>fs_tod_t2.asm.obj</name>
      </input_file>
      <input_file id="fl-d2">
         <path>C:\ti\ccs1271\ccs\tools\compiler\ti-cgt-arm_20.2.7.LTS\lib\</path>
         <kind>archive</kind>
         <file>rtsv7M4_T_le_v4SPD16_eabi.lib</file>
         <name>i_tofd_t2.asm.obj</name>
      </input_file>
      <input_file id="fl-d3">
         <path>C:\ti\ccs1271\ccs\tools\compiler\ti-cgt-arm_20.2.7.LTS\lib\</path>
         <kind>archive</kind>
         <file>rtsv7M4_T_le_v4SPD16_eabi.lib</file>
         <name>memcpy_t2.asm.obj</name>
      </input_file>
      <input_file id="fl-d4">
         <path>C:\ti\ccs1271\ccs\tools\compiler\ti-cgt-arm_20.2.7.LTS\lib\</path>
         <kind>archive</kind>
         <file>rtsv7M4_T_le_v4SPD16_eabi.lib</file>
         <name>copy_zero_init.c.obj</name>
      </input_file>
      <input_file id="fl-d5">
         <path>C:\ti\ccs1271\ccs\tools\compiler\ti-cgt-arm_20.2.7.LTS\lib\</path>
         <kind>archive</kind>
         <file>rtsv7M4_T_le_v4SPD16_eabi.lib</file>
         <name>copy_decompress_none.c.obj</name>
      </input_file>
      <input_file id="fl-d6">
         <path>C:\ti\ccs1271\ccs\tools\compiler\ti-cgt-arm_20.2.7.LTS\lib\</path>
         <kind>archive</kind>
         <file>rtsv7M4_T_le_v4SPD16_eabi.lib</file>
         <name>copy_decompress_lzss.c.obj</name>
      </input_file>
      <input_file id="fl-d7">
         <path>C:\ti\ccs1271\ccs\tools\compiler\ti-cgt-arm_20.2.7.LTS\lib\</path>
         <kind>archive</kind>
         <file>rtsv7M4_T_le_v4SPD16_eabi.lib</file>
         <name>memory.c.obj</name>
      </input_file>
      <input_file id="fl-d8">
         <path>C:\ti\ccs1271\ccs\tools\compiler\ti-cgt-arm_20.2.7.LTS\lib\</path>
         <kind>archive</kind>
         <file>rtsv7M4_T_le_v4SPD16_eabi.lib</file>
         <name>strcmp.c.obj</name>
      </input_file>
      <input_file id="fl-d9">
         <path>C:\ti\ccs1271\ccs\tools\compiler\ti-cgt-arm_20.2.7.LTS\lib\</path>
         <kind>archive</kind>
         <file>rtsv7M4_T_le_v4SPD16_eabi.lib</file>
         <name>strcpy.c.obj</name>
      </input_file>
      <input_file id="fl-da">
         <path>C:\ti\ccs1271\ccs\tools\compiler\ti-cgt-arm_20.2.7.LTS\lib\</path>
         <kind>archive</kind>
         <file>rtsv7M4_T_le_v4SPD16_eabi.lib</file>
         <name>boot_cortex_m.c.obj</name>
      </input_file>
      <input_file id="fl-db">
         <path>C:\ti\ccs1271\ccs\tools\compiler\ti-cgt-arm_20.2.7.LTS\lib\</path>
         <kind>archive</kind>
         <file>rtsv7M4_T_le_v4SPD16_eabi.lib</file>
         <name>_printfi.c.obj</name>
      </input_file>
      <input_file id="fl-dc">
         <path>C:\ti\ccs1271\ccs\tools\compiler\ti-cgt-arm_20.2.7.LTS\lib\</path>
         <kind>archive</kind>
         <file>rtsv7M4_T_le_v4SPD16_eabi.lib</file>
         <name>fd_toi_t2.asm.obj</name>
      </input_file>
      <input_file id="fl-dd">
         <path>C:\ti\ccs1271\ccs\tools\compiler\ti-cgt-arm_20.2.7.LTS\lib\</path>
         <kind>archive</kind>
         <file>rtsv7M4_T_le_v4SPD16_eabi.lib</file>
         <name>memset_t2.asm.obj</name>
      </input_file>
      <input_file id="fl-de">
         <path>C:\ti\ccs1271\ccs\tools\compiler\ti-cgt-arm_20.2.7.LTS\lib\</path>
         <kind>archive</kind>
         <file>rtsv7M4_T_le_v4SPD16_eabi.lib</file>
         <name>ull_div_t2.asm.obj</name>
      </input_file>
      <input_file id="fl-df">
         <path>C:\ti\ccs1271\ccs\tools\compiler\ti-cgt-arm_20.2.7.LTS\lib\</path>
         <kind>archive</kind>
         <file>rtsv7M4_T_le_v4SPD16_eabi.lib</file>
         <name>autoinit.c.obj</name>
      </input_file>
      <input_file id="fl-e0">
         <path>C:\ti\ccs1271\ccs\tools\compiler\ti-cgt-arm_20.2.7.LTS\lib\</path>
         <kind>archive</kind>
         <file>rtsv7M4_T_le_v4SPD16_eabi.lib</file>
         <name>pre_init.c.obj</name>
      </input_file>
      <input_file id="fl-e1">
         <path>C:\ti\ccs1271\ccs\tools\compiler\ti-cgt-arm_20.2.7.LTS\lib\</path>
         <kind>archive</kind>
         <file>rtsv7M4_T_le_v4SPD16_eabi.lib</file>
         <name>cpy_tbl.c.obj</name>
      </input_file>
      <input_file id="fl-e2">
         <path>C:\ti\ccs1271\ccs\tools\compiler\ti-cgt-arm_20.2.7.LTS\lib\</path>
         <kind>archive</kind>
         <file>rtsv7M4_T_le_v4SPD16_eabi.lib</file>
         <name>exit.c.obj</name>
      </input_file>
      <input_file id="fl-e3">
         <path>C:\ti\ccs1271\ccs\tools\compiler\ti-cgt-arm_20.2.7.LTS\lib\</path>
         <kind>archive</kind>
         <file>rtsv7M4_T_le_v4SPD16_eabi.lib</file>
         <name>_lock.c.obj</name>
      </input_file>
      <input_file id="fl-e4">
         <path>C:\ti\ccs1271\ccs\tools\compiler\ti-cgt-arm_20.2.7.LTS\lib\</path>
         <kind>archive</kind>
         <file>rtsv7M4_T_le_v4SPD16_eabi.lib</file>
         <name>_ltoa.c.obj</name>
      </input_file>
      <input_file id="fl-e5">
         <path>C:\ti\ccs1271\ccs\tools\compiler\ti-cgt-arm_20.2.7.LTS\lib\</path>
         <kind>archive</kind>
         <file>rtsv7M4_T_le_v4SPD16_eabi.lib</file>
         <name>args_main.c.obj</name>
      </input_file>
      <input_file id="fl-e6">
         <path>C:\ti\ccs1271\ccs\tools\compiler\ti-cgt-arm_20.2.7.LTS\lib\</path>
         <kind>archive</kind>
         <file>rtsv7M4_T_le_v4SPD16_eabi.lib</file>
         <name>atoi.c.obj</name>
      </input_file>
      <input_file id="fl-e7">
         <path>C:\ti\ccs1271\ccs\tools\compiler\ti-cgt-arm_20.2.7.LTS\lib\</path>
         <kind>archive</kind>
         <file>rtsv7M4_T_le_v4SPD16_eabi.lib</file>
         <name>ctype.c.obj</name>
      </input_file>
      <input_file id="fl-e8">
         <path>C:\ti\ccs1271\ccs\tools\compiler\ti-cgt-arm_20.2.7.LTS\lib\</path>
         <kind>archive</kind>
         <file>rtsv7M4_T_le_v4SPD16_eabi.lib</file>
         <name>memccpy.c.obj</name>
      </input_file>
      <input_file id="fl-e9">
         <path>C:\ti\ccs1271\ccs\tools\compiler\ti-cgt-arm_20.2.7.LTS\lib\</path>
         <kind>archive</kind>
         <file>rtsv7M4_T_le_v4SPD16_eabi.lib</file>
         <name>strchr.c.obj</name>
      </input_file>
      <input_file id="fl-ea">
         <path>C:\ti\ccs1271\ccs\tools\compiler\ti-cgt-arm_20.2.7.LTS\lib\</path>
         <kind>archive</kind>
         <file>rtsv7M4_T_le_v4SPD16_eabi.lib</file>
         <name>strlen.c.obj</name>
      </input_file>
      <input_file id="fl-eb">
         <path>C:\ti\ccs1271\ccs\tools\compiler\ti-cgt-arm_20.2.7.LTS\lib\</path>
         <kind>archive</kind>
         <file>rtsv7M4_T_le_v4SPD16_eabi.lib</file>
         <name>errno.c.obj</name>
      </input_file>
      <input_file id="fl-ec">
         <path>C:\ti\ccs1271\ccs\tools\compiler\ti-cgt-arm_20.2.7.LTS\lib\</path>
         <kind>archive</kind>
         <file>rtsv7M4_T_le_v4SPD16_eabi.lib</file>
         <name>wcslen.c.obj</name>
      </input_file>
      <input_file id="fl-ed">
         <path>C:\ti\ccs1271\ccs\tools\compiler\ti-cgt-arm_20.2.7.LTS\lib\</path>
         <kind>archive</kind>
         <file>rtsv7M4_T_le_v4SPD16_eabi.lib</file>
         <name>s_frexp.c.obj</name>
      </input_file>
      <input_file id="fl-ee">
         <path>C:\ti\ccs1271\ccs\tools\compiler\ti-cgt-arm_20.2.7.LTS\lib\</path>
         <kind>archive</kind>
         <file>rtsv7M4_T_le_v4SPD16_eabi.lib</file>
         <name>s_scalbn.c.obj</name>
      </input_file>
      <input_file id="fl-ef">
         <path>C:\ti\ccs1271\ccs\tools\compiler\ti-cgt-arm_20.2.7.LTS\lib\</path>
         <kind>archive</kind>
         <file>rtsv7M4_T_le_v4SPD16_eabi.lib</file>
         <name>div0.asm.obj</name>
      </input_file>
      <input_file id="fl-f0">
         <path>C:\ti\ccs1271\ccs\tools\compiler\ti-cgt-arm_20.2.7.LTS\lib\</path>
         <kind>archive</kind>
         <file>rtsv7M4_T_le_v4SPD16_eabi.lib</file>
         <name>s_copysign.c.obj</name>
      </input_file>
      <input_file id="fl-f1">
         <path>C:\ti\TivaWare_C_Series-2.2.0.295\driverlib\ccs\Debug\</path>
         <kind>archive</kind>
         <file>driverlib.lib</file>
         <name>interrupt.obj</name>
      </input_file>
      <input_file id="fl-f2">
         <path>C:\ti\TivaWare_C_Series-2.2.0.295\driverlib\ccs\Debug\</path>
         <kind>archive</kind>
         <file>driverlib.lib</file>
         <name>cpu.obj</name>
      </input_file>
   </input_file_list>
   <object_component_list>
      <object_component id="oc-12">
         <name>.intvecs</name>
         <load_address>0x0</load_address>
         <run_address>0x0</run_address>
         <size>0x26c</size>
         <input_file_ref idref="fl-9"/>
      </object_component>
      <object_component id="oc-116">
         <name>.text</name>
         <load_address>0x26c</load_address>
         <run_address>0x26c</run_address>
         <size>0xc20</size>
         <input_file_ref idref="fl-8"/>
      </object_component>
      <object_component id="oc-1ea">
         <name>.text:__TI_printfi</name>
         <load_address>0xe8c</load_address>
         <run_address>0xe8c</run_address>
         <size>0xa4e</size>
         <input_file_ref idref="fl-db"/>
      </object_component>
      <object_component id="oc-305">
         <name>.text:_nop</name>
         <load_address>0x18da</load_address>
         <run_address>0x18da</run_address>
         <size>0x2</size>
         <input_file_ref idref="fl-e3"/>
      </object_component>
      <object_component id="oc-a2">
         <name>.text</name>
         <load_address>0x18dc</load_address>
         <run_address>0x18dc</run_address>
         <size>0x92c</size>
         <input_file_ref idref="fl-6"/>
      </object_component>
      <object_component id="oc-f5">
         <name>.text</name>
         <load_address>0x2208</load_address>
         <run_address>0x2208</run_address>
         <size>0x3cc</size>
         <input_file_ref idref="fl-7"/>
      </object_component>
      <object_component id="oc-dd">
         <name>.text</name>
         <load_address>0x25d4</load_address>
         <run_address>0x25d4</run_address>
         <size>0x328</size>
         <input_file_ref idref="fl-5"/>
      </object_component>
      <object_component id="oc-2be">
         <name>.text:_pconv_a</name>
         <load_address>0x28fc</load_address>
         <run_address>0x28fc</run_address>
         <size>0x270</size>
         <input_file_ref idref="fl-db"/>
      </object_component>
      <object_component id="oc-e9">
         <name>.text</name>
         <load_address>0x2b6c</load_address>
         <run_address>0x2b6c</run_address>
         <size>0x260</size>
         <input_file_ref idref="fl-11"/>
      </object_component>
      <object_component id="oc-d7">
         <name>.text</name>
         <load_address>0x2dcc</load_address>
         <run_address>0x2dcc</run_address>
         <size>0x248</size>
         <input_file_ref idref="fl-2"/>
      </object_component>
      <object_component id="oc-1a4">
         <name>.text</name>
         <load_address>0x3014</load_address>
         <run_address>0x3014</run_address>
         <size>0x1ec</size>
         <input_file_ref idref="fl-13"/>
      </object_component>
      <object_component id="oc-2ac">
         <name>.text:_pconv_g</name>
         <load_address>0x3200</load_address>
         <run_address>0x3200</run_address>
         <size>0x1d0</size>
         <input_file_ref idref="fl-db"/>
      </object_component>
      <object_component id="oc-1ba">
         <name>.text</name>
         <load_address>0x33d0</load_address>
         <run_address>0x33d0</run_address>
         <size>0x1b6</size>
         <input_file_ref idref="fl-cc"/>
      </object_component>
      <object_component id="oc-3c1">
         <name>.text</name>
         <load_address>0x3586</load_address>
         <run_address>0x3586</run_address>
         <size>0x2</size>
         <input_file_ref idref="fl-ef"/>
      </object_component>
      <object_component id="oc-e3">
         <name>.text</name>
         <load_address>0x3588</load_address>
         <run_address>0x3588</run_address>
         <size>0x18c</size>
         <input_file_ref idref="fl-a"/>
      </object_component>
      <object_component id="oc-19e">
         <name>.text</name>
         <load_address>0x3714</load_address>
         <run_address>0x3714</run_address>
         <size>0x158</size>
         <input_file_ref idref="fl-14"/>
      </object_component>
      <object_component id="oc-2b8">
         <name>.text:_pconv_e</name>
         <load_address>0x386c</load_address>
         <run_address>0x386c</run_address>
         <size>0x13c</size>
         <input_file_ref idref="fl-db"/>
      </object_component>
      <object_component id="oc-228">
         <name>.text</name>
         <load_address>0x39a8</load_address>
         <run_address>0x39a8</run_address>
         <size>0x136</size>
         <input_file_ref idref="fl-ce"/>
      </object_component>
      <object_component id="oc-ef">
         <name>.text</name>
         <load_address>0x3ae0</load_address>
         <run_address>0x3ae0</run_address>
         <size>0x128</size>
         <input_file_ref idref="fl-3"/>
      </object_component>
      <object_component id="oc-364">
         <name>.text:fcvt</name>
         <load_address>0x3c08</load_address>
         <run_address>0x3c08</run_address>
         <size>0x124</size>
         <input_file_ref idref="fl-db"/>
      </object_component>
      <object_component id="oc-1aa">
         <name>.text</name>
         <load_address>0x3d2c</load_address>
         <run_address>0x3d2c</run_address>
         <size>0x118</size>
         <input_file_ref idref="fl-12"/>
      </object_component>
      <object_component id="oc-378">
         <name>.text:scalbn</name>
         <load_address>0x3e44</load_address>
         <run_address>0x3e44</run_address>
         <size>0x110</size>
         <input_file_ref idref="fl-ee"/>
      </object_component>
      <object_component id="oc-39f">
         <name>.text:aligned_alloc</name>
         <load_address>0x3f54</load_address>
         <run_address>0x3f54</run_address>
         <size>0x100</size>
         <input_file_ref idref="fl-d7"/>
      </object_component>
      <object_component id="oc-223">
         <name>.text</name>
         <load_address>0x4054</load_address>
         <run_address>0x4054</run_address>
         <size>0xfc</size>
         <input_file_ref idref="fl-cf"/>
      </object_component>
      <object_component id="oc-213">
         <name>.text:free</name>
         <load_address>0x4150</load_address>
         <run_address>0x4150</run_address>
         <size>0xe4</size>
         <input_file_ref idref="fl-d7"/>
      </object_component>
      <object_component id="oc-2a6">
         <name>.text:_ltostr</name>
         <load_address>0x4234</load_address>
         <run_address>0x4234</run_address>
         <size>0xb1</size>
         <input_file_ref idref="fl-db"/>
      </object_component>
      <object_component id="oc-3e">
         <name>.text</name>
         <load_address>0x42e6</load_address>
         <run_address>0x42e6</run_address>
         <size>0x9c</size>
         <input_file_ref idref="fl-d3"/>
      </object_component>
      <object_component id="oc-346">
         <name>.text</name>
         <load_address>0x4382</load_address>
         <run_address>0x4382</run_address>
         <size>0x96</size>
         <input_file_ref idref="fl-de"/>
      </object_component>
      <object_component id="oc-1c4">
         <name>.text:__aeabi_cdcmple</name>
         <load_address>0x4418</load_address>
         <run_address>0x4418</run_address>
         <size>0x86</size>
         <input_file_ref idref="fl-cd"/>
      </object_component>
      <object_component id="oc-1c9">
         <name>.text:__aeabi_cdrcmple</name>
         <load_address>0x449e</load_address>
         <run_address>0x449e</run_address>
         <size>0x86</size>
         <input_file_ref idref="fl-cd"/>
      </object_component>
      <object_component id="oc-96">
         <name>.text</name>
         <load_address>0x4524</load_address>
         <run_address>0x4524</run_address>
         <size>0x7a</size>
         <input_file_ref idref="fl-dd"/>
      </object_component>
      <object_component id="oc-3f1">
         <name>.text:split</name>
         <load_address>0x45a0</load_address>
         <run_address>0x45a0</run_address>
         <size>0x70</size>
         <input_file_ref idref="fl-d7"/>
      </object_component>
      <object_component id="oc-35d">
         <name>.text:_mcpy</name>
         <load_address>0x4610</load_address>
         <run_address>0x4610</run_address>
         <size>0x6e</size>
         <input_file_ref idref="fl-db"/>
      </object_component>
      <object_component id="oc-230">
         <name>.text</name>
         <load_address>0x467e</load_address>
         <run_address>0x467e</run_address>
         <size>0x6e</size>
         <input_file_ref idref="fl-d0"/>
      </object_component>
      <object_component id="oc-15">
         <name>.text:decompress:lzss:__TI_decompress_lzss</name>
         <load_address>0x46ec</load_address>
         <run_address>0x46ec</run_address>
         <size>0x68</size>
         <input_file_ref idref="fl-d6"/>
      </object_component>
      <object_component id="oc-372">
         <name>.text:frexp</name>
         <load_address>0x4754</load_address>
         <run_address>0x4754</run_address>
         <size>0x64</size>
         <input_file_ref idref="fl-ed"/>
      </object_component>
      <object_component id="oc-2b2">
         <name>.text:_pconv_f</name>
         <load_address>0x47b8</load_address>
         <run_address>0x47b8</run_address>
         <size>0x56</size>
         <input_file_ref idref="fl-db"/>
      </object_component>
      <object_component id="oc-351">
         <name>.text:__TI_ltoa</name>
         <load_address>0x480e</load_address>
         <run_address>0x480e</run_address>
         <size>0x54</size>
         <input_file_ref idref="fl-e4"/>
      </object_component>
      <object_component id="oc-357">
         <name>.text:_ecpy</name>
         <load_address>0x4862</load_address>
         <run_address>0x4862</run_address>
         <size>0x52</size>
         <input_file_ref idref="fl-db"/>
      </object_component>
      <object_component id="oc-2a0">
         <name>.text:atoi</name>
         <load_address>0x48b4</load_address>
         <run_address>0x48b4</run_address>
         <size>0x4c</size>
         <input_file_ref idref="fl-e6"/>
      </object_component>
      <object_component id="oc-104">
         <name>.text:snprintf</name>
         <load_address>0x4900</load_address>
         <run_address>0x4900</run_address>
         <size>0x4c</size>
         <input_file_ref idref="fl-ca"/>
      </object_component>
      <object_component id="oc-34c">
         <name>.text</name>
         <load_address>0x494c</load_address>
         <run_address>0x494c</run_address>
         <size>0x48</size>
         <input_file_ref idref="fl-dc"/>
      </object_component>
      <object_component id="oc-12f">
         <name>.text:__TI_auto_init_nobinit_nopinit:__TI_auto_init_nobinit_nopinit</name>
         <load_address>0x4994</load_address>
         <run_address>0x4994</run_address>
         <size>0x44</size>
         <input_file_ref idref="fl-df"/>
      </object_component>
      <object_component id="oc-175">
         <name>.text:vsnprintf</name>
         <load_address>0x49d8</load_address>
         <run_address>0x49d8</run_address>
         <size>0x40</size>
         <input_file_ref idref="fl-cb"/>
      </object_component>
      <object_component id="oc-36a">
         <name>.text:_fcpy</name>
         <load_address>0x4a18</load_address>
         <run_address>0x4a18</run_address>
         <size>0x3e</size>
         <input_file_ref idref="fl-db"/>
      </object_component>
      <object_component id="oc-20d">
         <name>.text:calloc</name>
         <load_address>0x4a58</load_address>
         <run_address>0x4a58</run_address>
         <size>0x38</size>
         <input_file_ref idref="fl-d7"/>
      </object_component>
      <object_component id="oc-111">
         <name>.text</name>
         <load_address>0x4a90</load_address>
         <run_address>0x4a90</run_address>
         <size>0x38</size>
         <input_file_ref idref="fl-d1"/>
      </object_component>
      <object_component id="oc-163">
         <name>.text:IntRegister</name>
         <load_address>0x4ac8</load_address>
         <run_address>0x4ac8</run_address>
         <size>0x34</size>
         <input_file_ref idref="fl-f1"/>
      </object_component>
      <object_component id="oc-5c">
         <name>.text:_c_int00_noargs:_c_int00_noargs</name>
         <load_address>0x4afc</load_address>
         <run_address>0x4afc</run_address>
         <size>0x34</size>
         <input_file_ref idref="fl-da"/>
      </object_component>
      <object_component id="oc-1f0">
         <name>.text:_outs</name>
         <load_address>0x4b30</load_address>
         <run_address>0x4b30</run_address>
         <size>0x30</size>
         <input_file_ref idref="fl-ca"/>
      </object_component>
      <object_component id="oc-264">
         <name>.text:_outs</name>
         <load_address>0x4b60</load_address>
         <run_address>0x4b60</run_address>
         <size>0x30</size>
         <input_file_ref idref="fl-cb"/>
      </object_component>
      <object_component id="oc-1bf">
         <name>.text</name>
         <load_address>0x4b90</load_address>
         <run_address>0x4b90</run_address>
         <size>0x2e</size>
         <input_file_ref idref="fl-d2"/>
      </object_component>
      <object_component id="oc-2f3">
         <name>.text:free_list_insert</name>
         <load_address>0x4bc0</load_address>
         <run_address>0x4bc0</run_address>
         <size>0x28</size>
         <input_file_ref idref="fl-d7"/>
      </object_component>
      <object_component id="oc-4a">
         <name>.text:decompress:ZI:__TI_zero_init_nomemset:__TI_zero_init_nomemset</name>
         <load_address>0x4be8</load_address>
         <run_address>0x4be8</run_address>
         <size>0x1c</size>
         <input_file_ref idref="fl-d4"/>
      </object_component>
      <object_component id="oc-2ed">
         <name>.text:free_list_remove</name>
         <load_address>0x4c04</load_address>
         <run_address>0x4c04</run_address>
         <size>0x1c</size>
         <input_file_ref idref="fl-d7"/>
      </object_component>
      <object_component id="oc-2c4">
         <name>.text:memccpy</name>
         <load_address>0x4c20</load_address>
         <run_address>0x4c20</run_address>
         <size>0x1c</size>
         <input_file_ref idref="fl-e8"/>
      </object_component>
      <object_component id="oc-3d5">
         <name>.text:copysign</name>
         <load_address>0x4c3c</load_address>
         <run_address>0x4c3c</run_address>
         <size>0x1a</size>
         <input_file_ref idref="fl-f0"/>
      </object_component>
      <object_component id="oc-1f6">
         <name>.text:_outc</name>
         <load_address>0x4c56</load_address>
         <run_address>0x4c56</run_address>
         <size>0x18</size>
         <input_file_ref idref="fl-ca"/>
      </object_component>
      <object_component id="oc-26a">
         <name>.text:_outc</name>
         <load_address>0x4c6e</load_address>
         <run_address>0x4c6e</run_address>
         <size>0x18</size>
         <input_file_ref idref="fl-cb"/>
      </object_component>
      <object_component id="oc-219">
         <name>.text:oi_parseInt</name>
         <load_address>0x4c86</load_address>
         <run_address>0x4c86</run_address>
         <size>0x18</size>
         <input_file_ref idref="fl-8"/>
      </object_component>
      <object_component id="oc-17b">
         <name>.text:strcmp</name>
         <load_address>0x4c9e</load_address>
         <run_address>0x4c9e</run_address>
         <size>0x18</size>
         <input_file_ref idref="fl-d8"/>
      </object_component>
      <object_component id="oc-37e">
         <name>.text:strchr</name>
         <load_address>0x4cb6</load_address>
         <run_address>0x4cb6</run_address>
         <size>0x16</size>
         <input_file_ref idref="fl-e9"/>
      </object_component>
      <object_component id="oc-181">
         <name>.text:strcpy</name>
         <load_address>0x4ccc</load_address>
         <run_address>0x4ccc</run_address>
         <size>0x14</size>
         <input_file_ref idref="fl-d9"/>
      </object_component>
      <object_component id="oc-29a">
         <name>.text:strlen</name>
         <load_address>0x4ce0</load_address>
         <run_address>0x4ce0</run_address>
         <size>0x14</size>
         <input_file_ref idref="fl-ea"/>
      </object_component>
      <object_component id="oc-2ca">
         <name>.text:wcslen</name>
         <load_address>0x4cf4</load_address>
         <run_address>0x4cf4</run_address>
         <size>0x12</size>
         <input_file_ref idref="fl-ec"/>
      </object_component>
      <object_component id="oc-191">
         <name>.text:IntMasterEnable</name>
         <load_address>0x4d06</load_address>
         <run_address>0x4d06</run_address>
         <size>0x10</size>
         <input_file_ref idref="fl-f1"/>
      </object_component>
      <object_component id="oc-16e">
         <name>.text:lcd_clear</name>
         <load_address>0x4d16</load_address>
         <run_address>0x4d16</run_address>
         <size>0x10</size>
         <input_file_ref idref="fl-5"/>
      </object_component>
      <object_component id="oc-1b">
         <name>.text:decompress:none:__TI_decompress_none</name>
         <load_address>0x4d26</load_address>
         <run_address>0x4d26</run_address>
         <size>0xe</size>
         <input_file_ref idref="fl-d5"/>
      </object_component>
      <object_component id="oc-27d">
         <name>.text:CPUcpsie</name>
         <load_address>0x4d34</load_address>
         <run_address>0x4d34</run_address>
         <size>0xc</size>
         <input_file_ref idref="fl-f2"/>
      </object_component>
      <object_component id="oc-2a">
         <name>.text</name>
         <load_address>0x4d40</load_address>
         <run_address>0x4d40</run_address>
         <size>0xc</size>
         <input_file_ref idref="fl-9"/>
      </object_component>
      <object_component id="oc-2d0">
         <name>.text:__aeabi_errno_addr</name>
         <load_address>0x4d4c</load_address>
         <run_address>0x4d4c</run_address>
         <size>0x8</size>
         <input_file_ref idref="fl-eb"/>
      </object_component>
      <object_component id="oc-2e6">
         <name>.text:malloc</name>
         <load_address>0x4d54</load_address>
         <run_address>0x4d54</run_address>
         <size>0x8</size>
         <input_file_ref idref="fl-d7"/>
      </object_component>
      <object_component id="oc-9c">
         <name>.text:_system_pre_init</name>
         <load_address>0x4d5c</load_address>
         <run_address>0x4d5c</run_address>
         <size>0x4</size>
         <input_file_ref idref="fl-e0"/>
      </object_component>
      <object_component id="oc-123">
         <name>.text:abort:abort</name>
         <load_address>0x4d60</load_address>
         <run_address>0x4d60</run_address>
         <size>0x4</size>
         <input_file_ref idref="fl-e2"/>
      </object_component>
      <object_component id="oc-341">
         <name>.const:.string:_ctypes_</name>
         <load_address>0x4d64</load_address>
         <run_address>0x4d64</run_address>
         <size>0x101</size>
         <input_file_ref idref="fl-e7"/>
      </object_component>
      <object_component id="oc-22d">
         <name>.const:.string:$P$T0$3</name>
         <load_address>0x4e65</load_address>
         <run_address>0x4e65</run_address>
         <size>0xf</size>
         <input_file_ref idref="fl-8"/>
      </object_component>
      <object_component id="oc-187">
         <name>.const:.string:lineAddress$1</name>
         <load_address>0x4e74</load_address>
         <run_address>0x4e74</run_address>
         <size>0x4</size>
         <input_file_ref idref="fl-5"/>
      </object_component>
      <object_component id="oc-188">
         <name>.const:.string:lineAddresses$2</name>
         <load_address>0x4e78</load_address>
         <run_address>0x4e78</run_address>
         <size>0x4</size>
         <input_file_ref idref="fl-5"/>
      </object_component>
      <object_component id="oc-438">
         <name>.cinit..data.load</name>
         <load_address>0x4e80</load_address>
         <run_address>0x4e80</run_address>
         <size>0x81</size>
      </object_component>
      <object_component id="oc-435">
         <name>__TI_handler_table</name>
         <load_address>0x4f04</load_address>
         <run_address>0x4f04</run_address>
         <size>0xc</size>
      </object_component>
      <object_component id="oc-439">
         <name>.cinit..bss.load</name>
         <load_address>0x4f10</load_address>
         <run_address>0x4f10</run_address>
         <size>0x8</size>
      </object_component>
      <object_component id="oc-437">
         <name>.cinit..vtable.load</name>
         <load_address>0x4f18</load_address>
         <run_address>0x4f18</run_address>
         <size>0x8</size>
      </object_component>
      <object_component id="oc-436">
         <name>__TI_cinit_table</name>
         <load_address>0x4f20</load_address>
         <run_address>0x4f20</run_address>
         <size>0x18</size>
      </object_component>
      <object_component id="oc-258">
         <name>.vtable</name>
         <uninitialized>true</uninitialized>
         <run_address>0x20000000</run_address>
         <size>0x26c</size>
         <input_file_ref idref="fl-f1"/>
      </object_component>
      <object_component id="oc-169">
         <name>.data</name>
         <load_address>0x20001022</load_address>
         <run_address>0x20001022</run_address>
         <size>0x1</size>
         <input_file_ref idref="fl-2"/>
      </object_component>
      <object_component id="oc-10e">
         <name>.data</name>
         <load_address>0x2000101c</load_address>
         <run_address>0x2000101c</run_address>
         <size>0x6</size>
         <input_file_ref idref="fl-6"/>
      </object_component>
      <object_component id="oc-10a">
         <name>.data:distances</name>
         <load_address>0x20000f74</load_address>
         <run_address>0x20000f74</run_address>
         <size>0x3c</size>
         <input_file_ref idref="fl-6"/>
      </object_component>
      <object_component id="oc-101">
         <name>.data:ir_values</name>
         <load_address>0x20000fb0</load_address>
         <run_address>0x20000fb0</run_address>
         <size>0x3c</size>
         <input_file_ref idref="fl-6"/>
      </object_component>
      <object_component id="oc-220">
         <name>.data</name>
         <load_address>0x20000fec</load_address>
         <run_address>0x20000fec</run_address>
         <size>0x20</size>
         <input_file_ref idref="fl-8"/>
      </object_component>
      <object_component id="oc-1b0">
         <name>.data</name>
         <load_address>0x20001024</load_address>
         <run_address>0x20001024</run_address>
         <size>0x4</size>
         <input_file_ref idref="fl-11"/>
      </object_component>
      <object_component id="oc-3a6">
         <name>.data:$O1$$</name>
         <load_address>0x20001014</load_address>
         <run_address>0x20001014</run_address>
         <size>0x8</size>
         <input_file_ref idref="fl-d7"/>
      </object_component>
      <object_component id="oc-23c">
         <name>.data:$O1$$</name>
         <load_address>0x2000100c</load_address>
         <run_address>0x2000100c</run_address>
         <size>0x8</size>
         <input_file_ref idref="fl-e3"/>
      </object_component>
      <object_component id="oc-38e">
         <name>.data</name>
         <load_address>0x20001028</load_address>
         <run_address>0x20001028</run_address>
         <size>0x4</size>
         <input_file_ref idref="fl-eb"/>
      </object_component>
      <object_component id="oc-189">
         <name>.bss:lastbuffer$3</name>
         <uninitialized>true</uninitialized>
         <run_address>0x20000ee8</run_address>
         <size>0x54</size>
         <input_file_ref idref="fl-5"/>
      </object_component>
      <object_component id="oc-235">
         <name>.bss:firmware$2</name>
         <uninitialized>true</uninitialized>
         <run_address>0x20000f3c</run_address>
         <size>0x18</size>
         <input_file_ref idref="fl-8"/>
      </object_component>
      <object_component id="oc-16c">
         <name>.common:_timeout_ticks</name>
         <uninitialized>true</uninitialized>
         <run_address>0x20000f54</run_address>
         <size>0x4</size>
      </object_component>
      <object_component id="oc-fb">
         <name>.common:right_calibration_value</name>
         <uninitialized>true</uninitialized>
         <run_address>0x20000f68</run_address>
         <size>0x4</size>
      </object_component>
      <object_component id="oc-100">
         <name>.common:left_calibration_value</name>
         <uninitialized>true</uninitialized>
         <run_address>0x20000f60</run_address>
         <size>0x4</size>
      </object_component>
      <object_component id="oc-10d">
         <name>.common:detected_objects</name>
         <uninitialized>true</uninitialized>
         <run_address>0x20000e70</run_address>
         <size>0x78</size>
      </object_component>
      <object_component id="oc-11c">
         <name>.common:uart_data</name>
         <uninitialized>true</uninitialized>
         <run_address>0x20000f71</run_address>
         <size>0x1</size>
      </object_component>
      <object_component id="oc-28e">
         <name>.common:isr_int_value</name>
         <uninitialized>true</uninitialized>
         <run_address>0x20000f5c</run_address>
         <size>0x4</size>
      </object_component>
      <object_component id="oc-28a">
         <name>.common:risingEdge</name>
         <uninitialized>true</uninitialized>
         <run_address>0x20000f6c</run_address>
         <size>0x4</size>
      </object_component>
      <object_component id="oc-28b">
         <name>.common:fallingEdge</name>
         <uninitialized>true</uninitialized>
         <run_address>0x20000f58</run_address>
         <size>0x4</size>
      </object_component>
      <object_component id="oc-28c">
         <name>.common:pulseLength</name>
         <uninitialized>true</uninitialized>
         <run_address>0x20000f64</run_address>
         <size>0x4</size>
      </object_component>
      <object_component id="oc-287">
         <name>.common:isRisingEdge</name>
         <uninitialized>true</uninitialized>
         <run_address>0x20000f70</run_address>
         <size>0x1</size>
      </object_component>
      <object_component id="oc-24">
         <name>.sysmem</name>
         <uninitialized>true</uninitialized>
         <run_address>0x20000a70</run_address>
         <size>0x10</size>
         <input_file_ref idref="fl-d7"/>
      </object_component>
      <object_component id="oc-43c">
         <name>.sysmem</name>
         <uninitialized>true</uninitialized>
         <run_address>0x20000a70</run_address>
         <size>0x0</size>
      </object_component>
      <object_component id="oc-27">
         <name>.stack</name>
         <uninitialized>true</uninitialized>
         <run_address>0x20000270</run_address>
         <size>0x4</size>
         <input_file_ref idref="fl-da"/>
      </object_component>
      <object_component id="oc-43b">
         <name>.stack</name>
         <uninitialized>true</uninitialized>
         <run_address>0x20000270</run_address>
         <size>0x0</size>
      </object_component>
      <object_component id="oc-c5">
         <name>.debug_info</name>
         <load_address>0x0</load_address>
         <run_address>0x0</run_address>
         <size>0x2b4</size>
         <input_file_ref idref="fl-2"/>
      </object_component>
      <object_component id="oc-16a">
         <name>.debug_info</name>
         <load_address>0x2b4</load_address>
         <run_address>0x2b4</run_address>
         <size>0xc2</size>
         <input_file_ref idref="fl-2"/>
      </object_component>
      <object_component id="oc-db">
         <name>.debug_info</name>
         <load_address>0x376</load_address>
         <run_address>0x376</run_address>
         <size>0x50a</size>
         <input_file_ref idref="fl-2"/>
      </object_component>
      <object_component id="oc-77">
         <name>.debug_info</name>
         <load_address>0x880</load_address>
         <run_address>0x880</run_address>
         <size>0x26b</size>
         <input_file_ref idref="fl-2"/>
      </object_component>
      <object_component id="oc-39">
         <name>.debug_info</name>
         <load_address>0xaeb</load_address>
         <run_address>0xaeb</run_address>
         <size>0x84</size>
         <input_file_ref idref="fl-2"/>
      </object_component>
      <object_component id="oc-c0">
         <name>.debug_info</name>
         <load_address>0xb6f</load_address>
         <run_address>0xb6f</run_address>
         <size>0x2a4</size>
         <input_file_ref idref="fl-2"/>
      </object_component>
      <object_component id="oc-7c">
         <name>.debug_info</name>
         <load_address>0xe13</load_address>
         <run_address>0xe13</run_address>
         <size>0xbb</size>
         <input_file_ref idref="fl-2"/>
      </object_component>
      <object_component id="oc-f3">
         <name>.debug_info</name>
         <load_address>0xece</load_address>
         <run_address>0xece</run_address>
         <size>0x143</size>
         <input_file_ref idref="fl-3"/>
      </object_component>
      <object_component id="oc-18b">
         <name>.debug_info</name>
         <load_address>0x1011</load_address>
         <run_address>0x1011</run_address>
         <size>0x382</size>
         <input_file_ref idref="fl-5"/>
      </object_component>
      <object_component id="oc-16f">
         <name>.debug_info</name>
         <load_address>0x1393</load_address>
         <run_address>0x1393</run_address>
         <size>0x117</size>
         <input_file_ref idref="fl-5"/>
      </object_component>
      <object_component id="oc-de">
         <name>.debug_info</name>
         <load_address>0x14aa</load_address>
         <run_address>0x14aa</run_address>
         <size>0x8a3</size>
         <input_file_ref idref="fl-5"/>
      </object_component>
      <object_component id="oc-1e3">
         <name>.debug_info</name>
         <load_address>0x1d4d</load_address>
         <run_address>0x1d4d</run_address>
         <size>0xcc</size>
         <input_file_ref idref="fl-5"/>
      </object_component>
      <object_component id="oc-18c">
         <name>.debug_info</name>
         <load_address>0x1e19</load_address>
         <run_address>0x1e19</run_address>
         <size>0x2c</size>
         <input_file_ref idref="fl-5"/>
      </object_component>
      <object_component id="oc-1d2">
         <name>.debug_info</name>
         <load_address>0x1e45</load_address>
         <run_address>0x1e45</run_address>
         <size>0x35</size>
         <input_file_ref idref="fl-5"/>
      </object_component>
      <object_component id="oc-fe">
         <name>.debug_info</name>
         <load_address>0x1e7a</load_address>
         <run_address>0x1e7a</run_address>
         <size>0x714</size>
         <input_file_ref idref="fl-6"/>
      </object_component>
      <object_component id="oc-10f">
         <name>.debug_info</name>
         <load_address>0x258e</load_address>
         <run_address>0x258e</run_address>
         <size>0x10b</size>
         <input_file_ref idref="fl-6"/>
      </object_component>
      <object_component id="oc-10b">
         <name>.debug_info</name>
         <load_address>0x2699</load_address>
         <run_address>0x2699</run_address>
         <size>0xc3</size>
         <input_file_ref idref="fl-6"/>
      </object_component>
      <object_component id="oc-102">
         <name>.debug_info</name>
         <load_address>0x275c</load_address>
         <run_address>0x275c</run_address>
         <size>0xc3</size>
         <input_file_ref idref="fl-6"/>
      </object_component>
      <object_component id="oc-a3">
         <name>.debug_info</name>
         <load_address>0x281f</load_address>
         <run_address>0x281f</run_address>
         <size>0xd3d</size>
         <input_file_ref idref="fl-6"/>
      </object_component>
      <object_component id="oc-1de">
         <name>.debug_info</name>
         <load_address>0x355c</load_address>
         <run_address>0x355c</run_address>
         <size>0xad</size>
         <input_file_ref idref="fl-6"/>
      </object_component>
      <object_component id="oc-11e">
         <name>.debug_info</name>
         <load_address>0x3609</load_address>
         <run_address>0x3609</run_address>
         <size>0x9d</size>
         <input_file_ref idref="fl-6"/>
      </object_component>
      <object_component id="oc-1d9">
         <name>.debug_info</name>
         <load_address>0x36a6</load_address>
         <run_address>0x36a6</run_address>
         <size>0x5aa</size>
         <input_file_ref idref="fl-6"/>
      </object_component>
      <object_component id="oc-1cf">
         <name>.debug_info</name>
         <load_address>0x3c50</load_address>
         <run_address>0x3c50</run_address>
         <size>0x34a</size>
         <input_file_ref idref="fl-7"/>
      </object_component>
      <object_component id="oc-f6">
         <name>.debug_info</name>
         <load_address>0x3f9a</load_address>
         <run_address>0x3f9a</run_address>
         <size>0x972</size>
         <input_file_ref idref="fl-7"/>
      </object_component>
      <object_component id="oc-237">
         <name>.debug_info</name>
         <load_address>0x490c</load_address>
         <run_address>0x490c</run_address>
         <size>0x3ff</size>
         <input_file_ref idref="fl-8"/>
      </object_component>
      <object_component id="oc-221">
         <name>.debug_info</name>
         <load_address>0x4d0b</load_address>
         <run_address>0x4d0b</run_address>
         <size>0x114</size>
         <input_file_ref idref="fl-8"/>
      </object_component>
      <object_component id="oc-22e">
         <name>.debug_info</name>
         <load_address>0x4e1f</load_address>
         <run_address>0x4e1f</run_address>
         <size>0xc9</size>
         <input_file_ref idref="fl-8"/>
      </object_component>
      <object_component id="oc-21b">
         <name>.debug_info</name>
         <load_address>0x4ee8</load_address>
         <run_address>0x4ee8</run_address>
         <size>0x141</size>
         <input_file_ref idref="fl-8"/>
      </object_component>
      <object_component id="oc-118">
         <name>.debug_info</name>
         <load_address>0x5029</load_address>
         <run_address>0x5029</run_address>
         <size>0x198b</size>
         <input_file_ref idref="fl-8"/>
      </object_component>
      <object_component id="oc-198">
         <name>.debug_info</name>
         <load_address>0x69b4</load_address>
         <run_address>0x69b4</run_address>
         <size>0x8b</size>
         <input_file_ref idref="fl-8"/>
      </object_component>
      <object_component id="oc-32">
         <name>.debug_info</name>
         <load_address>0x6a3f</load_address>
         <run_address>0x6a3f</run_address>
         <size>0x29e</size>
         <input_file_ref idref="fl-9"/>
      </object_component>
      <object_component id="oc-13">
         <name>.debug_info</name>
         <load_address>0x6cdd</load_address>
         <run_address>0x6cdd</run_address>
         <size>0xdd</size>
         <input_file_ref idref="fl-9"/>
      </object_component>
      <object_component id="oc-2c">
         <name>.debug_info</name>
         <load_address>0x6dba</load_address>
         <run_address>0x6dba</run_address>
         <size>0x259</size>
         <input_file_ref idref="fl-9"/>
      </object_component>
      <object_component id="oc-19d">
         <name>.debug_info</name>
         <load_address>0x7013</load_address>
         <run_address>0x7013</run_address>
         <size>0x2ed</size>
         <input_file_ref idref="fl-a"/>
      </object_component>
      <object_component id="oc-e7">
         <name>.debug_info</name>
         <load_address>0x7300</load_address>
         <run_address>0x7300</run_address>
         <size>0x355</size>
         <input_file_ref idref="fl-a"/>
      </object_component>
      <object_component id="oc-fc">
         <name>.debug_info</name>
         <load_address>0x7655</load_address>
         <run_address>0x7655</run_address>
         <size>0x485</size>
         <input_file_ref idref="fl-11"/>
      </object_component>
      <object_component id="oc-1b1">
         <name>.debug_info</name>
         <load_address>0x7ada</load_address>
         <run_address>0x7ada</run_address>
         <size>0x114</size>
         <input_file_ref idref="fl-11"/>
      </object_component>
      <object_component id="oc-ea">
         <name>.debug_info</name>
         <load_address>0x7bee</load_address>
         <run_address>0x7bee</run_address>
         <size>0x4ce</size>
         <input_file_ref idref="fl-11"/>
      </object_component>
      <object_component id="oc-1b4">
         <name>.debug_info</name>
         <load_address>0x80bc</load_address>
         <run_address>0x80bc</run_address>
         <size>0x9d</size>
         <input_file_ref idref="fl-11"/>
      </object_component>
      <object_component id="oc-28f">
         <name>.debug_info</name>
         <load_address>0x8159</load_address>
         <run_address>0x8159</run_address>
         <size>0x2b7</size>
         <input_file_ref idref="fl-12"/>
      </object_component>
      <object_component id="oc-1ab">
         <name>.debug_info</name>
         <load_address>0x8410</load_address>
         <run_address>0x8410</run_address>
         <size>0x266</size>
         <input_file_ref idref="fl-12"/>
      </object_component>
      <object_component id="oc-288">
         <name>.debug_info</name>
         <load_address>0x8676</load_address>
         <run_address>0x8676</run_address>
         <size>0x3ba</size>
         <input_file_ref idref="fl-13"/>
      </object_component>
      <object_component id="oc-1a6">
         <name>.debug_info</name>
         <load_address>0x8a30</load_address>
         <run_address>0x8a30</run_address>
         <size>0x270</size>
         <input_file_ref idref="fl-13"/>
      </object_component>
      <object_component id="oc-19f">
         <name>.debug_info</name>
         <load_address>0x8ca0</load_address>
         <run_address>0x8ca0</run_address>
         <size>0x296</size>
         <input_file_ref idref="fl-14"/>
      </object_component>
      <object_component id="oc-1fd">
         <name>.debug_info</name>
         <load_address>0x8f36</load_address>
         <run_address>0x8f36</run_address>
         <size>0x33a</size>
         <input_file_ref idref="fl-ca"/>
      </object_component>
      <object_component id="oc-108">
         <name>.debug_info</name>
         <load_address>0x9270</load_address>
         <run_address>0x9270</run_address>
         <size>0x1ee</size>
         <input_file_ref idref="fl-ca"/>
      </object_component>
      <object_component id="oc-1f2">
         <name>.debug_info</name>
         <load_address>0x945e</load_address>
         <run_address>0x945e</run_address>
         <size>0x1c3</size>
         <input_file_ref idref="fl-ca"/>
      </object_component>
      <object_component id="oc-1fa">
         <name>.debug_info</name>
         <load_address>0x9621</load_address>
         <run_address>0x9621</run_address>
         <size>0x176</size>
         <input_file_ref idref="fl-ca"/>
      </object_component>
      <object_component id="oc-1fe">
         <name>.debug_info</name>
         <load_address>0x9797</load_address>
         <run_address>0x9797</run_address>
         <size>0x2c</size>
         <input_file_ref idref="fl-ca"/>
      </object_component>
      <object_component id="oc-203">
         <name>.debug_info</name>
         <load_address>0x97c3</load_address>
         <run_address>0x97c3</run_address>
         <size>0x69</size>
         <input_file_ref idref="fl-ca"/>
      </object_component>
      <object_component id="oc-271">
         <name>.debug_info</name>
         <load_address>0x982c</load_address>
         <run_address>0x982c</run_address>
         <size>0x340</size>
         <input_file_ref idref="fl-cb"/>
      </object_component>
      <object_component id="oc-178">
         <name>.debug_info</name>
         <load_address>0x9b6c</load_address>
         <run_address>0x9b6c</run_address>
         <size>0x208</size>
         <input_file_ref idref="fl-cb"/>
      </object_component>
      <object_component id="oc-268">
         <name>.debug_info</name>
         <load_address>0x9d74</load_address>
         <run_address>0x9d74</run_address>
         <size>0x1c6</size>
         <input_file_ref idref="fl-cb"/>
      </object_component>
      <object_component id="oc-26d">
         <name>.debug_info</name>
         <load_address>0x9f3a</load_address>
         <run_address>0x9f3a</run_address>
         <size>0x179</size>
         <input_file_ref idref="fl-cb"/>
      </object_component>
      <object_component id="oc-272">
         <name>.debug_info</name>
         <load_address>0xa0b3</load_address>
         <run_address>0xa0b3</run_address>
         <size>0x69</size>
         <input_file_ref idref="fl-cb"/>
      </object_component>
      <object_component id="oc-1bb">
         <name>.debug_info</name>
         <load_address>0xa11c</load_address>
         <run_address>0xa11c</run_address>
         <size>0x14c</size>
         <input_file_ref idref="fl-cc"/>
      </object_component>
      <object_component id="oc-1c5">
         <name>.debug_info</name>
         <load_address>0xa268</load_address>
         <run_address>0xa268</run_address>
         <size>0x128</size>
         <input_file_ref idref="fl-cd"/>
      </object_component>
      <object_component id="oc-1ca">
         <name>.debug_info</name>
         <load_address>0xa390</load_address>
         <run_address>0xa390</run_address>
         <size>0x12a</size>
         <input_file_ref idref="fl-cd"/>
      </object_component>
      <object_component id="oc-229">
         <name>.debug_info</name>
         <load_address>0xa4ba</load_address>
         <run_address>0xa4ba</run_address>
         <size>0x13a</size>
         <input_file_ref idref="fl-ce"/>
      </object_component>
      <object_component id="oc-225">
         <name>.debug_info</name>
         <load_address>0xa5f4</load_address>
         <run_address>0xa5f4</run_address>
         <size>0x13a</size>
         <input_file_ref idref="fl-cf"/>
      </object_component>
      <object_component id="oc-232">
         <name>.debug_info</name>
         <load_address>0xa72e</load_address>
         <run_address>0xa72e</run_address>
         <size>0x13e</size>
         <input_file_ref idref="fl-d0"/>
      </object_component>
      <object_component id="oc-112">
         <name>.debug_info</name>
         <load_address>0xa86c</load_address>
         <run_address>0xa86c</run_address>
         <size>0x12c</size>
         <input_file_ref idref="fl-d1"/>
      </object_component>
      <object_component id="oc-1c2">
         <name>.debug_info</name>
         <load_address>0xa998</load_address>
         <run_address>0xa998</run_address>
         <size>0x12c</size>
         <input_file_ref idref="fl-d2"/>
      </object_component>
      <object_component id="oc-41">
         <name>.debug_info</name>
         <load_address>0xaac4</load_address>
         <run_address>0xaac4</run_address>
         <size>0x119</size>
         <input_file_ref idref="fl-d3"/>
      </object_component>
      <object_component id="oc-95">
         <name>.debug_info</name>
         <load_address>0xabdd</load_address>
         <run_address>0xabdd</run_address>
         <size>0x2d4</size>
         <input_file_ref idref="fl-d4"/>
      </object_component>
      <object_component id="oc-4e">
         <name>.debug_info</name>
         <load_address>0xaeb1</load_address>
         <run_address>0xaeb1</run_address>
         <size>0x1d2</size>
         <input_file_ref idref="fl-d4"/>
      </object_component>
      <object_component id="oc-90">
         <name>.debug_info</name>
         <load_address>0xb083</load_address>
         <run_address>0xb083</run_address>
         <size>0x46</size>
         <input_file_ref idref="fl-d4"/>
      </object_component>
      <object_component id="oc-ce">
         <name>.debug_info</name>
         <load_address>0xb0c9</load_address>
         <run_address>0xb0c9</run_address>
         <size>0x2c</size>
         <input_file_ref idref="fl-d4"/>
      </object_component>
      <object_component id="oc-49">
         <name>.debug_info</name>
         <load_address>0xb0f5</load_address>
         <run_address>0xb0f5</run_address>
         <size>0x2a8</size>
         <input_file_ref idref="fl-d5"/>
      </object_component>
      <object_component id="oc-1d">
         <name>.debug_info</name>
         <load_address>0xb39d</load_address>
         <run_address>0xb39d</run_address>
         <size>0x1ea</size>
         <input_file_ref idref="fl-d5"/>
      </object_component>
      <object_component id="oc-44">
         <name>.debug_info</name>
         <load_address>0xb587</load_address>
         <run_address>0xb587</run_address>
         <size>0x46</size>
         <input_file_ref idref="fl-d5"/>
      </object_component>
      <object_component id="oc-88">
         <name>.debug_info</name>
         <load_address>0xb5cd</load_address>
         <run_address>0xb5cd</run_address>
         <size>0x2c</size>
         <input_file_ref idref="fl-d5"/>
      </object_component>
      <object_component id="oc-86">
         <name>.debug_info</name>
         <load_address>0xb5f9</load_address>
         <run_address>0xb5f9</run_address>
         <size>0x29e</size>
         <input_file_ref idref="fl-d6"/>
      </object_component>
      <object_component id="oc-18">
         <name>.debug_info</name>
         <load_address>0xb897</load_address>
         <run_address>0xb897</run_address>
         <size>0x250</size>
         <input_file_ref idref="fl-d6"/>
      </object_component>
      <object_component id="oc-34">
         <name>.debug_info</name>
         <load_address>0xbae7</load_address>
         <run_address>0xbae7</run_address>
         <size>0x60</size>
         <input_file_ref idref="fl-d6"/>
      </object_component>
      <object_component id="oc-c7">
         <name>.debug_info</name>
         <load_address>0xbb47</load_address>
         <run_address>0xbb47</run_address>
         <size>0x46</size>
         <input_file_ref idref="fl-d6"/>
      </object_component>
      <object_component id="oc-81">
         <name>.debug_info</name>
         <load_address>0xbb8d</load_address>
         <run_address>0xbb8d</run_address>
         <size>0x39</size>
         <input_file_ref idref="fl-d6"/>
      </object_component>
      <object_component id="oc-70">
         <name>.debug_info</name>
         <load_address>0xbbc6</load_address>
         <run_address>0xbbc6</run_address>
         <size>0x3b2</size>
         <input_file_ref idref="fl-d7"/>
      </object_component>
      <object_component id="oc-25">
         <name>.debug_info</name>
         <load_address>0xbf78</load_address>
         <run_address>0xbf78</run_address>
         <size>0x10c</size>
         <input_file_ref idref="fl-d7"/>
      </object_component>
      <object_component id="oc-3a7">
         <name>.debug_info</name>
         <load_address>0xc084</load_address>
         <run_address>0xc084</run_address>
         <size>0x13f</size>
         <input_file_ref idref="fl-d7"/>
      </object_component>
      <object_component id="oc-2ea">
         <name>.debug_info</name>
         <load_address>0xc1c3</load_address>
         <run_address>0xc1c3</run_address>
         <size>0x168</size>
         <input_file_ref idref="fl-d7"/>
      </object_component>
      <object_component id="oc-2f1">
         <name>.debug_info</name>
         <load_address>0xc32b</load_address>
         <run_address>0xc32b</run_address>
         <size>0x18e</size>
         <input_file_ref idref="fl-d7"/>
      </object_component>
      <object_component id="oc-2f7">
         <name>.debug_info</name>
         <load_address>0xc4b9</load_address>
         <run_address>0xc4b9</run_address>
         <size>0x19f</size>
         <input_file_ref idref="fl-d7"/>
      </object_component>
      <object_component id="oc-217">
         <name>.debug_info</name>
         <load_address>0xc658</load_address>
         <run_address>0xc658</run_address>
         <size>0x203</size>
         <input_file_ref idref="fl-d7"/>
      </object_component>
      <object_component id="oc-3f5">
         <name>.debug_info</name>
         <load_address>0xc85b</load_address>
         <run_address>0xc85b</run_address>
         <size>0x1db</size>
         <input_file_ref idref="fl-d7"/>
      </object_component>
      <object_component id="oc-211">
         <name>.debug_info</name>
         <load_address>0xca36</load_address>
         <run_address>0xca36</run_address>
         <size>0x1a5</size>
         <input_file_ref idref="fl-d7"/>
      </object_component>
      <object_component id="oc-3a3">
         <name>.debug_info</name>
         <load_address>0xcbdb</load_address>
         <run_address>0xcbdb</run_address>
         <size>0x299</size>
         <input_file_ref idref="fl-d7"/>
      </object_component>
      <object_component id="oc-bb">
         <name>.debug_info</name>
         <load_address>0xce74</load_address>
         <run_address>0xce74</run_address>
         <size>0xb2</size>
         <input_file_ref idref="fl-d7"/>
      </object_component>
      <object_component id="oc-b6">
         <name>.debug_info</name>
         <load_address>0xcf26</load_address>
         <run_address>0xcf26</run_address>
         <size>0x2c</size>
         <input_file_ref idref="fl-d7"/>
      </object_component>
      <object_component id="oc-278">
         <name>.debug_info</name>
         <load_address>0xcf52</load_address>
         <run_address>0xcf52</run_address>
         <size>0x28a</size>
         <input_file_ref idref="fl-d8"/>
      </object_component>
      <object_component id="oc-17f">
         <name>.debug_info</name>
         <load_address>0xd1dc</load_address>
         <run_address>0xd1dc</run_address>
         <size>0x273</size>
         <input_file_ref idref="fl-d8"/>
      </object_component>
      <object_component id="oc-27a">
         <name>.debug_info</name>
         <load_address>0xd44f</load_address>
         <run_address>0xd44f</run_address>
         <size>0x2a4</size>
         <input_file_ref idref="fl-d9"/>
      </object_component>
      <object_component id="oc-182">
         <name>.debug_info</name>
         <load_address>0xd6f3</load_address>
         <run_address>0xd6f3</run_address>
         <size>0x24d</size>
         <input_file_ref idref="fl-d9"/>
      </object_component>
      <object_component id="oc-28">
         <name>.debug_info</name>
         <load_address>0xd940</load_address>
         <run_address>0xd940</run_address>
         <size>0x10b</size>
         <input_file_ref idref="fl-da"/>
      </object_component>
      <object_component id="oc-5e">
         <name>.debug_info</name>
         <load_address>0xda4b</load_address>
         <run_address>0xda4b</run_address>
         <size>0x1a9</size>
         <input_file_ref idref="fl-da"/>
      </object_component>
      <object_component id="oc-2d7">
         <name>.debug_info</name>
         <load_address>0xdbf4</load_address>
         <run_address>0xdbf4</run_address>
         <size>0x590</size>
         <input_file_ref idref="fl-db"/>
      </object_component>
      <object_component id="oc-2a7">
         <name>.debug_info</name>
         <load_address>0xe184</load_address>
         <run_address>0xe184</run_address>
         <size>0x21e</size>
         <input_file_ref idref="fl-db"/>
      </object_component>
      <object_component id="oc-358">
         <name>.debug_info</name>
         <load_address>0xe3a2</load_address>
         <run_address>0xe3a2</run_address>
         <size>0x1b3</size>
         <input_file_ref idref="fl-db"/>
      </object_component>
      <object_component id="oc-35e">
         <name>.debug_info</name>
         <load_address>0xe555</load_address>
         <run_address>0xe555</run_address>
         <size>0x21b</size>
         <input_file_ref idref="fl-db"/>
      </object_component>
      <object_component id="oc-2ad">
         <name>.debug_info</name>
         <load_address>0xe770</load_address>
         <run_address>0xe770</run_address>
         <size>0x3c0</size>
         <input_file_ref idref="fl-db"/>
      </object_component>
      <object_component id="oc-365">
         <name>.debug_info</name>
         <load_address>0xeb30</load_address>
         <run_address>0xeb30</run_address>
         <size>0x30a</size>
         <input_file_ref idref="fl-db"/>
      </object_component>
      <object_component id="oc-36b">
         <name>.debug_info</name>
         <load_address>0xee3a</load_address>
         <run_address>0xee3a</run_address>
         <size>0x215</size>
         <input_file_ref idref="fl-db"/>
      </object_component>
      <object_component id="oc-2b4">
         <name>.debug_info</name>
         <load_address>0xf04f</load_address>
         <run_address>0xf04f</run_address>
         <size>0x215</size>
         <input_file_ref idref="fl-db"/>
      </object_component>
      <object_component id="oc-2ba">
         <name>.debug_info</name>
         <load_address>0xf264</load_address>
         <run_address>0xf264</run_address>
         <size>0x304</size>
         <input_file_ref idref="fl-db"/>
      </object_component>
      <object_component id="oc-2c0">
         <name>.debug_info</name>
         <load_address>0xf568</load_address>
         <run_address>0xf568</run_address>
         <size>0x4b5</size>
         <input_file_ref idref="fl-db"/>
      </object_component>
      <object_component id="oc-1ec">
         <name>.debug_info</name>
         <load_address>0xfa1d</load_address>
         <run_address>0xfa1d</run_address>
         <size>0x5f4</size>
         <input_file_ref idref="fl-db"/>
      </object_component>
      <object_component id="oc-2d8">
         <name>.debug_info</name>
         <load_address>0x10011</load_address>
         <run_address>0x10011</run_address>
         <size>0x86</size>
         <input_file_ref idref="fl-db"/>
      </object_component>
      <object_component id="oc-395">
         <name>.debug_info</name>
         <load_address>0x10097</load_address>
         <run_address>0x10097</run_address>
         <size>0x39</size>
         <input_file_ref idref="fl-db"/>
      </object_component>
      <object_component id="oc-3ec">
         <name>.debug_info</name>
         <load_address>0x100d0</load_address>
         <run_address>0x100d0</run_address>
         <size>0xb6</size>
         <input_file_ref idref="fl-db"/>
      </object_component>
      <object_component id="oc-39a">
         <name>.debug_info</name>
         <load_address>0x10186</load_address>
         <run_address>0x10186</run_address>
         <size>0x46</size>
         <input_file_ref idref="fl-db"/>
      </object_component>
      <object_component id="oc-2dd">
         <name>.debug_info</name>
         <load_address>0x101cc</load_address>
         <run_address>0x101cc</run_address>
         <size>0x46</size>
         <input_file_ref idref="fl-db"/>
      </object_component>
      <object_component id="oc-34d">
         <name>.debug_info</name>
         <load_address>0x10212</load_address>
         <run_address>0x10212</run_address>
         <size>0x12e</size>
         <input_file_ref idref="fl-dc"/>
      </object_component>
      <object_component id="oc-98">
         <name>.debug_info</name>
         <load_address>0x10340</load_address>
         <run_address>0x10340</run_address>
         <size>0x147</size>
         <input_file_ref idref="fl-dd"/>
      </object_component>
      <object_component id="oc-347">
         <name>.debug_info</name>
         <load_address>0x10487</load_address>
         <run_address>0x10487</run_address>
         <size>0x134</size>
         <input_file_ref idref="fl-de"/>
      </object_component>
      <object_component id="oc-243">
         <name>.debug_info</name>
         <load_address>0x105bb</load_address>
         <run_address>0x105bb</run_address>
         <size>0x4b3</size>
         <input_file_ref idref="fl-df"/>
      </object_component>
      <object_component id="oc-133">
         <name>.debug_info</name>
         <load_address>0x10a6e</load_address>
         <run_address>0x10a6e</run_address>
         <size>0x1a6</size>
         <input_file_ref idref="fl-df"/>
      </object_component>
      <object_component id="oc-313">
         <name>.debug_info</name>
         <load_address>0x10c14</load_address>
         <run_address>0x10c14</run_address>
         <size>0x39</size>
         <input_file_ref idref="fl-df"/>
      </object_component>
      <object_component id="oc-3ae">
         <name>.debug_info</name>
         <load_address>0x10c4d</load_address>
         <run_address>0x10c4d</run_address>
         <size>0x39</size>
         <input_file_ref idref="fl-df"/>
      </object_component>
      <object_component id="oc-318">
         <name>.debug_info</name>
         <load_address>0x10c86</load_address>
         <run_address>0x10c86</run_address>
         <size>0x39</size>
         <input_file_ref idref="fl-df"/>
      </object_component>
      <object_component id="oc-31d">
         <name>.debug_info</name>
         <load_address>0x10cbf</load_address>
         <run_address>0x10cbf</run_address>
         <size>0xcd</size>
         <input_file_ref idref="fl-df"/>
      </object_component>
      <object_component id="oc-9d">
         <name>.debug_info</name>
         <load_address>0x10d8c</load_address>
         <run_address>0x10d8c</run_address>
         <size>0x153</size>
         <input_file_ref idref="fl-e0"/>
      </object_component>
      <object_component id="oc-124">
         <name>.debug_info</name>
         <load_address>0x10edf</load_address>
         <run_address>0x10edf</run_address>
         <size>0x122</size>
         <input_file_ref idref="fl-e2"/>
      </object_component>
      <object_component id="oc-30d">
         <name>.debug_info</name>
         <load_address>0x11001</load_address>
         <run_address>0x11001</run_address>
         <size>0x2c9</size>
         <input_file_ref idref="fl-e3"/>
      </object_component>
      <object_component id="oc-23d">
         <name>.debug_info</name>
         <load_address>0x112ca</load_address>
         <run_address>0x112ca</run_address>
         <size>0x11e</size>
         <input_file_ref idref="fl-e3"/>
      </object_component>
      <object_component id="oc-308">
         <name>.debug_info</name>
         <load_address>0x113e8</load_address>
         <run_address>0x113e8</run_address>
         <size>0x12e</size>
         <input_file_ref idref="fl-e3"/>
      </object_component>
      <object_component id="oc-3c9">
         <name>.debug_info</name>
         <load_address>0x11516</load_address>
         <run_address>0x11516</run_address>
         <size>0x29c</size>
         <input_file_ref idref="fl-e4"/>
      </object_component>
      <object_component id="oc-354">
         <name>.debug_info</name>
         <load_address>0x117b2</load_address>
         <run_address>0x117b2</run_address>
         <size>0x1da</size>
         <input_file_ref idref="fl-e4"/>
      </object_component>
      <object_component id="oc-345">
         <name>.debug_info</name>
         <load_address>0x1198c</load_address>
         <run_address>0x1198c</run_address>
         <size>0x2b9</size>
         <input_file_ref idref="fl-e6"/>
      </object_component>
      <object_component id="oc-2a4">
         <name>.debug_info</name>
         <load_address>0x11c45</load_address>
         <run_address>0x11c45</run_address>
         <size>0x17c</size>
         <input_file_ref idref="fl-e6"/>
      </object_component>
      <object_component id="oc-3be">
         <name>.debug_info</name>
         <load_address>0x11dc1</load_address>
         <run_address>0x11dc1</run_address>
         <size>0xf9</size>
         <input_file_ref idref="fl-e7"/>
      </object_component>
      <object_component id="oc-342">
         <name>.debug_info</name>
         <load_address>0x11eba</load_address>
         <run_address>0x11eba</run_address>
         <size>0x105</size>
         <input_file_ref idref="fl-e7"/>
      </object_component>
      <object_component id="oc-386">
         <name>.debug_info</name>
         <load_address>0x11fbf</load_address>
         <run_address>0x11fbf</run_address>
         <size>0x2a7</size>
         <input_file_ref idref="fl-e8"/>
      </object_component>
      <object_component id="oc-2c5">
         <name>.debug_info</name>
         <load_address>0x12266</load_address>
         <run_address>0x12266</run_address>
         <size>0x1b8</size>
         <input_file_ref idref="fl-e8"/>
      </object_component>
      <object_component id="oc-3de">
         <name>.debug_info</name>
         <load_address>0x1241e</load_address>
         <run_address>0x1241e</run_address>
         <size>0x29a</size>
         <input_file_ref idref="fl-e9"/>
      </object_component>
      <object_component id="oc-380">
         <name>.debug_info</name>
         <load_address>0x126b8</load_address>
         <run_address>0x126b8</run_address>
         <size>0x262</size>
         <input_file_ref idref="fl-e9"/>
      </object_component>
      <object_component id="oc-340">
         <name>.debug_info</name>
         <load_address>0x1291a</load_address>
         <run_address>0x1291a</run_address>
         <size>0x28f</size>
         <input_file_ref idref="fl-ea"/>
      </object_component>
      <object_component id="oc-29b">
         <name>.debug_info</name>
         <load_address>0x12ba9</load_address>
         <run_address>0x12ba9</run_address>
         <size>0x245</size>
         <input_file_ref idref="fl-ea"/>
      </object_component>
      <object_component id="oc-392">
         <name>.debug_info</name>
         <load_address>0x12dee</load_address>
         <run_address>0x12dee</run_address>
         <size>0x289</size>
         <input_file_ref idref="fl-eb"/>
      </object_component>
      <object_component id="oc-38f">
         <name>.debug_info</name>
         <load_address>0x13077</load_address>
         <run_address>0x13077</run_address>
         <size>0x10e</size>
         <input_file_ref idref="fl-eb"/>
      </object_component>
      <object_component id="oc-2d1">
         <name>.debug_info</name>
         <load_address>0x13185</load_address>
         <run_address>0x13185</run_address>
         <size>0x14e</size>
         <input_file_ref idref="fl-eb"/>
      </object_component>
      <object_component id="oc-38d">
         <name>.debug_info</name>
         <load_address>0x132d3</load_address>
         <run_address>0x132d3</run_address>
         <size>0x28f</size>
         <input_file_ref idref="fl-ec"/>
      </object_component>
      <object_component id="oc-2cd">
         <name>.debug_info</name>
         <load_address>0x13562</load_address>
         <run_address>0x13562</run_address>
         <size>0x15a</size>
         <input_file_ref idref="fl-ec"/>
      </object_component>
      <object_component id="oc-3e1">
         <name>.debug_info</name>
         <load_address>0x136bc</load_address>
         <run_address>0x136bc</run_address>
         <size>0x46</size>
         <input_file_ref idref="fl-ec"/>
      </object_component>
      <object_component id="oc-388">
         <name>.debug_info</name>
         <load_address>0x13702</load_address>
         <run_address>0x13702</run_address>
         <size>0x39</size>
         <input_file_ref idref="fl-ec"/>
      </object_component>
      <object_component id="oc-3cf">
         <name>.debug_info</name>
         <load_address>0x1373b</load_address>
         <run_address>0x1373b</run_address>
         <size>0x295</size>
         <input_file_ref idref="fl-ed"/>
      </object_component>
      <object_component id="oc-375">
         <name>.debug_info</name>
         <load_address>0x139d0</load_address>
         <run_address>0x139d0</run_address>
         <size>0x195</size>
         <input_file_ref idref="fl-ed"/>
      </object_component>
      <object_component id="oc-401">
         <name>.debug_info</name>
         <load_address>0x13b65</load_address>
         <run_address>0x13b65</run_address>
         <size>0x39</size>
         <input_file_ref idref="fl-ed"/>
      </object_component>
      <object_component id="oc-3d0">
         <name>.debug_info</name>
[...]
         <object_component_ref idref="oc-116"/>
      </symbol>
      <symbol id="sm-2a7">
         <name>oi_uartReceive</name>
         <value>0xa31</value>
         <object_component_ref idref="oc-116"/>
      </symbol>
      <symbol id="sm-2a8">
         <name>oi_setWheels</name>
         <value>0x88f</value>
         <object_component_ref idref="oc-116"/>
      </symbol>
      <symbol id="sm-2a9">
         <name>oi_shutoff_init</name>
         <value>0xb51</value>
         <object_component_ref idref="oc-116"/>
      </symbol>
      <symbol id="sm-2aa">
         <name>motor_cal_factor_L</name>
         <value>0x20000fec</value>
         <object_component_ref idref="oc-220"/>
      </symbol>
      <symbol id="sm-2ab">
         <name>motor_cal_factor_R</name>
         <value>0x20000ff0</value>
         <object_component_ref idref="oc-220"/>
      </symbol>
      <symbol id="sm-2ac">
         <name>oi_parseInt</name>
         <value>0x4c87</value>
         <object_component_ref idref="oc-219"/>
      </symbol>
      <symbol id="sm-2ad">
         <name>oi_setMotorCalibration</name>
         <value>0xdb1</value>
         <object_component_ref idref="oc-116"/>
      </symbol>
      <symbol id="sm-2ae">
         <name>oi_uartSendStr</name>
         <value>0xa59</value>
         <object_component_ref idref="oc-116"/>
      </symbol>
      <symbol id="sm-2af">
         <name>oi_close</name>
         <value>0x2c7</value>
         <object_component_ref idref="oc-116"/>
      </symbol>
      <symbol id="sm-2b0">
         <name>oi_uartSendBuff</name>
         <value>0xa77</value>
         <object_component_ref idref="oc-116"/>
      </symbol>
      <symbol id="sm-2b1">
         <name>oi_checkFirmware</name>
         <value>0xaa9</value>
         <object_component_ref idref="oc-116"/>
      </symbol>
      <symbol id="sm-2b2">
         <name>oi_init_noupdate</name>
         <value>0x289</value>
         <object_component_ref idref="oc-116"/>
      </symbol>
      <symbol id="sm-2b3">
         <name>oi_uartSendChar</name>
         <value>0xa15</value>
         <object_component_ref idref="oc-116"/>
      </symbol>
      <symbol id="sm-2b4">
         <name>oi_alloc</name>
         <value>0x26d</value>
         <object_component_ref idref="oc-116"/>
      </symbol>
      <symbol id="sm-2b5">
         <name>oi_getMotorCalibrationLeft</name>
         <value>0xded</value>
         <object_component_ref idref="oc-116"/>
      </symbol>
      <symbol id="sm-2b6">
         <name>oi_loadSong</name>
         <value>0x915</value>
         <object_component_ref idref="oc-116"/>
      </symbol>
      <symbol id="sm-2b7">
         <name>oi_play_song</name>
         <value>0x96b</value>
         <object_component_ref idref="oc-116"/>
      </symbol>
      <symbol id="sm-2b8">
         <name>oi_parsePacket</name>
         <value>0x32b</value>
         <object_component_ref idref="oc-116"/>
      </symbol>
      <symbol id="sm-2b9">
         <name>oi_setLeds</name>
         <value>0x84b</value>
         <object_component_ref idref="oc-116"/>
      </symbol>
      <symbol id="sm-2ba">
         <name>oi_init</name>
         <value>0x2b1</value>
         <object_component_ref idref="oc-116"/>
      </symbol>
      <symbol id="sm-2bb">
         <name>oi_update</name>
         <value>0x2d9</value>
         <object_component_ref idref="oc-116"/>
      </symbol>
      <symbol id="sm-2bc">
         <name>oi_uartInit</name>
         <value>0x98d</value>
         <object_component_ref idref="oc-116"/>
      </symbol>
      <symbol id="sm-2d8">
         <name>ResetISR</name>
         <value>0x4d41</value>
         <object_component_ref idref="oc-2a"/>
      </symbol>
      <symbol id="sm-2d9">
         <name>g_pfnVectors</name>
         <value>0x0</value>
         <object_component_ref idref="oc-12"/>
      </symbol>
      <symbol id="sm-306">
         <name>uart_interrupt_handler</name>
         <value>0x369b</value>
         <object_component_ref idref="oc-e3"/>
      </symbol>
      <symbol id="sm-307">
         <name>uart_sendChar</name>
         <value>0x3629</value>
         <object_component_ref idref="oc-e3"/>
      </symbol>
      <symbol id="sm-308">
         <name>uart_interrupt_init</name>
         <value>0x3677</value>
         <object_component_ref idref="oc-e3"/>
      </symbol>
      <symbol id="sm-309">
         <name>uart_init</name>
         <value>0x3589</value>
         <object_component_ref idref="oc-e3"/>
      </symbol>
      <symbol id="sm-30a">
         <name>uart_receive</name>
         <value>0x3645</value>
         <object_component_ref idref="oc-e3"/>
      </symbol>
      <symbol id="sm-30b">
         <name>uart_sendStr</name>
         <value>0x3659</value>
         <object_component_ref idref="oc-e3"/>
      </symbol>
      <symbol id="sm-347">
         <name>cyBOT_SERVO_cal</name>
         <value>0x2c45</value>
         <object_component_ref idref="oc-e9"/>
      </symbol>
      <symbol id="sm-348">
         <name>cyBOT_Scan</name>
         <value>0x2bd3</value>
         <object_component_ref idref="oc-e9"/>
      </symbol>
      <symbol id="sm-349">
         <name>cyBOT_scan_features</name>
         <value>0x20001024</value>
         <object_component_ref idref="oc-1b0"/>
      </symbol>
      <symbol id="sm-34a">
         <name>cyBOT_scan_version</name>
         <value>0x2b6d</value>
         <object_component_ref idref="oc-e9"/>
      </symbol>
      <symbol id="sm-34b">
         <name>cyBOT_init_Scan</name>
         <value>0x2b7b</value>
         <object_component_ref idref="oc-e9"/>
      </symbol>
      <symbol id="sm-372">
         <name>isr_int_value</name>
         <value>0x20000f5c</value>
      </symbol>
      <symbol id="sm-373">
         <name>ir_enableInterrupt</name>
         <value>0x3ddb</value>
         <object_component_ref idref="oc-1aa"/>
      </symbol>
      <symbol id="sm-374">
         <name>ir_getDistance</name>
         <value>0x3dbd</value>
         <object_component_ref idref="oc-1aa"/>
      </symbol>
      <symbol id="sm-375">
         <name>ir_init</name>
         <value>0x3d2d</value>
         <object_component_ref idref="oc-1aa"/>
      </symbol>
      <symbol id="sm-376">
         <name>ADC0SS0_Handler</name>
         <value>0x3dc5</value>
         <object_component_ref idref="oc-1aa"/>
      </symbol>
      <symbol id="sm-377">
         <name>ir_getValue</name>
         <value>0x3d95</value>
         <object_component_ref idref="oc-1aa"/>
      </symbol>
      <symbol id="sm-3a6">
         <name>risingEdge</name>
         <value>0x20000f6c</value>
      </symbol>
      <symbol id="sm-3a7">
         <name>fallingEdge</name>
         <value>0x20000f58</value>
      </symbol>
      <symbol id="sm-3a8">
         <name>pulseLength</name>
         <value>0x20000f64</value>
      </symbol>
      <symbol id="sm-3a9">
         <name>isRisingEdge</name>
         <value>0x20000f70</value>
      </symbol>
      <symbol id="sm-3aa">
         <name>TIMER3B_Handler</name>
         <value>0x3105</value>
         <object_component_ref idref="oc-1a4"/>
      </symbol>
      <symbol id="sm-3ab">
         <name>ping_init</name>
         <value>0x3015</value>
         <object_component_ref idref="oc-1a4"/>
      </symbol>
      <symbol id="sm-3ac">
         <name>ping_getDistance</name>
         <value>0x3157</value>
         <object_component_ref idref="oc-1a4"/>
      </symbol>
      <symbol id="sm-3ad">
         <name>ping_trigger</name>
         <value>0x309b</value>
         <object_component_ref idref="oc-1a4"/>
      </symbol>
      <symbol id="sm-3cf">
         <name>servo_move</name>
         <value>0x37a5</value>
         <object_component_ref idref="oc-19e"/>
      </symbol>
      <symbol id="sm-3d0">
         <name>servo_init</name>
         <value>0x3715</value>
         <object_component_ref idref="oc-19e"/>
      </symbol>
      <symbol id="sm-3d1">
         <name>servo_stop</name>
         <value>0x3799</value>
         <object_component_ref idref="oc-19e"/>
      </symbol>
      <symbol id="sm-3d2">
         <name>servo_setPWM</name>
         <value>0x3805</value>
         <object_component_ref idref="oc-19e"/>
      </symbol>
      <symbol id="sm-401">
         <name>snprintf</name>
         <value>0x4901</value>
         <object_component_ref idref="oc-104"/>
      </symbol>
      <symbol id="sm-42b">
         <name>vsnprintf</name>
         <value>0x49d9</value>
         <object_component_ref idref="oc-175"/>
      </symbol>
      <symbol id="sm-442">
         <name>__aeabi_dsub</name>
         <value>0x33d1</value>
         <object_component_ref idref="oc-1ba"/>
      </symbol>
      <symbol id="sm-443">
         <name>__aeabi_dadd</name>
         <value>0x33db</value>
         <object_component_ref idref="oc-1ba"/>
      </symbol>
      <symbol id="sm-465">
         <name>__aeabi_cdcmpeq</name>
         <value>0x4419</value>
         <object_component_ref idref="oc-1c4"/>
      </symbol>
      <symbol id="sm-466">
         <name>__aeabi_cdcmple</name>
         <value>0x4419</value>
         <object_component_ref idref="oc-1c4"/>
      </symbol>
      <symbol id="sm-467">
         <name>__aeabi_cdrcmple</name>
         <value>0x449f</value>
         <object_component_ref idref="oc-1c9"/>
      </symbol>
      <symbol id="sm-47b">
         <name>__aeabi_ddiv</name>
         <value>0x39a9</value>
         <object_component_ref idref="oc-228"/>
      </symbol>
      <symbol id="sm-486">
         <name>__aeabi_dmul</name>
         <value>0x4055</value>
         <object_component_ref idref="oc-223"/>
      </symbol>
      <symbol id="sm-492">
         <name>__aeabi_d2f</name>
         <value>0x467f</value>
         <object_component_ref idref="oc-230"/>
      </symbol>
      <symbol id="sm-49d">
         <name>__aeabi_f2d</name>
         <value>0x4a91</value>
         <object_component_ref idref="oc-111"/>
      </symbol>
      <symbol id="sm-4a7">
         <name>__aeabi_i2d</name>
         <value>0x4b91</value>
         <object_component_ref idref="oc-1bf"/>
      </symbol>
      <symbol id="sm-4c2">
         <name>memcpy</name>
         <value>0x42e7</value>
         <object_component_ref idref="oc-3e"/>
      </symbol>
      <symbol id="sm-4c3">
         <name>__aeabi_memcpy</name>
         <value>0x42e7</value>
         <object_component_ref idref="oc-3e"/>
      </symbol>
      <symbol id="sm-4c4">
         <name>__aeabi_memcpy8</name>
         <value>0x42e7</value>
         <object_component_ref idref="oc-3e"/>
      </symbol>
      <symbol id="sm-4c5">
         <name>__aeabi_memcpy4</name>
         <value>0x42e7</value>
         <object_component_ref idref="oc-3e"/>
      </symbol>
      <symbol id="sm-4de">
         <name>__TI_zero_init_nomemset</name>
         <value>0x4be9</value>
         <object_component_ref idref="oc-4a"/>
      </symbol>
      <symbol id="sm-4f5">
         <name>__TI_decompress_none</name>
         <value>0x4d27</value>
         <object_component_ref idref="oc-1b"/>
      </symbol>
      <symbol id="sm-518">
         <name>__TI_decompress_lzss</name>
         <value>0x46ed</value>
         <object_component_ref idref="oc-15"/>
      </symbol>
      <symbol id="sm-5ad">
         <name>_sys_memory</name>
         <value>0x20000a70</value>
         <object_component_ref idref="oc-24"/>
      </symbol>
      <symbol id="sm-5ae">
         <name>free</name>
         <value>0x4151</value>
         <object_component_ref idref="oc-213"/>
      </symbol>
      <symbol id="sm-5af">
         <name>memalign</name>
         <value>0x3f55</value>
         <object_component_ref idref="oc-39f"/>
      </symbol>
      <symbol id="sm-5b0">
         <name>calloc</name>
         <value>0x4a59</value>
         <object_component_ref idref="oc-20d"/>
      </symbol>
      <symbol id="sm-5b1">
         <name>malloc</name>
         <value>0x4d55</value>
         <object_component_ref idref="oc-2e6"/>
      </symbol>
      <symbol id="sm-5b2">
         <name>aligned_alloc</name>
         <value>0x3f55</value>
         <object_component_ref idref="oc-39f"/>
      </symbol>
      <symbol id="sm-5c1">
         <name>strcmp</name>
         <value>0x4c9f</value>
         <object_component_ref idref="oc-17b"/>
      </symbol>
      <symbol id="sm-5cf">
         <name>strcpy</name>
         <value>0x4ccd</value>
         <object_component_ref idref="oc-181"/>
      </symbol>
      <symbol id="sm-5e2">
         <name>__stack</name>
         <value>0x20000270</value>
         <object_component_ref idref="oc-27"/>
      </symbol>
      <symbol id="sm-5e3">
         <name>_c_int00_noargs</name>
         <value>0x4afd</value>
         <object_component_ref idref="oc-5c"/>
      </symbol>
      <symbol id="sm-748">
         <name>__TI_printfi</name>
         <value>0xe8d</value>
         <object_component_ref idref="oc-1ea"/>
      </symbol>
      <symbol id="sm-752">
         <name>__aeabi_d2iz</name>
         <value>0x494d</value>
         <object_component_ref idref="oc-34c"/>
      </symbol>
      <symbol id="sm-761">
         <name>__aeabi_memset</name>
         <value>0x4527</value>
         <object_component_ref idref="oc-96"/>
      </symbol>
      <symbol id="sm-762">
         <name>memset</name>
         <value>0x452d</value>
         <object_component_ref idref="oc-96"/>
      </symbol>
      <symbol id="sm-763">
         <name>__aeabi_memset8</name>
         <value>0x4527</value>
         <object_component_ref idref="oc-96"/>
      </symbol>
      <symbol id="sm-764">
         <name>__aeabi_memset4</name>
         <value>0x4527</value>
         <object_component_ref idref="oc-96"/>
      </symbol>
      <symbol id="sm-765">
         <name>__aeabi_memclr8</name>
         <value>0x4525</value>
         <object_component_ref idref="oc-96"/>
      </symbol>
      <symbol id="sm-766">
         <name>__aeabi_memclr4</name>
         <value>0x4525</value>
         <object_component_ref idref="oc-96"/>
      </symbol>
      <symbol id="sm-767">
         <name>__aeabi_memclr</name>
         <value>0x4525</value>
         <object_component_ref idref="oc-96"/>
      </symbol>
      <symbol id="sm-774">
         <name>__aeabi_uldivmod</name>
         <value>0x4383</value>
         <object_component_ref idref="oc-346"/>
      </symbol>
      <symbol id="sm-79c">
         <name>__TI_auto_init_nobinit_nopinit</name>
         <value>0x4995</value>
         <object_component_ref idref="oc-12f"/>
      </symbol>
      <symbol id="sm-7a6">
         <name>_system_pre_init</name>
         <value>0x4d5d</value>
         <object_component_ref idref="oc-9c"/>
      </symbol>
      <symbol id="sm-7b2">
         <name>C$$EXIT</name>
         <value>0x4d61</value>
         <object_component_ref idref="oc-123"/>
      </symbol>
      <symbol id="sm-7b3">
         <name>abort</name>
         <value>0x4d61</value>
         <object_component_ref idref="oc-123"/>
      </symbol>
      <symbol id="sm-7c8">
         <name>_nop</name>
         <value>0x18db</value>
         <object_component_ref idref="oc-305"/>
      </symbol>
      <symbol id="sm-7c9">
         <name>_lock</name>
         <value>0x2000100c</value>
         <object_component_ref idref="oc-23c"/>
      </symbol>
      <symbol id="sm-7ca">
         <name>_unlock</name>
         <value>0x20001010</value>
         <object_component_ref idref="oc-23c"/>
      </symbol>
      <symbol id="sm-7d9">
         <name>__TI_ltoa</name>
         <value>0x480f</value>
         <object_component_ref idref="oc-351"/>
      </symbol>
      <symbol id="sm-7f0">
         <name>atoi</name>
         <value>0x48b5</value>
         <object_component_ref idref="oc-2a0"/>
      </symbol>
      <symbol id="sm-7fb">
         <name>_ctypes_</name>
         <value>0x4d64</value>
         <object_component_ref idref="oc-341"/>
      </symbol>
      <symbol id="sm-80b">
         <name>memccpy</name>
         <value>0x4c21</value>
         <object_component_ref idref="oc-2c4"/>
      </symbol>
      <symbol id="sm-81b">
         <name>strchr</name>
         <value>0x4cb7</value>
         <object_component_ref idref="oc-37e"/>
      </symbol>
      <symbol id="sm-829">
         <name>strlen</name>
         <value>0x4ce1</value>
         <object_component_ref idref="oc-29a"/>
      </symbol>
      <symbol id="sm-83f">
         <name>__aeabi_errno_addr</name>
         <value>0x4d4d</value>
         <object_component_ref idref="oc-2d0"/>
      </symbol>
      <symbol id="sm-840">
         <name>errno</name>
         <value>0x20001028</value>
         <object_component_ref idref="oc-38e"/>
      </symbol>
      <symbol id="sm-859">
         <name>wcslen</name>
         <value>0x4cf5</value>
         <object_component_ref idref="oc-2ca"/>
      </symbol>
      <symbol id="sm-879">
         <name>frexpl</name>
         <value>0x4755</value>
         <object_component_ref idref="oc-372"/>
      </symbol>
      <symbol id="sm-87a">
         <name>frexp</name>
         <value>0x4755</value>
         <object_component_ref idref="oc-372"/>
      </symbol>
      <symbol id="sm-897">
         <name>scalbn</name>
         <value>0x3e45</value>
         <object_component_ref idref="oc-378"/>
      </symbol>
      <symbol id="sm-898">
         <name>scalbnl</name>
         <value>0x3e45</value>
         <object_component_ref idref="oc-378"/>
      </symbol>
      <symbol id="sm-899">
         <name>ldexpl</name>
         <value>0x3e45</value>
         <object_component_ref idref="oc-378"/>
      </symbol>
      <symbol id="sm-89a">
         <name>ldexp</name>
         <value>0x3e45</value>
         <object_component_ref idref="oc-378"/>
      </symbol>
      <symbol id="sm-8a4">
         <name>__aeabi_idiv0</name>
         <value>0x3587</value>
         <object_component_ref idref="oc-3c1"/>
      </symbol>
      <symbol id="sm-8a5">
         <name>__aeabi_ldiv0</name>
         <value>0x3587</value>
         <object_component_ref idref="oc-3c1"/>
      </symbol>
      <symbol id="sm-8af">
         <name>copysign</name>
         <value>0x4c3d</value>
         <object_component_ref idref="oc-3d5"/>
      </symbol>
      <symbol id="sm-8b0">
         <name>copysignl</name>
         <value>0x4c3d</value>
         <object_component_ref idref="oc-3d5"/>
      </symbol>
      <symbol id="sm-8df">
         <name>IntRegister</name>
         <value>0x4ac9</value>
         <object_component_ref idref="oc-163"/>
      </symbol>
      <symbol id="sm-8e0">
         <name>g_pfnRAMVectors</name>
         <value>0x20000000</value>
         <object_component_ref idref="oc-258"/>
      </symbol>
      <symbol id="sm-8e1">
         <name>IntMasterEnable</name>
         <value>0x4d07</value>
         <object_component_ref idref="oc-191"/>
      </symbol>
      <symbol id="sm-8eb">
         <name>CPUcpsie</name>
         <value>0x4d35</value>
         <object_component_ref idref="oc-27d"/>
      </symbol>
      <symbol id="sm-8ec">
         <name>__TI_static_base__</name>
         <value>0x0</value>
      </symbol>
      <symbol id="sm-8ef">
         <name>__mpu_init</name>
         <value>0x0</value>
      </symbol>
      <symbol id="sm-8f0">
         <name>_system_post_cinit</name>
         <value>0x0</value>
      </symbol>
   </symbol_table>
   <title>Link successful</title>
</link_info>
