******************************************************************************
                  TI ARM Linker PC v20.2.7                     
******************************************************************************
>> Linked Mon Oct 28 16:36:02 2024

OUTPUT FILE NAME:   <lab8.out>
ENTRY POINT SYMBOL: "_c_int00_noargs"  address: 00004afd


MEMORY CONFIGURATION

         name            origin    length      used     unused   attr    fill
----------------------  --------  ---------  --------  --------  ----  --------
  FLASH                 00000000   00040000  00004f34  0003b0cc  R  X
  SRAM                  20000000   00008000  00001026  00006fda  RW X


SEGMENT ALLOCATION MAP

run origin  load origin   length   init length attrs members
----------  ----------- ---------- ----------- ----- -------
00000000    00000000    00004f38   00004f38    r-x
  00000000    00000000    0000026c   0000026c    r-- .intvecs
  0000026c    0000026c    00004af8   00004af8    r-x .text
  00004d64    00004d64    00000118   00000118    r-- .const
  00004e80    00004e80    000000b8   000000b8    r-- .cinit
20000000    20000000    0000102c   00000000    rw-
  20000000    20000000    0000026c   00000000    rw- .vtable
  20000270    20000270    00000800   00000000    rw- .stack
  20000a70    20000a70    00000400   00000000    rw- .sysmem
  20000e70    20000e70    00000102   00000000    rw- .bss
  20000f74    20000f74    000000b8   00000000    rw- .data


SECTION ALLOCATION MAP

 output                                  attributes/
section   page    origin      length       input sections
--------  ----  ----------  ----------   ----------------
.intvecs   0    00000000    0000026c     
                  00000000    0000026c     tm4c123gh6pm_startup_ccs.obj (.intvecs)

.text      0    0000026c    00004af8     
                  0000026c    00000c20     open_interface.obj (.text)
                  00000e8c    00000a4e     rtsv7M4_T_le_v4SPD16_eabi.lib : _printfi.c.obj (.text:__TI_printfi)
                  000018da    00000002                                   : _lock.c.obj (.text:_nop)
                  000018dc    0000092c     main.obj (.text)
                  00002208    000003cc     movement.obj (.text)
                  000025d4    00000328     lcd.obj (.text)
                  000028fc    00000270     rtsv7M4_T_le_v4SPD16_eabi.lib : _printfi.c.obj (.text:_pconv_a)
                  00002b6c    00000260     libcybotScan.lib : cyBot_Scan.obj (.text)
                  00002dcc    00000248     Timer.obj (.text)
                  00003014    000001ec     libcybotScan.lib : ping.obj (.text)
                  00003200    000001d0     rtsv7M4_T_le_v4SPD16_eabi.lib : _printfi.c.obj (.text:_pconv_g)
                  000033d0    000001b6                                   : fd_add_t2.asm.obj (.text)
                  00003586    00000002                                   : div0.asm.obj (.text)
                  00003588    0000018c     uart.obj (.text)
                  00003714    00000158     libcybotScan.lib : servo.obj (.text)
                  0000386c    0000013c     rtsv7M4_T_le_v4SPD16_eabi.lib : _printfi.c.obj (.text:_pconv_e)
                  000039a8    00000136                                   : fd_div_t2.asm.obj (.text)
                  00003ade    00000002     --HOLE-- [fill = 0]
                  00003ae0    00000128     adc.obj (.text)
                  00003c08    00000124     rtsv7M4_T_le_v4SPD16_eabi.lib : _printfi.c.obj (.text:fcvt)
                  00003d2c    00000118     libcybotScan.lib : ir.obj (.text)
                  00003e44    00000110     rtsv7M4_T_le_v4SPD16_eabi.lib : s_scalbn.c.obj (.text:scalbn)
                  00003f54    00000100                                   : memory.c.obj (.text:aligned_alloc)
                  00004054    000000fc                                   : fd_mul_t2.asm.obj (.text)
                  00004150    000000e4                                   : memory.c.obj (.text:free)
                  00004234    000000b1                                   : _printfi.c.obj (.text:_ltostr)
                  000042e5    00000001     --HOLE-- [fill = 0]
                  000042e6    0000009c                                   : memcpy_t2.asm.obj (.text)
                  00004382    00000096                                   : ull_div_t2.asm.obj (.text)
                  00004418    00000086                                   : fd_cmp_t2.asm.obj (.text:__aeabi_cdcmple)
                  0000449e    00000086                                   : fd_cmp_t2.asm.obj (.text:__aeabi_cdrcmple)
                  00004524    0000007a                                   : memset_t2.asm.obj (.text)
                  0000459e    00000002     --HOLE-- [fill = 0]
                  000045a0    00000070                                   : memory.c.obj (.text:split)
                  00004610    0000006e                                   : _printfi.c.obj (.text:_mcpy)
                  0000467e    0000006e                                   : fd_tos_t2.asm.obj (.text)
                  000046ec    00000068                                   : copy_decompress_lzss.c.obj (.text:decompress:lzss:__TI_decompress_lzss)
                  00004754    00000064                                   : s_frexp.c.obj (.text:frexp)
                  000047b8    00000056                                   : _printfi.c.obj (.text:_pconv_f)
                  0000480e    00000054                                   : _ltoa.c.obj (.text:__TI_ltoa)
                  00004862    00000052                                   : _printfi.c.obj (.text:_ecpy)
                  000048b4    0000004c                                   : atoi.c.obj (.text:atoi)
                  00004900    0000004c                                   : snprintf.c.obj (.text:snprintf)
                  0000494c    00000048                                   : fd_toi_t2.asm.obj (.text)
                  00004994    00000044                                   : autoinit.c.obj (.text:__TI_auto_init_nobinit_nopinit:__TI_auto_init_nobinit_nopinit)
                  000049d8    00000040                                   : vsnprintf.c.obj (.text:vsnprintf)
                  00004a18    0000003e                                   : _printfi.c.obj (.text:_fcpy)
                  00004a56    00000002     --HOLE-- [fill = 0]
                  00004a58    00000038                                   : memory.c.obj (.text:calloc)
                  00004a90    00000038                                   : fs_tod_t2.asm.obj (.text)
                  00004ac8    00000034     driverlib.lib : interrupt.obj (.text:IntRegister)
                  00004afc    00000034     rtsv7M4_T_le_v4SPD16_eabi.lib : boot_cortex_m.c.obj (.text:_c_int00_noargs:_c_int00_noargs)
                  00004b30    00000030                                   : snprintf.c.obj (.text:_outs)
                  00004b60    00000030                                   : vsnprintf.c.obj (.text:_outs)
                  00004b90    0000002e                                   : i_tofd_t2.asm.obj (.text)
                  00004bbe    00000002     --HOLE-- [fill = 0]
                  00004bc0    00000028                                   : memory.c.obj (.text:free_list_insert)
                  00004be8    0000001c                                   : copy_zero_init.c.obj (.text:decompress:ZI:__TI_zero_init_nomemset:__TI_zero_init_nomemset)
                  00004c04    0000001c                                   : memory.c.obj (.text:free_list_remove)
                  00004c20    0000001c                                   : memccpy.c.obj (.text:memccpy)
                  00004c3c    0000001a                                   : s_copysign.c.obj (.text:copysign)
                  00004c56    00000018                                   : snprintf.c.obj (.text:_outc)
                  00004c6e    00000018                                   : vsnprintf.c.obj (.text:_outc)
                  00004c86    00000018     open_interface.obj (.text:oi_parseInt)
                  00004c9e    00000018     rtsv7M4_T_le_v4SPD16_eabi.lib : strcmp.c.obj (.text:strcmp)
                  00004cb6    00000016                                   : strchr.c.obj (.text:strchr)
                  00004ccc    00000014                                   : strcpy.c.obj (.text:strcpy)
                  00004ce0    00000014                                   : strlen.c.obj (.text:strlen)
                  00004cf4    00000012                                   : wcslen.c.obj (.text:wcslen)
                  00004d06    00000010     driverlib.lib : interrupt.obj (.text:IntMasterEnable)
                  00004d16    00000010     lcd.obj (.text:lcd_clear)
                  00004d26    0000000e     rtsv7M4_T_le_v4SPD16_eabi.lib : copy_decompress_none.c.obj (.text:decompress:none:__TI_decompress_none)
                  00004d34    0000000c     driverlib.lib : cpu.obj (.text:CPUcpsie)
                  00004d40    0000000c     tm4c123gh6pm_startup_ccs.obj (.text)
                  00004d4c    00000008     rtsv7M4_T_le_v4SPD16_eabi.lib : errno.c.obj (.text:__aeabi_errno_addr)
                  00004d54    00000008                                   : memory.c.obj (.text:malloc)
                  00004d5c    00000004                                   : pre_init.c.obj (.text:_system_pre_init)
                  00004d60    00000004                                   : exit.c.obj (.text:abort:abort)

.const     0    00004d64    00000118     
                  00004d64    00000101     rtsv7M4_T_le_v4SPD16_eabi.lib : ctype.c.obj (.const:.string:_ctypes_)
                  00004e65    0000000f     open_interface.obj (.const:.string:$P$T0$3)
                  00004e74    00000004     lcd.obj (.const:.string:lineAddress$1)
                  00004e78    00000004     lcd.obj (.const:.string:lineAddresses$2)

.cinit     0    00004e80    000000b8     
                  00004e80    00000081     (.cinit..data.load) [load image, compression = lzss]
                  00004f01    00000003     --HOLE-- [fill = 0]
                  00004f04    0000000c     (__TI_handler_table)
                  00004f10    00000008     (.cinit..bss.load) [load image, compression = zero_init]
                  00004f18    00000008     (.cinit..vtable.load) [load image, compression = zero_init]
                  00004f20    00000018     (__TI_cinit_table)

.init_array 
*          0    00000000    00000000     UNINITIALIZED

.vtable    0    20000000    0000026c     UNINITIALIZED
                  20000000    0000026c     driverlib.lib : interrupt.obj (.vtable)

.stack     0    20000270    00000800     UNINITIALIZED
                  20000270    00000004     rtsv7M4_T_le_v4SPD16_eabi.lib : boot_cortex_m.c.obj (.stack)
                  20000274    000007fc     --HOLE--

.sysmem    0    20000a70    00000400     UNINITIALIZED
                  20000a70    00000010     rtsv7M4_T_le_v4SPD16_eabi.lib : memory.c.obj (.sysmem)
                  20000a80    000003f0     --HOLE--

.bss       0    20000e70    00000102     UNINITIALIZED
                  20000e70    00000078     (.common:detected_objects)
                  20000ee8    00000054     lcd.obj (.bss:lastbuffer$3)
                  20000f3c    00000018     open_interface.obj (.bss:firmware$2)
                  20000f54    00000004     (.common:_timeout_ticks)
                  20000f58    00000004     (.common:fallingEdge)
                  20000f5c    00000004     (.common:isr_int_value)
                  20000f60    00000004     (.common:left_calibration_value)
                  20000f64    00000004     (.common:pulseLength)
                  20000f68    00000004     (.common:right_calibration_value)
                  20000f6c    00000004     (.common:risingEdge)
                  20000f70    00000001     (.common:isRisingEdge)
                  20000f71    00000001     (.common:uart_data)

.data      0    20000f74    000000b8     UNINITIALIZED
                  20000f74    0000003c     main.obj (.data:distances)
                  20000fb0    0000003c     main.obj (.data:ir_values)
                  20000fec    00000020     open_interface.obj (.data)
                  2000100c    00000008     rtsv7M4_T_le_v4SPD16_eabi.lib : _lock.c.obj (.data:$O1$$)
                  20001014    00000008                                   : memory.c.obj (.data:$O1$$)
                  2000101c    00000006     main.obj (.data)
                  20001022    00000001     Timer.obj (.data)
                  20001023    00000001     --HOLE--
                  20001024    00000004     libcybotScan.lib : cyBot_Scan.obj (.data)
                  20001028    00000004     rtsv7M4_T_le_v4SPD16_eabi.lib : errno.c.obj (.data)

__llvm_prf_cnts 
*          0    20000000    00000000     UNINITIALIZED

MODULE SUMMARY

       Module                         code    ro data   rw data
       ------                         ----    -------   -------
    .\
       open_interface.obj             3128    15        56     
       main.obj                       2348    0         255    
       movement.obj                   972     0         0      
       lcd.obj                        824     8         84     
       tm4c123gh6pm_startup_ccs.obj   12      620       0      
       Timer.obj                      584     0         5      
       uart.obj                       396     0         0      
       adc.obj                        296     0         0      
    +--+------------------------------+-------+---------+---------+
       Total:                         8560    643       400    
                                                               
    ../libcybotScan.lib
       cyBot_Scan.obj                 608     0         4      
       ping.obj                       492     0         13     
       servo.obj                      344     0         0      
       ir.obj                         280     0         4      
    +--+------------------------------+-------+---------+---------+
       Total:                         1724    0         21     
                                                               
    C:/ti/TivaWare_C_Series-2.2.0.295/driverlib/ccs/Debug/driverlib.lib
       interrupt.obj                  68      0         620    
       cpu.obj                        12      0         0      
    +--+------------------------------+-------+---------+---------+
       Total:                         80      0         620    
                                                               
    C:\ti\ccs1271\ccs\tools\compiler\ti-cgt-arm_20.2.7.LTS\lib\rtsv7M4_T_le_v4SPD16_eabi.lib
       _printfi.c.obj                 4851    0         0      
       memory.c.obj                   728     0         8      
       fd_add_t2.asm.obj              438     0         0      
       fd_div_t2.asm.obj              310     0         0      
       s_scalbn.c.obj                 272     0         0      
       fd_cmp_t2.asm.obj              268     0         0      
       ctype.c.obj                    0       257       0      
       fd_mul_t2.asm.obj              252     0         0      
       memcpy_t2.asm.obj              156     0         0      
       ull_div_t2.asm.obj             150     0         0      
       snprintf.c.obj                 148     0         0      
       vsnprintf.c.obj                136     0         0      
       memset_t2.asm.obj              122     0         0      
       fd_tos_t2.asm.obj              110     0         0      
       copy_decompress_lzss.c.obj     104     0         0      
       s_frexp.c.obj                  100     0         0      
       _ltoa.c.obj                    84      0         0      
       atoi.c.obj                     76      0         0      
       fd_toi_t2.asm.obj              72      0         0      
       autoinit.c.obj                 68      0         0      
       fs_tod_t2.asm.obj              56      0         0      
       boot_cortex_m.c.obj            52      0         0      
       i_tofd_t2.asm.obj              46      0         0      
       copy_zero_init.c.obj           28      0         0      
       memccpy.c.obj                  28      0         0      
       s_copysign.c.obj               26      0         0      
       strcmp.c.obj                   24      0         0      
       strchr.c.obj                   22      0         0      
       strcpy.c.obj                   20      0         0      
       strlen.c.obj                   20      0         0      
       wcslen.c.obj                   18      0         0      
       copy_decompress_none.c.obj     14      0         0      
       errno.c.obj                    8       0         4      
       _lock.c.obj                    2       0         8      
       exit.c.obj                     4       0         0      
       pre_init.c.obj                 4       0         0      
       div0.asm.obj                   2       0         0      
    +--+------------------------------+-------+---------+---------+
       Total:                         8819    257       20     
                                                               
       Heap:                          0       0         1024   
       Stack:                         0       0         2048   
       Linker Generated:              0       181       0      
    +--+------------------------------+-------+---------+---------+
       Grand Total:                   19183   1081      4133   


LINKER GENERATED COPY TABLES

__TI_cinit_table @ 00004f20 records: 3, size/record: 8, table size: 24
	.data: load addr=00004e80, load size=00000081 bytes, run addr=20000f74, run size=000000b8 bytes, compression=lzss
	.bss: load addr=00004f10, load size=00000008 bytes, run addr=20000e70, run size=00000102 bytes, compression=zero_init
	.vtable: load addr=00004f18, load size=00000008 bytes, run addr=20000000, run size=0000026c bytes, compression=zero_init


LINKER GENERATED HANDLER TABLE

__TI_handler_table @ 00004f04 records: 3, size/record: 4, table size: 12
	index: 0, handler: __TI_zero_init
	index: 1, handler: __TI_decompress_lzss
	index: 2, handler: __TI_decompress_none


GLOBAL SYMBOLS: SORTED ALPHABETICALLY BY Name 

address   name                          
-------   ----                          
00003dc5  ADC0SS0_Handler               
00004d61  C$$EXIT                       
00004d35  CPUcpsie                      
00000bc3  GPIOF_Handler                 
00004d07  IntMasterEnable               
00004ac9  IntRegister                   
00004d41  ResetISR                      
00003105  TIMER3B_Handler               
20000a70  __STACK_END                   
00000800  __STACK_SIZE                  
20000470  __STACK_TOP                   
00000400  __SYSMEM_SIZE                 
00004f20  __TI_CINIT_Base               
00004f38  __TI_CINIT_Limit              
00004f04  __TI_Handler_Table_Base       
00004f10  __TI_Handler_Table_Limit      
00004995  __TI_auto_init_nobinit_nopinit
000046ed  __TI_decompress_lzss          
00004d27  __TI_decompress_none          
0000480f  __TI_ltoa                     
ffffffff  __TI_pprof_out_hndl           
00000e8d  __TI_printfi                  
ffffffff  __TI_prof_data_size           
ffffffff  __TI_prof_data_start          
00000000  __TI_static_base__            
00004be9  __TI_zero_init_nomemset       
00004419  __aeabi_cdcmpeq               
00004419  __aeabi_cdcmple               
0000449f  __aeabi_cdrcmple              
0000467f  __aeabi_d2f                   
0000494d  __aeabi_d2iz                  
000033db  __aeabi_dadd                  
000039a9  __aeabi_ddiv                  
00004055  __aeabi_dmul                  
000033d1  __aeabi_dsub                  
00004d4d  __aeabi_errno_addr            
00004a91  __aeabi_f2d                   
00004b91  __aeabi_i2d                   
00003587  __aeabi_idiv0                 
00003587  __aeabi_ldiv0                 
00004525  __aeabi_memclr                
00004525  __aeabi_memclr4               
00004525  __aeabi_memclr8               
000042e7  __aeabi_memcpy                
000042e7  __aeabi_memcpy4               
000042e7  __aeabi_memcpy8               
00004527  __aeabi_memset                
00004527  __aeabi_memset4               
00004527  __aeabi_memset8               
00004383  __aeabi_uldivmod              
ffffffff  __binit__                     
ffffffff  __c_args__                    
UNDEFED   __mpu_init                    
20000270  __stack                       
20000000  __start___llvm_prf_cnts       
20000000  __stop___llvm_prf_cnts        
00004afd  _c_int00_noargs               
00004d64  _ctypes_                      
2000100c  _lock                         
000018db  _nop                          
20001022  _running                      
20000a70  _sys_memory                   
UNDEFED   _system_post_cinit            
00004d5d  _system_pre_init              
20000f54  _timeout_ticks                
20001010  _unlock                       
00004d61  abort                         
0000190b  adc_distance                  
00003ae1  adc_init                      
00003b91  adc_read                      
00003f55  aligned_alloc                 
000048b5  atoi                          
ffffffff  binit                         
00004a59  calloc                        
000019fd  control_movement              
00004c3d  copysign                      
00004c3d  copysignl                     
20001021  current_mode                  
00002c45  cyBOT_SERVO_cal               
00002bd3  cyBOT_Scan                    
00002b7b  cyBOT_init_Scan               
20001024  cyBOT_scan_features           
00002b6d  cyBOT_scan_version            
20000e70  detected_objects              
00001b89  display_smallest_object       
20000f74  distances                     
20001028  errno                         
20000f58  fallingEdge                   
20001020  flag                          
00004151  free                          
00004755  frexp                         
00004755  frexpl                        
20000000  g_pfnRAMVectors               
00000000  g_pfnVectors                  
0000097f  go_charge                     
000023b9  handle_bump                   
00001e53  handle_bump_sensor            
00001eeb  handle_uart_data              
00003ddb  ir_enableInterrupt            
00003dbd  ir_getDistance                
00003d95  ir_getValue                   
00003d2d  ir_init                       
20000fb0  ir_values                     
20000f70  isRisingEdge                  
20000f5c  isr_int_value                 
00004d17  lcd_clear                     
000027a9  lcd_gotoLine                  
00002611  lcd_init                      
0000280f  lcd_printf                    
000026d1  lcd_putc                      
00002709  lcd_puts                      
000025d5  lcd_reverseNibble             
00002727  lcd_sendCommand               
00002765  lcd_sendNibble                
000027d1  lcd_setCursorPos              
00003e45  ldexp                         
00003e45  ldexpl                        
20000f60  left_calibration_value        
00001f9b  main                          
00004d55  malloc                        
00003f55  memalign                      
00004c21  memccpy                       
000042e7  memcpy                        
0000452d  memset                        
20000fec  motor_cal_factor_L            
20000ff0  motor_cal_factor_R            
00002271  move_backwards                
00002209  move_forward                  
0000241d  move_forward_with_bump        
00001cdb  navigate_to_smallest_object   
2000101c  object_count                  
0000026d  oi_alloc                      
00000aa9  oi_checkFirmware              
000002c7  oi_close                      
00000279  oi_free                       
00000ded  oi_getMotorCalibrationLeft    
00000e01  oi_getMotorCalibrationRight   
000002b1  oi_init                       
00000289  oi_init_noupdate              
00000915  oi_loadSong                   
00004c87  oi_parseInt                   
0000032b  oi_parsePacket                
0000096b  oi_play_song                  
0000084b  oi_setLeds                    
00000db1  oi_setMotorCalibration        
0000088f  oi_setWheels                  
00000b51  oi_shutoff_init               
0000098d  oi_uartInit                   
00000a31  oi_uartReceive                
00000a77  oi_uartSendBuff               
00000a15  oi_uartSendChar               
00000a59  oi_uartSendStr                
000002d9  oi_update                     
00001a65  perform_180_ir_scan           
00003157  ping_getDistance              
00003015  ping_init                     
0000309b  ping_trigger                  
20000f64  pulseLength                   
20000f68  right_calibration_value       
20000f6c  risingEdge                    
00003e45  scalbn                        
00003e45  scalbnl                       
00003715  servo_init                    
000037a5  servo_move                    
00003805  servo_setPWM                  
00003799  servo_stop                    
000018dd  setup                         
00004901  snprintf                      
00004cb7  strchr                        
00004c9f  strcmp                        
00004ccd  strcpy                        
00004ce1  strlen                        
00002eeb  timer_getMicros               
00002e93  timer_getMillis               
00002dcd  timer_init                    
00002e6f  timer_pause                   
00002e81  timer_resume                  
00002e45  timer_stop                    
00002f45  timer_waitMicros              
00002f77  timer_waitMillis              
000022dd  turn_clockwise                
00002343  turn_counter_clockwise        
20000f71  uart_data                     
00003589  uart_init                     
0000369b  uart_interrupt_handler        
00003677  uart_interrupt_init           
00003645  uart_receive                  
00003629  uart_sendChar                 
00003659  uart_sendStr                  
000049d9  vsnprintf                     
00004cf5  wcslen                        


GLOBAL SYMBOLS: SORTED BY Symbol Address 

address   name                          
-------   ----                          
00000000  __TI_static_base__            
00000000  g_pfnVectors                  
0000026d  oi_alloc                      
00000279  oi_free                       
00000289  oi_init_noupdate              
000002b1  oi_init                       
000002c7  oi_close                      
000002d9  oi_update                     
0000032b  oi_parsePacket                
00000400  __SYSMEM_SIZE                 
00000800  __STACK_SIZE                  
0000084b  oi_setLeds                    
0000088f  oi_setWheels                  
00000915  oi_loadSong                   
0000096b  oi_play_song                  
0000097f  go_charge                     
0000098d  oi_uartInit                   
00000a15  oi_uartSendChar               
00000a31  oi_uartReceive                
00000a59  oi_uartSendStr                
00000a77  oi_uartSendBuff               
00000aa9  oi_checkFirmware              
00000b51  oi_shutoff_init               
00000bc3  GPIOF_Handler                 
00000db1  oi_setMotorCalibration        
00000ded  oi_getMotorCalibrationLeft    
00000e01  oi_getMotorCalibrationRight   
00000e8d  __TI_printfi                  
000018db  _nop                          
000018dd  setup                         
0000190b  adc_distance                  
000019fd  control_movement              
00001a65  perform_180_ir_scan           
00001b89  display_smallest_object       
00001cdb  navigate_to_smallest_object   
00001e53  handle_bump_sensor            
00001eeb  handle_uart_data              
00001f9b  main                          
00002209  move_forward                  
00002271  move_backwards                
000022dd  turn_clockwise                
00002343  turn_counter_clockwise        
000023b9  handle_bump                   
0000241d  move_forward_with_bump        
000025d5  lcd_reverseNibble             
00002611  lcd_init                      
000026d1  lcd_putc                      
00002709  lcd_puts                      
00002727  lcd_sendCommand               
00002765  lcd_sendNibble                
000027a9  lcd_gotoLine                  
000027d1  lcd_setCursorPos              
0000280f  lcd_printf                    
00002b6d  cyBOT_scan_version            
00002b7b  cyBOT_init_Scan               
00002bd3  cyBOT_Scan                    
00002c45  cyBOT_SERVO_cal               
00002dcd  timer_init                    
00002e45  timer_stop                    
00002e6f  timer_pause                   
00002e81  timer_resume                  
00002e93  timer_getMillis               
00002eeb  timer_getMicros               
00002f45  timer_waitMicros              
00002f77  timer_waitMillis              
00003015  ping_init                     
0000309b  ping_trigger                  
00003105  TIMER3B_Handler               
00003157  ping_getDistance              
000033d1  __aeabi_dsub                  
000033db  __aeabi_dadd                  
00003587  __aeabi_idiv0                 
00003587  __aeabi_ldiv0                 
00003589  uart_init                     
00003629  uart_sendChar                 
00003645  uart_receive                  
00003659  uart_sendStr                  
00003677  uart_interrupt_init           
0000369b  uart_interrupt_handler        
00003715  servo_init                    
00003799  servo_stop                    
000037a5  servo_move                    
00003805  servo_setPWM                  
000039a9  __aeabi_ddiv                  
00003ae1  adc_init                      
00003b91  adc_read                      
00003d2d  ir_init                       
00003d95  ir_getValue                   
00003dbd  ir_getDistance                
00003dc5  ADC0SS0_Handler               
00003ddb  ir_enableInterrupt            
00003e45  ldexp                         
00003e45  ldexpl                        
00003e45  scalbn                        
00003e45  scalbnl                       
00003f55  aligned_alloc                 
00003f55  memalign                      
00004055  __aeabi_dmul                  
00004151  free                          
000042e7  __aeabi_memcpy                
000042e7  __aeabi_memcpy4               
000042e7  __aeabi_memcpy8               
000042e7  memcpy                        
00004383  __aeabi_uldivmod              
00004419  __aeabi_cdcmpeq               
00004419  __aeabi_cdcmple               
0000449f  __aeabi_cdrcmple              
00004525  __aeabi_memclr                
00004525  __aeabi_memclr4               
00004525  __aeabi_memclr8               
00004527  __aeabi_memset                
00004527  __aeabi_memset4               
00004527  __aeabi_memset8               
0000452d  memset                        
0000467f  __aeabi_d2f                   
000046ed  __TI_decompress_lzss          
00004755  frexp                         
00004755  frexpl                        
0000480f  __TI_ltoa                     
000048b5  atoi                          
00004901  snprintf                      
0000494d  __aeabi_d2iz                  
00004995  __TI_auto_init_nobinit_nopinit
000049d9  vsnprintf                     
00004a59  calloc                        
00004a91  __aeabi_f2d                   
00004ac9  IntRegister                   
00004afd  _c_int00_noargs               
00004b91  __aeabi_i2d                   
00004be9  __TI_zero_init_nomemset       
00004c21  memccpy                       
00004c3d  copysign                      
00004c3d  copysignl                     
00004c87  oi_parseInt                   
00004c9f  strcmp                        
00004cb7  strchr                        
00004ccd  strcpy                        
00004ce1  strlen                        
00004cf5  wcslen                        
00004d07  IntMasterEnable               
00004d17  lcd_clear                     
00004d27  __TI_decompress_none          
00004d35  CPUcpsie                      
00004d41  ResetISR                      
00004d4d  __aeabi_errno_addr            
00004d55  malloc                        
00004d5d  _system_pre_init              
00004d61  C$$EXIT                       
00004d61  abort                         
00004d64  _ctypes_                      
00004f04  __TI_Handler_Table_Base       
00004f10  __TI_Handler_Table_Limit      
00004f20  __TI_CINIT_Base               
00004f38  __TI_CINIT_Limit              
20000000  __start___llvm_prf_cnts       
20000000  __stop___llvm_prf_cnts        
20000000  g_pfnRAMVectors               
20000270  __stack                       
20000470  __STACK_TOP                   
20000a70  __STACK_END                   
20000a70  _sys_memory                   
20000e70  detected_objects              
20000f54  _timeout_ticks                
20000f58  fallingEdge                   
20000f5c  isr_int_value                 
20000f60  left_calibration_value        
20000f64  pulseLength                   
20000f68  right_calibration_value       
20000f6c  risingEdge                    
20000f70  isRisingEdge                  
20000f71  uart_data                     
20000f74  distances                     
20000fb0  ir_values                     
20000fec  motor_cal_factor_L            
20000ff0  motor_cal_factor_R            
2000100c  _lock                         
20001010  _unlock                       
2000101c  object_count                  
20001020  flag                          
20001021  current_mode                  
20001022  _running                      
20001024  cyBOT_scan_features           
20001028  errno                         
ffffffff  __TI_pprof_out_hndl           
ffffffff  __TI_prof_data_size           
ffffffff  __TI_prof_data_start          
ffffffff  __binit__                     
ffffffff  __c_args__                    
ffffffff  binit                         
UNDEFED   __mpu_init                    
UNDEFED   _system_post_cinit            

[191 symbols]
