******************************************************************************
                  TI ARM Linker PC v20.2.7                     
******************************************************************************
>> Linked Fri Dec 13 12:49:23 2024

OUTPUT FILE NAME:   <final.out>
ENTRY POINT SYMBOL: "_c_int00_noargs"  address: 00009845


MEMORY CONFIGURATION

         name            origin    length      used     unused   attr    fill
----------------------  --------  ---------  --------  --------  ----  --------
  FLASH                 00000000   00040000  00009fb9  00036047  R  X
  SRAM                  20000000   00008000  000028d7  00005729  RW X


SEGMENT ALLOCATION MAP

run origin  load origin   length   init length attrs members
----------  ----------- ---------- ----------- ----- -------
00000000    00000000    00009fc0   00009fc0    r-x
  00000000    00000000    0000026c   0000026c    r-- .intvecs
  0000026c    0000026c    000098e0   000098e0    r-x .text
  00009b50    00009b50    0000033d   0000033d    r-- .const
  00009e90    00009e90    00000130   00000130    r-- .cinit
20000000    20000000    000028db   00000000    rw-
  20000000    20000000    0000026c   00000000    rw- .vtable
  20000270    20000270    00001000   00000000    rw- .stack
  20001270    20001270    00001000   00000000    rw- .sysmem
  20002270    20002270    00000418   00000000    rw- .data
  20002688    20002688    00000253   00000000    rw- .bss


SECTION ALLOCATION MAP

 output                                  attributes/
section   page    origin      length       input sections
--------  ----  ----------  ----------   ----------------
.intvecs   0    00000000    0000026c     
                  00000000    0000026c     tm4c123gh6pm_startup_ccs.obj (.intvecs)

.text      0    0000026c    000098e0     
                  0000026c    00001f4c     Final_scan.obj (.text)
                  000021b8    00000e10     movement.obj (.text)
                  00002fc8    00000c20     open_interface.obj (.text)
                  00003be8    00000a4e     rtsv7M4_T_le_v4SPD16_eabi.lib : _printfi.c.obj (.text:__TI_printfi)
                  00004636    00000002                                   : _lock.c.obj (.text:_nop)
                  00004638    00000738                                   : k_rem_pio2.c.obj (.text:__kernel_rem_pio2)
                  00004d70    000005e0                                   : s_sin.c.obj (.text:sin)
                  00005350    000005dc                                   : s_cos.c.obj (.text:cos)
                  0000592c    000005ac     main.obj (.text)
                  00005ed8    000003f4     servo.obj (.text)
                  000062cc    00000328     lcd.obj (.text)
                  000065f4    000002ec     rtsv7M4_T_le_v4SPD16_eabi.lib : s_atan.c.obj (.text:atan)
                  000068e0    000002c8     adc.obj (.text)
                  00006ba8    0000027c     uart.obj (.text)
                  00006e24    00000270     rtsv7M4_T_le_v4SPD16_eabi.lib : _printfi.c.obj (.text:_pconv_a)
                  00007094    0000025c     ping.obj (.text)
                  000072f0    00000248     Timer.obj (.text)
                  00007538    000001d0     rtsv7M4_T_le_v4SPD16_eabi.lib : _printfi.c.obj (.text:_pconv_g)
                  00007708    000001b6                                   : fd_add_t2.asm.obj (.text)
                  000078be    00000002                                   : div0.asm.obj (.text)
                  000078c0    00000174                                   : k_sin.c.obj (.text:__kernel_sin)
                  00007a34    00000170                                   : k_cos.c.obj (.text:__kernel_cos)
                  00007ba4    00000158                                   : e_sqrt.c.obj (.text:sqrt)
                  00007cfc    0000013c                                   : _printfi.c.obj (.text:_pconv_e)
                  00007e38    00000138     button.obj (.text)
                  00007f70    00000136     rtsv7M4_T_le_v4SPD16_eabi.lib : fd_div_t2.asm.obj (.text)
                  000080a6    00000002     --HOLE-- [fill = 0]
                  000080a8    00000124                                   : _printfi.c.obj (.text:fcvt)
                  000081cc    00000114                                   : fputs.c.obj (.text:fputs)
                  000082e0    00000110                                   : s_scalbn.c.obj (.text:scalbn)
                  000083f0    00000100                                   : memory.c.obj (.text:aligned_alloc)
                  000084f0    000000fc                                   : fd_mul_t2.asm.obj (.text)
                  000085ec    000000f8                                   : s_floor.c.obj (.text:floor)
                  000086e4    000000e4                                   : memory.c.obj (.text:free)
                  000087c8    000000dc                                   : setvbuf.c.obj (.text:setvbuf)
                  000088a4    000000b1                                   : _printfi.c.obj (.text:_ltostr)
                  00008955    00000001     --HOLE-- [fill = 0]
                  00008956    0000009c                                   : memcpy_t2.asm.obj (.text)
                  000089f2    00000096                                   : ull_div_t2.asm.obj (.text)
                  00008a88    0000008c                                   : fputc.c.obj (.text:fputc)
                  00008b14    00000086                                   : fd_cmp_t2.asm.obj (.text:__aeabi_cdcmple)
                  00008b9a    00000086                                   : fd_cmp_t2.asm.obj (.text:__aeabi_cdrcmple)
                  00008c20    0000007a                                   : memset_t2.asm.obj (.text)
                  00008c9a    00000002     --HOLE-- [fill = 0]
                  00008c9c    00000074                                   : fclose.c.obj (.text:__TI_closefile)
                  00008d10    00000070                                   : memory.c.obj (.text:split)
                  00008d80    0000006e                                   : _printfi.c.obj (.text:_mcpy)
                  00008dee    0000006e                                   : fd_tos_t2.asm.obj (.text)
                  00008e5c    0000006c                                   : hostrename.c.obj (.text:HOSTrename)
                  00008ec8    00000068                                   : hostlseek.c.obj (.text:HOSTlseek)
                  00008f30    00000068                                   : copy_decompress_lzss.c.obj (.text:decompress:lzss:__TI_decompress_lzss)
                  00008f98    00000068                                   : printf.c.obj (.text:printf)
                  00009000    00000064                                   : s_frexp.c.obj (.text:frexp)
                  00009064    00000064                                   : fseek.c.obj (.text:fseek)
                  000090c8    00000062                                   : _io_perm.c.obj (.text:__TI_wrt_ok)
                  0000912a    00000002     --HOLE-- [fill = 0]
                  0000912c    00000060                                   : hostopen.c.obj (.text:HOSTopen)
                  0000918c    0000005c                                   : close.c.obj (.text:close)
                  000091e8    00000058                                   : hostread.c.obj (.text:HOSTread)
                  00009240    00000058                                   : hostwrite.c.obj (.text:HOSTwrite)
                  00009298    00000056                                   : _printfi.c.obj (.text:_pconv_f)
                  000092ee    00000054                                   : _ltoa.c.obj (.text:__TI_ltoa)
                  00009342    00000052                                   : _printfi.c.obj (.text:_ecpy)
                  00009394    0000004c                                   : fflush.c.obj (.text:__TI_doflush)
                  000093e0    0000004c                                   : atoi.c.obj (.text:atoi)
                  0000942c    00000048                                   : exit.c.obj (.text:exit)
                  00009474    00000048                                   : fd_toi_t2.asm.obj (.text)
                  000094bc    00000044                                   : hostclose.c.obj (.text:HOSTclose)
                  00009500    00000044                                   : hostunlink.c.obj (.text:HOSTunlink)
                  00009544    00000044                                   : autoinit.c.obj (.text:__TI_auto_init_nobinit_nopinit:__TI_auto_init_nobinit_nopinit)
                  00009588    00000044                                   : getdevice.c.obj (.text:getdevice)
                  000095cc    00000040                                   : sprintf.c.obj (.text:sprintf)
                  0000960c    00000040                                   : vsnprintf.c.obj (.text:vsnprintf)
                  0000964c    0000003e                                   : _printfi.c.obj (.text:_fcpy)
                  0000968a    00000002     --HOLE-- [fill = 0]
                  0000968c    0000003c     music.obj (.text)
                  000096c8    00000038     rtsv7M4_T_le_v4SPD16_eabi.lib : trgmsg.c.obj (.text:__TI_writemsg)
                  00009700    00000038                                   : memory.c.obj (.text:calloc)
                  00009738    00000038                                   : fs_tod_t2.asm.obj (.text)
                  00009770    00000036                                   : strncpy.c.obj (.text:strncpy)
                  000097a6    00000002     --HOLE-- [fill = 0]
                  000097a8    00000034     driverlib.lib : interrupt.obj (.text:IntRegister)
                  000097dc    00000034     rtsv7M4_T_le_v4SPD16_eabi.lib : fopen.c.obj (.text:__TI_cleanup)
                  00009810    00000034                                   : trgmsg.c.obj (.text:__TI_readmsg)
                  00009844    00000034                                   : boot_cortex_m.c.obj (.text:_c_int00_noargs:_c_int00_noargs)
                  00009878    00000030                                   : vsnprintf.c.obj (.text:_outs)
                  000098a8    00000030                                   : getdevice.c.obj (.text:finddevice)
                  000098d8    0000002e                                   : i_tofd_t2.asm.obj (.text)
                  00009906    00000002     --HOLE-- [fill = 0]
                  00009908    0000002c                                   : unlink.c.obj (.text:unlink)
                  00009934    00000028                                   : memory.c.obj (.text:free_list_insert)
                  0000995c    00000028                                   : lseek.c.obj (.text:lseek)
                  00009984    00000028                                   : write.c.obj (.text:write)
                  000099ac    00000020                                   : memchr.c.obj (.text:memchr)
                  000099cc    0000001c                                   : memory.c.obj (.text:free_list_remove)
                  000099e8    0000001c                                   : memccpy.c.obj (.text:memccpy)
                  00009a04    0000001a                                   : s_copysign.c.obj (.text:copysign)
                  00009a1e    00000018                                   : vsnprintf.c.obj (.text:_outc)
                  00009a36    00000018                                   : sprintf.c.obj (.text:_outs)
                  00009a4e    00000018     open_interface.obj (.text:oi_parseInt)
                  00009a66    00000018     rtsv7M4_T_le_v4SPD16_eabi.lib : strcmp.c.obj (.text:strcmp)
                  00009a7e    00000016                                   : strchr.c.obj (.text:strchr)
                  00009a94    00000014                                   : strcpy.c.obj (.text:strcpy)
                  00009aa8    00000014                                   : strlen.c.obj (.text:strlen)
                  00009abc    00000012                                   : wcslen.c.obj (.text:wcslen)
                  00009ace    00000010     driverlib.lib : interrupt.obj (.text:IntMasterEnable)
                  00009ade    00000010     lcd.obj (.text:lcd_clear)
                  00009aee    0000000e     rtsv7M4_T_le_v4SPD16_eabi.lib : copy_decompress_none.c.obj (.text:decompress:none:__TI_decompress_none)
                  00009afc    0000000c     driverlib.lib : cpu.obj (.text:CPUcpsie)
                  00009b08    0000000c     rtsv7M4_T_le_v4SPD16_eabi.lib : copy_zero_init.c.obj (.text:decompress:ZI:__TI_zero_init)
                  00009b14    0000000c     tm4c123gh6pm_startup_ccs.obj (.text)
                  00009b20    0000000a     rtsv7M4_T_le_v4SPD16_eabi.lib : sprintf.c.obj (.text:_outc)
                  00009b2a    00000002     --HOLE-- [fill = 0]
                  00009b2c    00000008                                   : errno.c.obj (.text:__aeabi_errno_addr)
                  00009b34    00000008                                   : memory.c.obj (.text:malloc)
                  00009b3c    00000004                                   : printf.c.obj (.text:_outc)
                  00009b40    00000004                                   : printf.c.obj (.text:_outs)
                  00009b44    00000004                                   : pre_init.c.obj (.text:_system_pre_init)
                  00009b48    00000004                                   : exit.c.obj (.text:abort:abort)

.const     0    00009b50    0000033d     
                  00009b50    00000158     rtsv7M4_T_le_v4SPD16_eabi.lib : k_rem_pio2.c.obj (.const:$O1$$)
                  00009ca8    00000101                                   : ctype.c.obj (.const:.string:_ctypes_)
                  00009da9    00000004     lcd.obj (.const:.string:lineAddress$1)
                  00009dad    00000003     --HOLE-- [fill = 0]
                  00009db0    00000098     rtsv7M4_T_le_v4SPD16_eabi.lib : s_atan.c.obj (.const:$O1$$)
                  00009e48    00000019     music.obj (.const:.string:$P$T0$1)
                  00009e61    00000019     music.obj (.const:.string:$P$T1$2)
                  00009e7a    0000000f     open_interface.obj (.const:.string:$P$T0$3)
                  00009e89    00000004     lcd.obj (.const:.string:lineAddresses$2)

.cinit     0    00009e90    00000130     
                  00009e90    000000f5     (.cinit..data.load) [load image, compression = lzss]
                  00009f85    00000003     --HOLE-- [fill = 0]
                  00009f88    0000000c     (__TI_handler_table)
                  00009f94    00000004     --HOLE-- [fill = 0]
                  00009f98    00000008     (.cinit..bss.load) [load image, compression = zero_init]
                  00009fa0    00000008     (.cinit..vtable.load) [load image, compression = zero_init]
                  00009fa8    00000018     (__TI_cinit_table)

.init_array 
*          0    00000000    00000000     UNINITIALIZED

.vtable    0    20000000    0000026c     UNINITIALIZED
                  20000000    0000026c     driverlib.lib : interrupt.obj (.vtable)

.stack     0    20000270    00001000     UNINITIALIZED
                  20000270    00000004     rtsv7M4_T_le_v4SPD16_eabi.lib : boot_cortex_m.c.obj (.stack)
                  20000274    00000ffc     --HOLE--

.sysmem    0    20001270    00001000     UNINITIALIZED
                  20001270    00000010     rtsv7M4_T_le_v4SPD16_eabi.lib : memory.c.obj (.sysmem)
                  20001280    00000ff0     --HOLE--

.data      0    20002270    00000418     UNINITIALIZED
                  20002270    00000168     Final_scan.obj (.data:scan_distances)
                  200023d8    000000f0     rtsv7M4_T_le_v4SPD16_eabi.lib : defs.c.obj (.data:_ftable)
                  200024c8    00000078                                   : host_device.c.obj (.data:_device)
                  20002540    00000050                                   : host_device.c.obj (.data:_stream)
                  20002590    0000003c     adc.obj (.data:distances)
                  200025cc    0000003c     adc.obj (.data:ir_values)
                  20002608    00000020     open_interface.obj (.data)
                  20002628    00000014     main.obj (.data)
                  2000263c    00000010     movement.obj (.data)
                  2000264c    00000010     rtsv7M4_T_le_v4SPD16_eabi.lib : defs.c.obj (.data)
                  2000265c    0000000c                                   : exit.c.obj (.data:$O1$$)
                  20002668    00000008                                   : _lock.c.obj (.data:$O1$$)
                  20002670    00000008                                   : memory.c.obj (.data:$O1$$)
                  20002678    00000008     servo.obj (.data)
                  20002680    00000004     rtsv7M4_T_le_v4SPD16_eabi.lib : errno.c.obj (.data)
                  20002684    00000002     uart.obj (.data)
                  20002686    00000001     Timer.obj (.data)
                  20002687    00000001     button.obj (.data)

.bss       0    20002688    00000253     UNINITIALIZED
                  20002688    00000120     rtsv7M4_T_le_v4SPD16_eabi.lib : trgmsg.c.obj (.bss:_CIOBUF_)
                  200027a8    000000a0     (.common:__TI_tmpnams)
                  20002848    00000054     lcd.obj (.bss:lastbuffer$3)
                  2000289c    00000018     open_interface.obj (.bss:firmware$2)
                  200028b4    00000008     (.common:parmbuf)
                  200028bc    00000004     (.common:_timeout_ticks)
                  200028c0    00000004     (.common:button_event)
                  200028c4    00000004     (.common:button_num)
                  200028c8    00000004     (.common:current_degrees)
                  200028cc    00000004     (.common:distance)
                  200028d0    00000004     (.common:falling_time)
                  200028d4    00000004     (.common:rising_time)
                  200028d8    00000002     (.common:scan_type)
                  200028da    00000001     (.common:state)

__llvm_prf_cnts 
*          0    20000000    00000000     UNINITIALIZED

MODULE SUMMARY

       Module                         code    ro data   rw data
       ------                         ----    -------   -------
    .\
       Final_scan.obj                 8012    0         362    
       movement.obj                   3600    0         16     
       open_interface.obj             3128    15        56     
       main.obj                       1452    0         20     
       servo.obj                      1012    0         12     
       lcd.obj                        824     8         84     
       adc.obj                        712     0         120    
       uart.obj                       636     0         2      
       tm4c123gh6pm_startup_ccs.obj   12      620       0      
       ping.obj                       604     0         13     
       Timer.obj                      584     0         5      
       button.obj                     312     0         9      
       music.obj                      60      50        0      
    +--+------------------------------+-------+---------+---------+
       Total:                         20948   693       699    
                                                               
    C:/ti/TivaWare_C_Series-2.2.0.295/driverlib/ccs/Debug/driverlib.lib
       interrupt.obj                  68      0         620    
       cpu.obj                        12      0         0      
    +--+------------------------------+-------+---------+---------+
       Total:                         80      0         620    
                                                               
    C:\ti\ccs1271\ccs\tools\compiler\ti-cgt-arm_20.2.7.LTS\lib\rtsv7M4_T_le_v4SPD16_eabi.lib
       _printfi.c.obj                 4851    0         0      
       k_rem_pio2.c.obj               1848    344       0      
       s_sin.c.obj                    1504    0         0      
       s_cos.c.obj                    1500    0         0      
       s_atan.c.obj                   748     152       0      
       memory.c.obj                   728     0         8      
       fd_add_t2.asm.obj              438     0         0      
       defs.c.obj                     0       0         416    
       trgmsg.c.obj                   108     0         288    
       k_sin.c.obj                    372     0         0      
       k_cos.c.obj                    368     0         0      
       e_sqrt.c.obj                   344     0         0      
       fd_div_t2.asm.obj              310     0         0      
       fputs.c.obj                    276     0         0      
       s_scalbn.c.obj                 272     0         0      
       fd_cmp_t2.asm.obj              268     0         0      
       ctype.c.obj                    0       257       0      
       fd_mul_t2.asm.obj              252     0         0      
       s_floor.c.obj                  248     0         0      
       setvbuf.c.obj                  220     0         0      
       host_device.c.obj              0       0         200    
       memcpy_t2.asm.obj              156     0         0      
       ull_div_t2.asm.obj             150     0         0      
       fputc.c.obj                    140     0         0      
       vsnprintf.c.obj                136     0         0      
       memset_t2.asm.obj              122     0         0      
       fclose.c.obj                   116     0         0      
       getdevice.c.obj                116     0         0      
       printf.c.obj                   112     0         0      
       fd_tos_t2.asm.obj              110     0         0      
       hostrename.c.obj               108     0         0      
       copy_decompress_lzss.c.obj     104     0         0      
       hostlseek.c.obj                104     0         0      
       hostopen.c.obj                 96      0         8      
       fseek.c.obj                    100     0         0      
       s_frexp.c.obj                  100     0         0      
       _io_perm.c.obj                 98      0         0      
       sprintf.c.obj                  98      0         0      
       close.c.obj                    92      0         0      
       exit.c.obj                     76      0         12     
       hostread.c.obj                 88      0         0      
       hostwrite.c.obj                88      0         0      
       _ltoa.c.obj                    84      0         0      
       atoi.c.obj                     76      0         0      
       fflush.c.obj                   76      0         0      
       fd_toi_t2.asm.obj              72      0         0      
       autoinit.c.obj                 68      0         0      
       hostclose.c.obj                68      0         0      
       hostunlink.c.obj               68      0         0      
       fs_tod_t2.asm.obj              56      0         0      
       strncpy.c.obj                  54      0         0      
       boot_cortex_m.c.obj            52      0         0      
       fopen.c.obj                    52      0         0      
       i_tofd_t2.asm.obj              46      0         0      
       unlink.c.obj                   44      0         0      
       lseek.c.obj                    40      0         0      
       write.c.obj                    40      0         0      
       memchr.c.obj                   32      0         0      
       memccpy.c.obj                  28      0         0      
       s_copysign.c.obj               26      0         0      
       strcmp.c.obj                   24      0         0      
       strchr.c.obj                   22      0         0      
       strcpy.c.obj                   20      0         0      
       strlen.c.obj                   20      0         0      
       wcslen.c.obj                   18      0         0      
       copy_decompress_none.c.obj     14      0         0      
       copy_zero_init.c.obj           12      0         0      
       errno.c.obj                    8       0         4      
       _lock.c.obj                    2       0         8      
       pre_init.c.obj                 4       0         0      
       div0.asm.obj                   2       0         0      
    +--+------------------------------+-------+---------+---------+
       Total:                         18093   753       944    
                                                               
       Heap:                          0       0         4096   
       Stack:                         0       0         4096   
       Linker Generated:              0       297       0      
    +--+------------------------------+-------+---------+---------+
       Grand Total:                   39121   1743      10455  


LINKER GENERATED COPY TABLES

__TI_cinit_table @ 00009fa8 records: 3, size/record: 8, table size: 24
	.data: load addr=00009e90, load size=000000f5 bytes, run addr=20002270, run size=00000418 bytes, compression=lzss
	.bss: load addr=00009f98, load size=00000008 bytes, run addr=20002688, run size=00000253 bytes, compression=zero_init
	.vtable: load addr=00009fa0, load size=00000008 bytes, run addr=20000000, run size=0000026c bytes, compression=zero_init


LINKER GENERATED HANDLER TABLE

__TI_handler_table @ 00009f88 records: 3, size/record: 4, table size: 12
	index: 0, handler: __TI_zero_init
	index: 1, handler: __TI_decompress_lzss
	index: 2, handler: __TI_decompress_none


GLOBAL SYMBOLS: SORTED ALPHABETICALLY BY Name 

address   name                           
-------   ----                           
00009b49  C$$EXIT                        
000096f7  C$$IO$$                        
00009afd  CPUcpsie                       
0000391f  GPIOF_Handler                  
000094bd  HOSTclose                      
00008ec9  HOSTlseek                      
0000912d  HOSTopen                       
000091e9  HOSTread                       
00008e5d  HOSTrename                     
00009501  HOSTunlink                     
00009241  HOSTwrite                      
00009acf  IntMasterEnable                
000097a9  IntRegister                    
00009b15  ResetISR                       
00007239  TIMER3B_Handler                
0000713d  Trigger                        
20002688  __CIOBUF_                      
20001270  __STACK_END                    
00001000  __STACK_SIZE                   
20000470  __STACK_TOP                    
00001000  __SYSMEM_SIZE                  
00009fa8  __TI_CINIT_Base                
00009fc0  __TI_CINIT_Limit               
00009f88  __TI_Handler_Table_Base        
00009f94  __TI_Handler_Table_Limit       
00009545  __TI_auto_init_nobinit_nopinit 
000097dd  __TI_cleanup                   
2000265c  __TI_cleanup_ptr               
00008c9d  __TI_closefile                 
00008f31  __TI_decompress_lzss           
00009aef  __TI_decompress_none           
00009395  __TI_doflush                   
20002660  __TI_dtors_ptr                 
20002664  __TI_enable_exit_profile_output
2000264c  __TI_ft_end                    
000092ef  __TI_ltoa                      
ffffffff  __TI_pprof_out_hndl            
00003be9  __TI_printfi                   
ffffffff  __TI_prof_data_size            
ffffffff  __TI_prof_data_start           
00009811  __TI_readmsg                   
00000000  __TI_static_base__             
200027a8  __TI_tmpnams                   
000096c9  __TI_writemsg                  
000090c9  __TI_wrt_ok                    
00009b09  __TI_zero_init                 
00008b15  __aeabi_cdcmpeq                
00008b15  __aeabi_cdcmple                
00008b9b  __aeabi_cdrcmple               
00008def  __aeabi_d2f                    
00009475  __aeabi_d2iz                   
00007713  __aeabi_dadd                   
00007f71  __aeabi_ddiv                   
000084f1  __aeabi_dmul                   
00007709  __aeabi_dsub                   
00009b2d  __aeabi_errno_addr             
00009739  __aeabi_f2d                    
000098d9  __aeabi_i2d                    
000078bf  __aeabi_idiv0                  
000078bf  __aeabi_ldiv0                  
00008c21  __aeabi_memclr                 
00008c21  __aeabi_memclr4                
00008c21  __aeabi_memclr8                
00008957  __aeabi_memcpy                 
00008957  __aeabi_memcpy4                
00008957  __aeabi_memcpy8                
00008c23  __aeabi_memset                 
00008c23  __aeabi_memset4                
00008c23  __aeabi_memset8                
20002658  __aeabi_stderr                 
20002650  __aeabi_stdin                  
20002654  __aeabi_stdout                 
000089f3  __aeabi_uldivmod               
ffffffff  __binit__                      
ffffffff  __c_args__                     
00007a35  __kernel_cos                   
00004639  __kernel_rem_pio2              
000078c1  __kernel_sin                   
UNDEFED   __mpu_init                     
20000270  __stack                        
20000000  __start___llvm_prf_cnts        
20000000  __stop___llvm_prf_cnts         
00009845  _c_int00_noargs                
00009ca8  _ctypes_                       
200024c8  _device                        
200023d8  _ftable                        
20002668  _lock                          
00004637  _nop                           
20002686  _running                       
20002540  _stream                        
20001270  _sys_memory                    
UNDEFED   _system_post_cinit             
00009b45  _system_pre_init               
200028bc  _timeout_ticks                 
2000266c  _unlock                        
00009b49  abort                          
00006a13  adc_avg                        
000068e1  adc_init                       
00006957  adc_init_2                     
000069df  adc_read                       
000083f1  aligned_alloc                  
000065f5  atan                           
000065f5  atanl                          
000093e1  atoi                           
ffffffff  binit                          
200028c0  button_event                   
00007ec1  button_getButton               
00007e39  button_init                    
200028c4  button_num                     
2000263e  c_LWP                          
00006a77  calculate_distance_linear      
000021db  calibrate_wheels               
00009701  calloc                         
2000263c  cc_RWP                         
00002ced  check_border_and_correct       
0000918d  close                          
00009a05  copysign                       
00009a05  copysignl                      
00005351  cos                            
00005351  cosl                           
200028c8  current_degrees                
20002630  current_orientation            
20002628  current_x                      
2000262c  current_y                      
200028cc  distance                       
20002590  distances                      
00002be9  enter_border                   
20002680  errno                          
0000942d  exit                           
00002cbf  exit_border                    
200028d0  falling_time                   
00001edf  find_gaps                      
00001271  find_objs                      
000098a9  finddevice                     
20002685  flag                           
000085ed  floor                          
000085ed  floorl                         
20002640  forward_RWP                    
00008a89  fputc                          
000081cd  fputs                          
000086e5  free                           
00009001  frexp                          
00009001  frexpl                         
00009065  fseek                          
20000000  g_pfnRAMVectors                
00000000  g_pfnVectors                   
00006d43  get_user_input                 
00009589  getdevice                      
000036db  go_charge                      
00007ea9  gpioe_handler                  
00007e65  init_button_interrupts         
200025cc  ir_values                      
00009adf  lcd_clear                      
000064a1  lcd_gotoLine                   
00006309  lcd_init                       
00006507  lcd_printf                     
000063c9  lcd_putc                       
00006401  lcd_puts                       
000062cd  lcd_reverseNibble              
0000641f  lcd_sendCommand                
0000645d  lcd_sendNibble                 
000064c9  lcd_setCursorPos               
000082e1  ldexp                          
000082e1  ldexpl                         
2000267c  left_val                       
0000968d  load_songs                     
0000995d  lseek                          
0000592d  main                           
00009b35  malloc                         
000083f1  memalign                       
000099e9  memccpy                        
000099ad  memchr                         
00008957  memcpy                         
00008c29  memset                         
20002608  motor_cal_factor_L             
2000260c  motor_cal_factor_R             
00002575  move_backwards                 
0000222b  move_forward                   
0000235b  move_forward_with_border       
00005ab9  navigate_to_target             
20002644  obstacleFlag                   
000029a9  obstacle_check                 
00002fc9  oi_alloc                       
00003805  oi_checkFirmware               
00003023  oi_close                       
00002fd5  oi_free                        
00003b49  oi_getMotorCalibrationLeft     
00003b5d  oi_getMotorCalibrationRight    
0000300d  oi_init                        
00002fe5  oi_init_noupdate               
00003671  oi_loadSong                    
00009a4f  oi_parseInt                    
00003087  oi_parsePacket                 
000036c7  oi_play_song                   
000035a7  oi_setLeds                     
00003b0d  oi_setMotorCalibration         
000035eb  oi_setWheels                   
000038ad  oi_shutoff_init                
000036e9  oi_uartInit                    
0000378d  oi_uartReceive                 
000037d3  oi_uartSendBuff                
00003771  oi_uartSendChar                
000037b5  oi_uartSendStr                 
00003035  oi_update                      
00007271  overflow                       
200028b4  parmbuf                        
00007095  ping_init                      
000071c5  ping_read                      
0000107d  print_scan                     
00008f99  printf                         
00008a89  putc                           
00009909  remove                         
20002678  right_val                      
200028d4  rising_time                    
000082e1  scalbn                         
000082e1  scalbnl                        
00000af9  scan_130to90                   
0000026d  scan_180                       
00000335  scan_180to360                  
00000cad  scan_50to90                    
00000939  scan_90to130                   
00000e6d  scan_90to50                    
20002270  scan_distances                 
0000101d  scan_left                      
00001049  scan_right                     
00000521  scan_small                     
00000785  scan_small_back                
200028d8  scan_type                      
000060d9  servo_cal                      
00005ed9  servo_init                     
00005f83  servo_move                     
0000603b  servo_move_fast                
00006289  servo_stop                     
000087c9  setvbuf                        
00004d71  sin                            
00004d71  sinl                           
000095cd  sprintf                        
00007ba5  sqrt                           
00007ba5  sqrtl                          
20002634  start_x                        
20002638  start_y                        
200028da  state                          
00009a7f  strchr                         
00009a67  strcmp                         
00009a95  strcpy                         
00009aa9  strlen                         
00009771  strncpy                        
0000740f  timer_getMicros                
000073b7  timer_getMillis                
000072f1  timer_init                     
00007393  timer_pause                    
000073a5  timer_resume                   
00007369  timer_stop                     
00007469  timer_waitMicros               
0000749b  timer_waitMillis               
000021b9  toRadians                      
00002905  turn                           
00002691  turn_clockwise                 
000027f5  turn_counter_clockwise         
20002684  uart_data                      
00006d2f  uart_data_available            
00006ba9  uart_init                      
00006d09  uart_interrupt_handler         
00006ce5  uart_interrupt_init            
00006c65  uart_receive                   
00006c97  uart_receiveStr                
00006c49  uart_sendChar                  
00006c79  uart_sendStr                   
00009909  unlink                         
00002469  update_live_position           
0000960d  vsnprintf                      
00009abd  wcslen                         
00009985  write                          


GLOBAL SYMBOLS: SORTED BY Symbol Address 

address   name                           
-------   ----                           
00000000  __TI_static_base__             
00000000  g_pfnVectors                   
0000026d  scan_180                       
00000335  scan_180to360                  
00000521  scan_small                     
00000785  scan_small_back                
00000939  scan_90to130                   
00000af9  scan_130to90                   
00000cad  scan_50to90                    
00000e6d  scan_90to50                    
00001000  __STACK_SIZE                   
00001000  __SYSMEM_SIZE                  
0000101d  scan_left                      
00001049  scan_right                     
0000107d  print_scan                     
00001271  find_objs                      
00001edf  find_gaps                      
000021b9  toRadians                      
000021db  calibrate_wheels               
0000222b  move_forward                   
0000235b  move_forward_with_border       
00002469  update_live_position           
00002575  move_backwards                 
00002691  turn_clockwise                 
000027f5  turn_counter_clockwise         
00002905  turn                           
000029a9  obstacle_check                 
00002be9  enter_border                   
00002cbf  exit_border                    
00002ced  check_border_and_correct       
00002fc9  oi_alloc                       
00002fd5  oi_free                        
00002fe5  oi_init_noupdate               
0000300d  oi_init                        
00003023  oi_close                       
00003035  oi_update                      
00003087  oi_parsePacket                 
000035a7  oi_setLeds                     
000035eb  oi_setWheels                   
00003671  oi_loadSong                    
000036c7  oi_play_song                   
000036db  go_charge                      
000036e9  oi_uartInit                    
00003771  oi_uartSendChar                
0000378d  oi_uartReceive                 
000037b5  oi_uartSendStr                 
000037d3  oi_uartSendBuff                
00003805  oi_checkFirmware               
000038ad  oi_shutoff_init                
0000391f  GPIOF_Handler                  
00003b0d  oi_setMotorCalibration         
00003b49  oi_getMotorCalibrationLeft     
00003b5d  oi_getMotorCalibrationRight    
00003be9  __TI_printfi                   
00004637  _nop                           
00004639  __kernel_rem_pio2              
00004d71  sin                            
00004d71  sinl                           
00005351  cos                            
00005351  cosl                           
0000592d  main                           
00005ab9  navigate_to_target             
00005ed9  servo_init                     
00005f83  servo_move                     
0000603b  servo_move_fast                
000060d9  servo_cal                      
00006289  servo_stop                     
000062cd  lcd_reverseNibble              
00006309  lcd_init                       
000063c9  lcd_putc                       
00006401  lcd_puts                       
0000641f  lcd_sendCommand                
0000645d  lcd_sendNibble                 
000064a1  lcd_gotoLine                   
000064c9  lcd_setCursorPos               
00006507  lcd_printf                     
000065f5  atan                           
000065f5  atanl                          
000068e1  adc_init                       
00006957  adc_init_2                     
000069df  adc_read                       
00006a13  adc_avg                        
00006a77  calculate_distance_linear      
00006ba9  uart_init                      
00006c49  uart_sendChar                  
00006c65  uart_receive                   
00006c79  uart_sendStr                   
00006c97  uart_receiveStr                
00006ce5  uart_interrupt_init            
00006d09  uart_interrupt_handler         
00006d2f  uart_data_available            
00006d43  get_user_input                 
00007095  ping_init                      
0000713d  Trigger                        
000071c5  ping_read                      
00007239  TIMER3B_Handler                
00007271  overflow                       
000072f1  timer_init                     
00007369  timer_stop                     
00007393  timer_pause                    
000073a5  timer_resume                   
000073b7  timer_getMillis                
0000740f  timer_getMicros                
00007469  timer_waitMicros               
0000749b  timer_waitMillis               
00007709  __aeabi_dsub                   
00007713  __aeabi_dadd                   
000078bf  __aeabi_idiv0                  
000078bf  __aeabi_ldiv0                  
000078c1  __kernel_sin                   
00007a35  __kernel_cos                   
00007ba5  sqrt                           
00007ba5  sqrtl                          
00007e39  button_init                    
00007e65  init_button_interrupts         
00007ea9  gpioe_handler                  
00007ec1  button_getButton               
00007f71  __aeabi_ddiv                   
000081cd  fputs                          
000082e1  ldexp                          
000082e1  ldexpl                         
000082e1  scalbn                         
000082e1  scalbnl                        
000083f1  aligned_alloc                  
000083f1  memalign                       
000084f1  __aeabi_dmul                   
000085ed  floor                          
000085ed  floorl                         
000086e5  free                           
000087c9  setvbuf                        
00008957  __aeabi_memcpy                 
00008957  __aeabi_memcpy4                
00008957  __aeabi_memcpy8                
00008957  memcpy                         
000089f3  __aeabi_uldivmod               
00008a89  fputc                          
00008a89  putc                           
00008b15  __aeabi_cdcmpeq                
00008b15  __aeabi_cdcmple                
00008b9b  __aeabi_cdrcmple               
00008c21  __aeabi_memclr                 
00008c21  __aeabi_memclr4                
00008c21  __aeabi_memclr8                
00008c23  __aeabi_memset                 
00008c23  __aeabi_memset4                
00008c23  __aeabi_memset8                
00008c29  memset                         
00008c9d  __TI_closefile                 
00008def  __aeabi_d2f                    
00008e5d  HOSTrename                     
00008ec9  HOSTlseek                      
00008f31  __TI_decompress_lzss           
00008f99  printf                         
00009001  frexp                          
00009001  frexpl                         
00009065  fseek                          
000090c9  __TI_wrt_ok                    
0000912d  HOSTopen                       
0000918d  close                          
000091e9  HOSTread                       
00009241  HOSTwrite                      
000092ef  __TI_ltoa                      
00009395  __TI_doflush                   
000093e1  atoi                           
0000942d  exit                           
00009475  __aeabi_d2iz                   
000094bd  HOSTclose                      
00009501  HOSTunlink                     
00009545  __TI_auto_init_nobinit_nopinit 
00009589  getdevice                      
000095cd  sprintf                        
0000960d  vsnprintf                      
0000968d  load_songs                     
000096c9  __TI_writemsg                  
000096f7  C$$IO$$                        
00009701  calloc                         
00009739  __aeabi_f2d                    
00009771  strncpy                        
000097a9  IntRegister                    
000097dd  __TI_cleanup                   
00009811  __TI_readmsg                   
00009845  _c_int00_noargs                
000098a9  finddevice                     
000098d9  __aeabi_i2d                    
00009909  remove                         
00009909  unlink                         
0000995d  lseek                          
00009985  write                          
000099ad  memchr                         
000099e9  memccpy                        
00009a05  copysign                       
00009a05  copysignl                      
00009a4f  oi_parseInt                    
00009a67  strcmp                         
00009a7f  strchr                         
00009a95  strcpy                         
00009aa9  strlen                         
00009abd  wcslen                         
00009acf  IntMasterEnable                
00009adf  lcd_clear                      
00009aef  __TI_decompress_none           
00009afd  CPUcpsie                       
00009b09  __TI_zero_init                 
00009b15  ResetISR                       
00009b2d  __aeabi_errno_addr             
00009b35  malloc                         
00009b45  _system_pre_init               
00009b49  C$$EXIT                        
00009b49  abort                          
00009ca8  _ctypes_                       
00009f88  __TI_Handler_Table_Base        
00009f94  __TI_Handler_Table_Limit       
00009fa8  __TI_CINIT_Base                
00009fc0  __TI_CINIT_Limit               
20000000  __start___llvm_prf_cnts        
20000000  __stop___llvm_prf_cnts         
20000000  g_pfnRAMVectors                
20000270  __stack                        
20000470  __STACK_TOP                    
20001270  __STACK_END                    
20001270  _sys_memory                    
20002270  scan_distances                 
200023d8  _ftable                        
200024c8  _device                        
20002540  _stream                        
20002590  distances                      
200025cc  ir_values                      
20002608  motor_cal_factor_L             
2000260c  motor_cal_factor_R             
20002628  current_x                      
2000262c  current_y                      
20002630  current_orientation            
20002634  start_x                        
20002638  start_y                        
2000263c  cc_RWP                         
2000263e  c_LWP                          
20002640  forward_RWP                    
20002644  obstacleFlag                   
2000264c  __TI_ft_end                    
20002650  __aeabi_stdin                  
20002654  __aeabi_stdout                 
20002658  __aeabi_stderr                 
2000265c  __TI_cleanup_ptr               
20002660  __TI_dtors_ptr                 
20002664  __TI_enable_exit_profile_output
20002668  _lock                          
2000266c  _unlock                        
20002678  right_val                      
2000267c  left_val                       
20002680  errno                          
20002684  uart_data                      
20002685  flag                           
20002686  _running                       
20002688  __CIOBUF_                      
200027a8  __TI_tmpnams                   
200028b4  parmbuf                        
200028bc  _timeout_ticks                 
200028c0  button_event                   
200028c4  button_num                     
200028c8  current_degrees                
200028cc  distance                       
200028d0  falling_time                   
200028d4  rising_time                    
200028d8  scan_type                      
200028da  state                          
ffffffff  __TI_pprof_out_hndl            
ffffffff  __TI_prof_data_size            
ffffffff  __TI_prof_data_start           
ffffffff  __binit__                      
ffffffff  __c_args__                     
ffffffff  binit                          
UNDEFED   __mpu_init                     
UNDEFED   _system_post_cinit             

[273 symbols]
