******************************************************************************
                  TI ARM Linker PC v20.2.7                     
******************************************************************************
>> Linked Mon Oct 14 00:03:55 2024

OUTPUT FILE NAME:   <lab6.out>
ENTRY POINT SYMBOL: "_c_int00_noargs"  address: 00004565


MEMORY CONFIGURATION

         name            origin    length      used     unused   attr    fill
----------------------  --------  ---------  --------  --------  ----  --------
  FLASH                 00000000   00040000  00004978  0003b688  R  X
  SRAM                  20000000   00008000  00000fa8  00007058  RW X


SEGMENT ALLOCATION MAP

run origin  load origin   length   init length attrs members
----------  ----------- ---------- ----------- ----- -------
00000000    00000000    00004978   00004978    r-x
  00000000    00000000    0000026c   0000026c    r-- .intvecs
  0000026c    0000026c    0000453c   0000453c    r-x .text
  000047a8    000047a8    00000118   00000118    r-- .const
  000048c0    000048c0    000000b8   000000b8    r-- .cinit
20000000    20000000    00000faf   00000000    rw-
  20000000    20000000    0000026c   00000000    rw- .vtable
  20000270    20000270    00000800   00000000    rw- .stack
  20000a70    20000a70    00000400   00000000    rw- .sysmem
  20000e70    20000e70    000000b1   00000000    rw- .data
  20000f24    20000f24    0000008b   00000000    rw- .bss


SECTION ALLOCATION MAP

 output                                  attributes/
section   page    origin      length       input sections
--------  ----  ----------  ----------   ----------------
.intvecs   0    00000000    0000026c     
                  00000000    0000026c     tm4c123gh6pm_startup_ccs.obj (.intvecs)

.text      0    0000026c    0000453c     
                  0000026c    00000c20     open_interface.obj (.text)
                  00000e8c    00000a4e     rtsv7M4_T_le_v4SPD16_eabi.lib : _printfi.c.obj (.text:__TI_printfi)
                  000018da    00000002                                   : _lock.c.obj (.text:_nop)
                  000018dc    000005a0     main.obj (.text)
                  00001e7c    00000328     lcd.obj (.text)
                  000021a4    000002f4     movement.obj (.text)
                  00002498    00000270     rtsv7M4_T_le_v4SPD16_eabi.lib : _printfi.c.obj (.text:_pconv_a)
                  00002708    00000260     libcybotScan.lib : cyBot_Scan.obj (.text)
                  00002968    00000248     Timer.obj (.text)
                  00002bb0    000001ec     libcybotScan.lib : ping.obj (.text)
                  00002d9c    000001d0     rtsv7M4_T_le_v4SPD16_eabi.lib : _printfi.c.obj (.text:_pconv_g)
                  00002f6c    000001b6                                   : fd_add_t2.asm.obj (.text)
                  00003122    00000002                                   : div0.asm.obj (.text)
                  00003124    0000018c     uart.obj (.text)
                  000032b0    00000158     libcybotScan.lib : servo.obj (.text)
                  00003408    0000013c     rtsv7M4_T_le_v4SPD16_eabi.lib : _printfi.c.obj (.text:_pconv_e)
                  00003544    00000136                                   : fd_div_t2.asm.obj (.text)
                  0000367a    00000002     --HOLE-- [fill = 0]
                  0000367c    00000124                                   : _printfi.c.obj (.text:fcvt)
                  000037a0    00000118     libcybotScan.lib : ir.obj (.text)
                  000038b8    00000110     rtsv7M4_T_le_v4SPD16_eabi.lib : s_scalbn.c.obj (.text:scalbn)
                  000039c8    00000100                                   : memory.c.obj (.text:aligned_alloc)
                  00003ac8    000000fc                                   : fd_mul_t2.asm.obj (.text)
                  00003bc4    000000e4                                   : memory.c.obj (.text:free)
                  00003ca8    000000b1                                   : _printfi.c.obj (.text:_ltostr)
                  00003d59    00000001     --HOLE-- [fill = 0]
                  00003d5a    0000009c                                   : memcpy_t2.asm.obj (.text)
                  00003df6    00000096                                   : ull_div_t2.asm.obj (.text)
                  00003e8c    00000086                                   : fd_cmp_t2.asm.obj (.text:__aeabi_cdcmple)
                  00003f12    00000086                                   : fd_cmp_t2.asm.obj (.text:__aeabi_cdrcmple)
                  00003f98    0000007a                                   : memset_t2.asm.obj (.text)
                  00004012    00000002     --HOLE-- [fill = 0]
                  00004014    00000070                                   : memory.c.obj (.text:split)
                  00004084    0000006e                                   : _printfi.c.obj (.text:_mcpy)
                  000040f2    0000006e                                   : fd_tos_t2.asm.obj (.text)
                  00004160    00000068                                   : copy_decompress_lzss.c.obj (.text:decompress:lzss:__TI_decompress_lzss)
                  000041c8    00000064                                   : s_frexp.c.obj (.text:frexp)
                  0000422c    00000056                                   : _printfi.c.obj (.text:_pconv_f)
                  00004282    00000054                                   : _ltoa.c.obj (.text:__TI_ltoa)
                  000042d6    00000052                                   : _printfi.c.obj (.text:_ecpy)
                  00004328    0000004c                                   : atoi.c.obj (.text:atoi)
                  00004374    00000048                                   : fd_toi_t2.asm.obj (.text)
                  000043bc    00000044                                   : autoinit.c.obj (.text:__TI_auto_init_nobinit_nopinit:__TI_auto_init_nobinit_nopinit)
                  00004400    00000040                                   : sprintf.c.obj (.text:sprintf)
                  00004440    00000040                                   : vsnprintf.c.obj (.text:vsnprintf)
                  00004480    0000003e                                   : _printfi.c.obj (.text:_fcpy)
                  000044be    00000002     --HOLE-- [fill = 0]
                  000044c0    00000038                                   : memory.c.obj (.text:calloc)
                  000044f8    00000038                                   : fs_tod_t2.asm.obj (.text)
                  00004530    00000034     driverlib.lib : interrupt.obj (.text:IntRegister)
                  00004564    00000034     rtsv7M4_T_le_v4SPD16_eabi.lib : boot_cortex_m.c.obj (.text:_c_int00_noargs:_c_int00_noargs)
                  00004598    00000030                                   : vsnprintf.c.obj (.text:_outs)
                  000045c8    0000002e                                   : i_tofd_t2.asm.obj (.text)
                  000045f6    00000002     --HOLE-- [fill = 0]
                  000045f8    00000028                                   : memory.c.obj (.text:free_list_insert)
                  00004620    0000001c                                   : copy_zero_init.c.obj (.text:decompress:ZI:__TI_zero_init_nomemset:__TI_zero_init_nomemset)
                  0000463c    0000001c                                   : memory.c.obj (.text:free_list_remove)
                  00004658    0000001c                                   : memccpy.c.obj (.text:memccpy)
                  00004674    0000001a                                   : s_copysign.c.obj (.text:copysign)
                  0000468e    00000018                                   : vsnprintf.c.obj (.text:_outc)
                  000046a6    00000018                                   : sprintf.c.obj (.text:_outs)
                  000046be    00000018     open_interface.obj (.text:oi_parseInt)
                  000046d6    00000018     rtsv7M4_T_le_v4SPD16_eabi.lib : strcmp.c.obj (.text:strcmp)
                  000046ee    00000016                                   : strchr.c.obj (.text:strchr)
                  00004704    00000014                                   : strcpy.c.obj (.text:strcpy)
                  00004718    00000014                                   : strlen.c.obj (.text:strlen)
                  0000472c    00000012                                   : wcslen.c.obj (.text:wcslen)
                  0000473e    00000010     driverlib.lib : interrupt.obj (.text:IntMasterEnable)
                  0000474e    00000010     lcd.obj (.text:lcd_clear)
                  0000475e    0000000e     rtsv7M4_T_le_v4SPD16_eabi.lib : copy_decompress_none.c.obj (.text:decompress:none:__TI_decompress_none)
                  0000476c    0000000c     driverlib.lib : cpu.obj (.text:CPUcpsie)
                  00004778    0000000c     tm4c123gh6pm_startup_ccs.obj (.text)
                  00004784    0000000a     rtsv7M4_T_le_v4SPD16_eabi.lib : sprintf.c.obj (.text:_outc)
                  0000478e    00000002     --HOLE-- [fill = 0]
                  00004790    00000008                                   : errno.c.obj (.text:__aeabi_errno_addr)
                  00004798    00000008                                   : memory.c.obj (.text:malloc)
                  000047a0    00000004                                   : pre_init.c.obj (.text:_system_pre_init)
                  000047a4    00000004                                   : exit.c.obj (.text:abort:abort)

.const     0    000047a8    00000118     
                  000047a8    00000101     rtsv7M4_T_le_v4SPD16_eabi.lib : ctype.c.obj (.const:.string:_ctypes_)
                  000048a9    0000000f     open_interface.obj (.const:.string:$P$T0$3)
                  000048b8    00000004     lcd.obj (.const:.string:lineAddress$1)
                  000048bc    00000004     lcd.obj (.const:.string:lineAddresses$2)

.cinit     0    000048c0    000000b8     
                  000048c0    00000080     (.cinit..data.load) [load image, compression = lzss]
                  00004940    0000000c     (__TI_handler_table)
                  0000494c    00000004     --HOLE-- [fill = 0]
                  00004950    00000008     (.cinit..bss.load) [load image, compression = zero_init]
                  00004958    00000008     (.cinit..vtable.load) [load image, compression = zero_init]
                  00004960    00000018     (__TI_cinit_table)

.init_array 
*          0    00000000    00000000     UNINITIALIZED

.vtable    0    20000000    0000026c     UNINITIALIZED
                  20000000    0000026c     driverlib.lib : interrupt.obj (.vtable)

.stack     0    20000270    00000800     UNINITIALIZED
                  20000270    00000004     rtsv7M4_T_le_v4SPD16_eabi.lib : boot_cortex_m.c.obj (.stack)
                  20000274    000007fc     --HOLE--

.sysmem    0    20000a70    00000400     UNINITIALIZED
                  20000a70    00000010     rtsv7M4_T_le_v4SPD16_eabi.lib : memory.c.obj (.sysmem)
                  20000a80    000003f0     --HOLE--

.data      0    20000e70    000000b1     UNINITIALIZED
                  20000e70    0000003c     main.obj (.data:distances)
                  20000eac    0000003c     main.obj (.data:ir_values)
                  20000ee8    00000020     open_interface.obj (.data)
                  20000f08    00000008     rtsv7M4_T_le_v4SPD16_eabi.lib : _lock.c.obj (.data:$O1$$)
                  20000f10    00000008                                   : memory.c.obj (.data:$O1$$)
                  20000f18    00000004     libcybotScan.lib : cyBot_Scan.obj (.data)
                  20000f1c    00000004     rtsv7M4_T_le_v4SPD16_eabi.lib : errno.c.obj (.data)
                  20000f20    00000001     Timer.obj (.data)

.bss       0    20000f24    0000008b     UNINITIALIZED
                  20000f24    00000054     lcd.obj (.bss:lastbuffer$3)
                  20000f78    00000018     open_interface.obj (.bss:firmware$2)
                  20000f90    00000004     (.common:_timeout_ticks)
                  20000f94    00000004     (.common:fallingEdge)
                  20000f98    00000004     (.common:isr_int_value)
                  20000f9c    00000004     (.common:left_calibration_value)
                  20000fa0    00000004     (.common:pulseLength)
                  20000fa4    00000004     (.common:right_calibration_value)
                  20000fa8    00000004     (.common:risingEdge)
                  20000fac    00000001     (.common:flag)
                  20000fad    00000001     (.common:isRisingEdge)
                  20000fae    00000001     (.common:uart_data)

__llvm_prf_cnts 
*          0    20000000    00000000     UNINITIALIZED

MODULE SUMMARY

       Module                         code    ro data   rw data
       ------                         ----    -------   -------
    .\
       open_interface.obj             3128    15        56     
       main.obj                       1440    0         130    
       lcd.obj                        824     8         84     
       movement.obj                   756     0         0      
       tm4c123gh6pm_startup_ccs.obj   12      620       0      
       Timer.obj                      584     0         5      
       uart.obj                       396     0         0      
    +--+------------------------------+-------+---------+---------+
       Total:                         7140    643       275    
                                                               
    ../libcybotScan.lib
       cyBot_Scan.obj                 608     0         4      
       ping.obj                       492     0         13     
       servo.obj                      344     0         0      
       ir.obj                         280     0         4      
    +--+------------------------------+-------+---------+---------+
       Total:                         1724    0         21     
                                                               
    C:/ti/TivaWare_C_Series-2.2.0.295/driverlib/ccs/Debug/driverlib.lib
       interrupt.obj                  68      0         620    
       cpu.obj                        12      0         0      
    +--+------------------------------+-------+---------+---------+
       Total:                         80      0         620    
                                                               
    C:\ti\ccs1271\ccs\tools\compiler\ti-cgt-arm_20.2.7.LTS\lib\rtsv7M4_T_le_v4SPD16_eabi.lib
       _printfi.c.obj                 4851    0         0      
       memory.c.obj                   728     0         8      
       fd_add_t2.asm.obj              438     0         0      
       fd_div_t2.asm.obj              310     0         0      
       s_scalbn.c.obj                 272     0         0      
       fd_cmp_t2.asm.obj              268     0         0      
       ctype.c.obj                    0       257       0      
       fd_mul_t2.asm.obj              252     0         0      
       memcpy_t2.asm.obj              156     0         0      
       ull_div_t2.asm.obj             150     0         0      
       vsnprintf.c.obj                136     0         0      
       memset_t2.asm.obj              122     0         0      
       fd_tos_t2.asm.obj              110     0         0      
       copy_decompress_lzss.c.obj     104     0         0      
       s_frexp.c.obj                  100     0         0      
       sprintf.c.obj                  98      0         0      
       _ltoa.c.obj                    84      0         0      
       atoi.c.obj                     76      0         0      
       fd_toi_t2.asm.obj              72      0         0      
       autoinit.c.obj                 68      0         0      
       fs_tod_t2.asm.obj              56      0         0      
       boot_cortex_m.c.obj            52      0         0      
       i_tofd_t2.asm.obj              46      0         0      
       copy_zero_init.c.obj           28      0         0      
       memccpy.c.obj                  28      0         0      
       s_copysign.c.obj               26      0         0      
       strcmp.c.obj                   24      0         0      
       strchr.c.obj                   22      0         0      
       strcpy.c.obj                   20      0         0      
       strlen.c.obj                   20      0         0      
       wcslen.c.obj                   18      0         0      
       copy_decompress_none.c.obj     14      0         0      
       errno.c.obj                    8       0         4      
       _lock.c.obj                    2       0         8      
       exit.c.obj                     4       0         0      
       pre_init.c.obj                 4       0         0      
       div0.asm.obj                   2       0         0      
    +--+------------------------------+-------+---------+---------+
       Total:                         8769    257       20     
                                                               
       Heap:                          0       0         1024   
       Stack:                         0       0         2048   
       Linker Generated:              0       180       0      
    +--+------------------------------+-------+---------+---------+
       Grand Total:                   17713   1080      4008   


LINKER GENERATED COPY TABLES

__TI_cinit_table @ 00004960 records: 3, size/record: 8, table size: 24
	.data: load addr=000048c0, load size=00000080 bytes, run addr=20000e70, run size=000000b1 bytes, compression=lzss
	.bss: load addr=00004950, load size=00000008 bytes, run addr=20000f24, run size=0000008b bytes, compression=zero_init
	.vtable: load addr=00004958, load size=00000008 bytes, run addr=20000000, run size=0000026c bytes, compression=zero_init


LINKER GENERATED HANDLER TABLE

__TI_handler_table @ 00004940 records: 3, size/record: 4, table size: 12
	index: 0, handler: __TI_zero_init
	index: 1, handler: __TI_decompress_lzss
	index: 2, handler: __TI_decompress_none


GLOBAL SYMBOLS: SORTED ALPHABETICALLY BY Name 

address   name                          
-------   ----                          
00003839  ADC0SS0_Handler               
000047a5  C$$EXIT                       
0000476d  CPUcpsie                      
00000bc3  GPIOF_Handler                 
0000473f  IntMasterEnable               
00004531  IntRegister                   
00004779  ResetISR                      
00002ca1  TIMER3B_Handler               
20000a70  __STACK_END                   
00000800  __STACK_SIZE                  
20000470  __STACK_TOP                   
00000400  __SYSMEM_SIZE                 
00004960  __TI_CINIT_Base               
00004978  __TI_CINIT_Limit              
00004940  __TI_Handler_Table_Base       
0000494c  __TI_Handler_Table_Limit      
000043bd  __TI_auto_init_nobinit_nopinit
00004161  __TI_decompress_lzss          
0000475f  __TI_decompress_none          
00004283  __TI_ltoa                     
ffffffff  __TI_pprof_out_hndl           
00000e8d  __TI_printfi                  
ffffffff  __TI_prof_data_size           
ffffffff  __TI_prof_data_start          
00000000  __TI_static_base__            
00004621  __TI_zero_init_nomemset       
00003e8d  __aeabi_cdcmpeq               
00003e8d  __aeabi_cdcmple               
00003f13  __aeabi_cdrcmple              
000040f3  __aeabi_d2f                   
00004375  __aeabi_d2iz                  
00002f77  __aeabi_dadd                  
00003545  __aeabi_ddiv                  
00003ac9  __aeabi_dmul                  
00002f6d  __aeabi_dsub                  
00004791  __aeabi_errno_addr            
000044f9  __aeabi_f2d                   
000045c9  __aeabi_i2d                   
00003123  __aeabi_idiv0                 
00003123  __aeabi_ldiv0                 
00003f99  __aeabi_memclr                
00003f99  __aeabi_memclr4               
00003f99  __aeabi_memclr8               
00003d5b  __aeabi_memcpy                
00003d5b  __aeabi_memcpy4               
00003d5b  __aeabi_memcpy8               
00003f9b  __aeabi_memset                
00003f9b  __aeabi_memset4               
00003f9b  __aeabi_memset8               
00003df7  __aeabi_uldivmod              
ffffffff  __binit__                     
ffffffff  __c_args__                    
UNDEFED   __mpu_init                    
20000270  __stack                       
20000000  __start___llvm_prf_cnts       
20000000  __stop___llvm_prf_cnts        
00004565  _c_int00_noargs               
000047a8  _ctypes_                      
20000f08  _lock                         
000018db  _nop                          
20000f20  _running                      
20000a70  _sys_memory                   
UNDEFED   _system_post_cinit            
000047a1  _system_pre_init              
20000f90  _timeout_ticks                
20000f0c  _unlock                       
000047a5  abort                         
000039c9  aligned_alloc                 
00004329  atoi                          
ffffffff  binit                         
000018dd  calculate_distance_linear     
000044c1  calloc                        
00001ac9  control_movement              
00004675  copysign                      
00004675  copysignl                     
000027e1  cyBOT_SERVO_cal               
0000276f  cyBOT_Scan                    
00002717  cyBOT_init_Scan               
20000f18  cyBOT_scan_features           
00002709  cyBOT_scan_version            
20000e70  distances                     
20000f1c  errno                         
20000f94  fallingEdge                   
20000fac  flag                          
00003bc5  free                          
000041c9  frexp                         
000041c9  frexpl                        
20000000  g_pfnRAMVectors               
00000000  g_pfnVectors                  
0000097f  go_charge                     
00002355  handle_bump                   
0000384f  ir_enableInterrupt            
00003831  ir_getDistance                
00003809  ir_getValue                   
000037a1  ir_init                       
20000eac  ir_values                     
20000fad  isRisingEdge                  
20000f98  isr_int_value                 
0000474f  lcd_clear                     
00002051  lcd_gotoLine                  
00001eb9  lcd_init                      
000020b7  lcd_printf                    
00001f79  lcd_putc                      
00001fb1  lcd_puts                      
00001e7d  lcd_reverseNibble             
00001fcf  lcd_sendCommand               
0000200d  lcd_sendNibble                
00002079  lcd_setCursorPos              
000038b9  ldexp                         
000038b9  ldexpl                        
20000f9c  left_calibration_value        
00001bf3  main                          
00004799  malloc                        
000039c9  memalign                      
00004659  memccpy                       
00003d5b  memcpy                        
00003fa1  memset                        
20000ee8  motor_cal_factor_L            
20000eec  motor_cal_factor_R            
0000220d  move_backwards                
000021a5  move_forward                  
000023b3  move_forward_with_bump        
00001b25  move_robot                    
0000026d  oi_alloc                      
00000aa9  oi_checkFirmware              
000002c7  oi_close                      
00000279  oi_free                       
00000ded  oi_getMotorCalibrationLeft    
00000e01  oi_getMotorCalibrationRight   
000002b1  oi_init                       
00000289  oi_init_noupdate              
00000915  oi_loadSong                   
000046bf  oi_parseInt                   
0000032b  oi_parsePacket                
0000096b  oi_play_song                  
0000084b  oi_setLeds                    
00000db1  oi_setMotorCalibration        
0000088f  oi_setWheels                  
00000b51  oi_shutoff_init               
0000098d  oi_uartInit                   
00000a31  oi_uartReceive                
00000a77  oi_uartSendBuff               
00000a15  oi_uartSendChar               
00000a59  oi_uartSendStr                
000002d9  oi_update                     
000019b3  perform_scan                  
00002cf3  ping_getDistance              
00002bb1  ping_init                     
00002c37  ping_trigger                  
20000fa0  pulseLength                   
20000fa4  right_calibration_value       
20000fa8  risingEdge                    
000038b9  scalbn                        
000038b9  scalbnl                       
000032b1  servo_init                    
00003341  servo_move                    
000033a1  servo_setPWM                  
00003335  servo_stop                    
00004401  sprintf                       
000046ef  strchr                        
000046d7  strcmp                        
00004705  strcpy                        
00004719  strlen                        
00002a87  timer_getMicros               
00002a2f  timer_getMillis               
00002969  timer_init                    
00002a0b  timer_pause                   
00002a1d  timer_resume                  
000029e1  timer_stop                    
00002ae1  timer_waitMicros              
00002b13  timer_waitMillis              
00002279  turn_clockwise                
000022df  turn_counter_clockwise        
20000fae  uart_data                     
00003125  uart_init                     
00003237  uart_interrupt_handler        
00003213  uart_interrupt_init           
000031e1  uart_receive                  
000031c5  uart_sendChar                 
000031f5  uart_sendStr                  
00004441  vsnprintf                     
0000472d  wcslen                        


GLOBAL SYMBOLS: SORTED BY Symbol Address 

address   name                          
-------   ----                          
00000000  __TI_static_base__            
00000000  g_pfnVectors                  
0000026d  oi_alloc                      
00000279  oi_free                       
00000289  oi_init_noupdate              
000002b1  oi_init                       
000002c7  oi_close                      
000002d9  oi_update                     
0000032b  oi_parsePacket                
00000400  __SYSMEM_SIZE                 
00000800  __STACK_SIZE                  
0000084b  oi_setLeds                    
0000088f  oi_setWheels                  
00000915  oi_loadSong                   
0000096b  oi_play_song                  
0000097f  go_charge                     
0000098d  oi_uartInit                   
00000a15  oi_uartSendChar               
00000a31  oi_uartReceive                
00000a59  oi_uartSendStr                
00000a77  oi_uartSendBuff               
00000aa9  oi_checkFirmware              
00000b51  oi_shutoff_init               
00000bc3  GPIOF_Handler                 
00000db1  oi_setMotorCalibration        
00000ded  oi_getMotorCalibrationLeft    
00000e01  oi_getMotorCalibrationRight   
00000e8d  __TI_printfi                  
000018db  _nop                          
000018dd  calculate_distance_linear     
000019b3  perform_scan                  
00001ac9  control_movement              
00001b25  move_robot                    
00001bf3  main                          
00001e7d  lcd_reverseNibble             
00001eb9  lcd_init                      
00001f79  lcd_putc                      
00001fb1  lcd_puts                      
00001fcf  lcd_sendCommand               
0000200d  lcd_sendNibble                
00002051  lcd_gotoLine                  
00002079  lcd_setCursorPos              
000020b7  lcd_printf                    
000021a5  move_forward                  
0000220d  move_backwards                
00002279  turn_clockwise                
000022df  turn_counter_clockwise        
00002355  handle_bump                   
000023b3  move_forward_with_bump        
00002709  cyBOT_scan_version            
00002717  cyBOT_init_Scan               
0000276f  cyBOT_Scan                    
000027e1  cyBOT_SERVO_cal               
00002969  timer_init                    
000029e1  timer_stop                    
00002a0b  timer_pause                   
00002a1d  timer_resume                  
00002a2f  timer_getMillis               
00002a87  timer_getMicros               
00002ae1  timer_waitMicros              
00002b13  timer_waitMillis              
00002bb1  ping_init                     
00002c37  ping_trigger                  
00002ca1  TIMER3B_Handler               
00002cf3  ping_getDistance              
00002f6d  __aeabi_dsub                  
00002f77  __aeabi_dadd                  
00003123  __aeabi_idiv0                 
00003123  __aeabi_ldiv0                 
00003125  uart_init                     
000031c5  uart_sendChar                 
000031e1  uart_receive                  
000031f5  uart_sendStr                  
00003213  uart_interrupt_init           
00003237  uart_interrupt_handler        
000032b1  servo_init                    
00003335  servo_stop                    
00003341  servo_move                    
000033a1  servo_setPWM                  
00003545  __aeabi_ddiv                  
000037a1  ir_init                       
00003809  ir_getValue                   
00003831  ir_getDistance                
00003839  ADC0SS0_Handler               
0000384f  ir_enableInterrupt            
000038b9  ldexp                         
000038b9  ldexpl                        
000038b9  scalbn                        
000038b9  scalbnl                       
000039c9  aligned_alloc                 
000039c9  memalign                      
00003ac9  __aeabi_dmul                  
00003bc5  free                          
00003d5b  __aeabi_memcpy                
00003d5b  __aeabi_memcpy4               
00003d5b  __aeabi_memcpy8               
00003d5b  memcpy                        
00003df7  __aeabi_uldivmod              
00003e8d  __aeabi_cdcmpeq               
00003e8d  __aeabi_cdcmple               
00003f13  __aeabi_cdrcmple              
00003f99  __aeabi_memclr                
00003f99  __aeabi_memclr4               
00003f99  __aeabi_memclr8               
00003f9b  __aeabi_memset                
00003f9b  __aeabi_memset4               
00003f9b  __aeabi_memset8               
00003fa1  memset                        
000040f3  __aeabi_d2f                   
00004161  __TI_decompress_lzss          
000041c9  frexp                         
000041c9  frexpl                        
00004283  __TI_ltoa                     
00004329  atoi                          
00004375  __aeabi_d2iz                  
000043bd  __TI_auto_init_nobinit_nopinit
00004401  sprintf                       
00004441  vsnprintf                     
000044c1  calloc                        
000044f9  __aeabi_f2d                   
00004531  IntRegister                   
00004565  _c_int00_noargs               
000045c9  __aeabi_i2d                   
00004621  __TI_zero_init_nomemset       
00004659  memccpy                       
00004675  copysign                      
00004675  copysignl                     
000046bf  oi_parseInt                   
000046d7  strcmp                        
000046ef  strchr                        
00004705  strcpy                        
00004719  strlen                        
0000472d  wcslen                        
0000473f  IntMasterEnable               
0000474f  lcd_clear                     
0000475f  __TI_decompress_none          
0000476d  CPUcpsie                      
00004779  ResetISR                      
00004791  __aeabi_errno_addr            
00004799  malloc                        
000047a1  _system_pre_init              
000047a5  C$$EXIT                       
000047a5  abort                         
000047a8  _ctypes_                      
00004940  __TI_Handler_Table_Base       
0000494c  __TI_Handler_Table_Limit      
00004960  __TI_CINIT_Base               
00004978  __TI_CINIT_Limit              
20000000  __start___llvm_prf_cnts       
20000000  __stop___llvm_prf_cnts        
20000000  g_pfnRAMVectors               
20000270  __stack                       
20000470  __STACK_TOP                   
20000a70  __STACK_END                   
20000a70  _sys_memory                   
20000e70  distances                     
20000eac  ir_values                     
20000ee8  motor_cal_factor_L            
20000eec  motor_cal_factor_R            
20000f08  _lock                         
20000f0c  _unlock                       
20000f18  cyBOT_scan_features           
20000f1c  errno                         
20000f20  _running                      
20000f90  _timeout_ticks                
20000f94  fallingEdge                   
20000f98  isr_int_value                 
20000f9c  left_calibration_value        
20000fa0  pulseLength                   
20000fa4  right_calibration_value       
20000fa8  risingEdge                    
20000fac  flag                          
20000fad  isRisingEdge                  
20000fae  uart_data                     
ffffffff  __TI_pprof_out_hndl           
ffffffff  __TI_prof_data_size           
ffffffff  __TI_prof_data_start          
ffffffff  __binit__                     
ffffffff  __c_args__                    
ffffffff  binit                         
UNDEFED   __mpu_init                    
UNDEFED   _system_post_cinit            

[182 symbols]
