------------------------------------------------------------
Timing Analyzer Summary
------------------------------------------------------------

Type  : Slow 1200mV 85C Model Setup 'CLk'
Slack : -0.647
TNS   : -0.647

Type  : Slow 1200mV 85C Model Setup 'inst'
Slack : -0.463
TNS   : -0.463

Type  : Slow 1200mV 85C Model Setup 'inst1'
Slack : -0.292
TNS   : -0.292

Type  : Slow 1200mV 85C Model Setup 'inst2'
Slack : 0.210
TNS   : 0.000

Type  : Slow 1200mV 85C Model Hold 'inst2'
Slack : 0.445
TNS   : 0.000

Type  : Slow 1200mV 85C Model Hold 'inst1'
Slack : 0.486
TNS   : 0.000

Type  : Slow 1200mV 85C Model Hold 'inst'
Slack : 0.491
TNS   : 0.000

Type  : Slow 1200mV 85C Model Hold 'CLk'
Slack : 0.569
TNS   : 0.000

Type  : Slow 1200mV 85C Model Minimum Pulse Width 'CLk'
Slack : -3.000
TNS   : -4.285

Type  : Slow 1200mV 85C Model Minimum Pulse Width 'inst'
Slack : -1.285
TNS   : -1.285

Type  : Slow 1200mV 85C Model Minimum Pulse Width 'inst1'
Slack : -1.285
TNS   : -1.285

Type  : Slow 1200mV 85C Model Minimum Pulse Width 'inst2'
Slack : -1.285
TNS   : -1.285

Type  : Slow 1200mV 0C Model Setup 'CLk'
Slack : -0.487
TNS   : -0.487

Type  : Slow 1200mV 0C Model Setup 'inst'
Slack : -0.371
TNS   : -0.371

Type  : Slow 1200mV 0C Model Setup 'inst1'
Slack : -0.241
TNS   : -0.241

Type  : Slow 1200mV 0C Model Setup 'inst2'
Slack : 0.297
TNS   : 0.000

Type  : Slow 1200mV 0C Model Hold 'inst2'
Slack : 0.398
TNS   : 0.000

Type  : Slow 1200mV 0C Model Hold 'CLk'
Slack : 0.434
TNS   : 0.000

Type  : Slow 1200mV 0C Model Hold 'inst'
Slack : 0.454
TNS   : 0.000

Type  : Slow 1200mV 0C Model Hold 'inst1'
Slack : 0.473
TNS   : 0.000

Type  : Slow 1200mV 0C Model Minimum Pulse Width 'CLk'
Slack : -3.000
TNS   : -4.285

Type  : Slow 1200mV 0C Model Minimum Pulse Width 'inst'
Slack : -1.285
TNS   : -1.285

Type  : Slow 1200mV 0C Model Minimum Pulse Width 'inst1'
Slack : -1.285
TNS   : -1.285

Type  : Slow 1200mV 0C Model Minimum Pulse Width 'inst2'
Slack : -1.285
TNS   : -1.285

Type  : Fast 1200mV 0C Model Setup 'CLk'
Slack : -0.126
TNS   : -0.126

Type  : Fast 1200mV 0C Model Setup 'inst'
Slack : 0.066
TNS   : 0.000

Type  : Fast 1200mV 0C Model Setup 'inst1'
Slack : 0.162
TNS   : 0.000

Type  : Fast 1200mV 0C Model Setup 'inst2'
Slack : 0.624
TNS   : 0.000

Type  : Fast 1200mV 0C Model Hold 'inst1'
Slack : 0.180
TNS   : 0.000

Type  : Fast 1200mV 0C Model Hold 'inst'
Slack : 0.203
TNS   : 0.000

Type  : Fast 1200mV 0C Model Hold 'inst2'
Slack : 0.206
TNS   : 0.000

Type  : Fast 1200mV 0C Model Hold 'CLk'
Slack : 0.339
TNS   : 0.000

Type  : Fast 1200mV 0C Model Minimum Pulse Width 'CLk'
Slack : -3.000
TNS   : -4.272

Type  : Fast 1200mV 0C Model Minimum Pulse Width 'inst'
Slack : -1.000
TNS   : -1.000

Type  : Fast 1200mV 0C Model Minimum Pulse Width 'inst1'
Slack : -1.000
TNS   : -1.000

Type  : Fast 1200mV 0C Model Minimum Pulse Width 'inst2'
Slack : -1.000
TNS   : -1.000

------------------------------------------------------------
