------------------------------------------------------------
Timing Analyzer Summary
------------------------------------------------------------

Type  : Slow 1200mV 85C Model Setup 'CLk'
Slack : -0.508
TNS   : -0.508

Type  : Slow 1200mV 85C Model Setup 'inst'
Slack : -0.465
TNS   : -0.465

Type  : Slow 1200mV 85C Model Setup 'inst1'
Slack : -0.365
TNS   : -0.365

Type  : Slow 1200mV 85C Model Setup 'inst2'
Slack : 0.210
TNS   : 0.000

Type  : Slow 1200mV 85C Model Hold 'inst2'
Slack : 0.445
TNS   : 0.000

Type  : Slow 1200mV 85C Model Hold 'CLk'
Slack : 0.516
TNS   : 0.000

Type  : Slow 1200mV 85C Model Hold 'inst'
Slack : 0.517
TNS   : 0.000

Type  : Slow 1200mV 85C Model Hold 'inst1'
Slack : 0.551
TNS   : 0.000

Type  : Slow 1200mV 85C Model Minimum Pulse Width 'CLk'
Slack : -3.000
TNS   : -4.285

Type  : Slow 1200mV 85C Model Minimum Pulse Width 'inst'
Slack : -1.285
TNS   : -1.285

Type  : Slow 1200mV 85C Model Minimum Pulse Width 'inst1'
Slack : -1.285
TNS   : -1.285

Type  : Slow 1200mV 85C Model Minimum Pulse Width 'inst2'
Slack : -1.285
TNS   : -1.285

Type  : Slow 1200mV 0C Model Setup 'CLk'
Slack : -0.377
TNS   : -0.377

Type  : Slow 1200mV 0C Model Setup 'inst'
Slack : -0.375
TNS   : -0.375

Type  : Slow 1200mV 0C Model Setup 'inst1'
Slack : -0.297
TNS   : -0.297

Type  : Slow 1200mV 0C Model Setup 'inst2'
Slack : 0.297
TNS   : 0.000

Type  : Slow 1200mV 0C Model Hold 'inst2'
Slack : 0.398
TNS   : 0.000

Type  : Slow 1200mV 0C Model Hold 'CLk'
Slack : 0.420
TNS   : 0.000

Type  : Slow 1200mV 0C Model Hold 'inst'
Slack : 0.473
TNS   : 0.000

Type  : Slow 1200mV 0C Model Hold 'inst1'
Slack : 0.533
TNS   : 0.000

Type  : Slow 1200mV 0C Model Minimum Pulse Width 'CLk'
Slack : -3.000
TNS   : -4.285

Type  : Slow 1200mV 0C Model Minimum Pulse Width 'inst'
Slack : -1.285
TNS   : -1.285

Type  : Slow 1200mV 0C Model Minimum Pulse Width 'inst1'
Slack : -1.285
TNS   : -1.285

Type  : Slow 1200mV 0C Model Minimum Pulse Width 'inst2'
Slack : -1.285
TNS   : -1.285

Type  : Fast 1200mV 0C Model Setup 'CLk'
Slack : -0.044
TNS   : -0.044

Type  : Fast 1200mV 0C Model Setup 'inst'
Slack : 0.059
TNS   : 0.000

Type  : Fast 1200mV 0C Model Setup 'inst1'
Slack : 0.125
TNS   : 0.000

Type  : Fast 1200mV 0C Model Setup 'inst2'
Slack : 0.624
TNS   : 0.000

Type  : Fast 1200mV 0C Model Hold 'inst2'
Slack : 0.206
TNS   : 0.000

Type  : Fast 1200mV 0C Model Hold 'inst1'
Slack : 0.214
TNS   : 0.000

Type  : Fast 1200mV 0C Model Hold 'inst'
Slack : 0.221
TNS   : 0.000

Type  : Fast 1200mV 0C Model Hold 'CLk'
Slack : 0.313
TNS   : 0.000

Type  : Fast 1200mV 0C Model Minimum Pulse Width 'CLk'
Slack : -3.000
TNS   : -4.098

Type  : Fast 1200mV 0C Model Minimum Pulse Width 'inst'
Slack : -1.000
TNS   : -1.000

Type  : Fast 1200mV 0C Model Minimum Pulse Width 'inst1'
Slack : -1.000
TNS   : -1.000

Type  : Fast 1200mV 0C Model Minimum Pulse Width 'inst2'
Slack : -1.000
TNS   : -1.000

------------------------------------------------------------
