******************************************************************************
                  TI ARM Linker PC v20.2.7                     
******************************************************************************
>> Linked Sat Nov  2 23:31:58 2024

OUTPUT FILE NAME:   <lab9.out>
ENTRY POINT SYMBOL: "_c_int00_noargs"  address: 00002b2d


MEMORY CONFIGURATION

         name            origin    length      used     unused   attr    fill
----------------------  --------  ---------  --------  --------  ----  --------
  FLASH                 00000000   00040000  00002e31  0003d1cf  R  X
  SRAM                  20000000   00008000  00000edc  00007124  RW X


SEGMENT ALLOCATION MAP

run origin  load origin   length   init length attrs members
----------  ----------- ---------- ----------- ----- -------
00000000    00000000    00002e38   00002e38    r-x
  00000000    00000000    0000026c   0000026c    r-- .intvecs
  0000026c    0000026c    00002a7c   00002a7c    r-x .text
  00002ce8    00002ce8    00000109   00000109    r-- .const
  00002df8    00002df8    00000040   00000040    r-- .cinit
20000000    20000000    00000ee0   00000000    rw-
  20000000    20000000    0000026c   00000000    rw- .vtable
  20000270    20000270    00000800   00000000    rw- .stack
  20000a70    20000a70    00000400   00000000    rw- .sysmem
  20000e70    20000e70    0000005c   00000000    rw- .bss
  20000ecc    20000ecc    00000014   00000000    rw- .data


SECTION ALLOCATION MAP

 output                                  attributes/
section   page    origin      length       input sections
--------  ----  ----------  ----------   ----------------
.intvecs   0    00000000    0000026c     
                  00000000    0000026c     tm4c123gh6pm_startup_ccs.obj (.intvecs)

.text      0    0000026c    00002a7c     
                  0000026c    00000a4e     rtsv7M4_T_le_v4SPD16_eabi.lib : _printfi.c.obj (.text:__TI_printfi)
                  00000cba    00000002                                   : div0.asm.obj (.text)
                  00000cbc    00000328     lcd.obj (.text)
                  00000fe4    000002b0     ping.obj (.text)
                  00001294    00000270     rtsv7M4_T_le_v4SPD16_eabi.lib : _printfi.c.obj (.text:_pconv_a)
                  00001504    00000248     Timer.obj (.text)
                  0000174c    000001d0     rtsv7M4_T_le_v4SPD16_eabi.lib : _printfi.c.obj (.text:_pconv_g)
                  0000191c    000001b6                                   : fd_add_t2.asm.obj (.text)
                  00001ad2    00000002     --HOLE-- [fill = 0]
                  00001ad4    000001a0     uart.obj (.text)
                  00001c74    00000140     main.obj (.text)
                  00001db4    0000013c     rtsv7M4_T_le_v4SPD16_eabi.lib : _printfi.c.obj (.text:_pconv_e)
                  00001ef0    00000136                                   : fd_div_t2.asm.obj (.text)
                  00002026    00000002     --HOLE-- [fill = 0]
                  00002028    00000124                                   : _printfi.c.obj (.text:fcvt)
                  0000214c    00000110                                   : s_scalbn.c.obj (.text:scalbn)
                  0000225c    000000fc                                   : fd_mul_t2.asm.obj (.text)
                  00002358    000000b1                                   : _printfi.c.obj (.text:_ltostr)
                  00002409    00000001     --HOLE-- [fill = 0]
                  0000240a    0000009c                                   : memcpy_t2.asm.obj (.text)
                  000024a6    00000096                                   : ull_div_t2.asm.obj (.text)
                  0000253c    00000086                                   : fd_cmp_t2.asm.obj (.text:__aeabi_cdcmple)
                  000025c2    00000086                                   : fd_cmp_t2.asm.obj (.text:__aeabi_cdrcmple)
                  00002648    0000007a                                   : memset_t2.asm.obj (.text)
                  000026c2    0000006e                                   : _printfi.c.obj (.text:_mcpy)
                  00002730    0000006e                                   : fd_tos_t2.asm.obj (.text)
                  0000279e    00000068                                   : copy_decompress_lzss.c.obj (.text:decompress:lzss:__TI_decompress_lzss)
                  00002806    00000002     --HOLE-- [fill = 0]
                  00002808    00000064                                   : s_frexp.c.obj (.text:frexp)
                  0000286c    00000056                                   : _printfi.c.obj (.text:_pconv_f)
                  000028c2    00000054                                   : _ltoa.c.obj (.text:__TI_ltoa)
                  00002916    00000052                                   : _printfi.c.obj (.text:_ecpy)
                  00002968    0000004c                                   : atoi.c.obj (.text:atoi)
                  000029b4    00000048                                   : fd_toi_t2.asm.obj (.text)
                  000029fc    00000044                                   : autoinit.c.obj (.text:__TI_auto_init_nobinit_nopinit:__TI_auto_init_nobinit_nopinit)
                  00002a40    00000040                                   : vsnprintf.c.obj (.text:vsnprintf)
                  00002a80    0000003e                                   : _printfi.c.obj (.text:_fcpy)
                  00002abe    00000038                                   : fs_tod_t2.asm.obj (.text)
                  00002af6    00000002     --HOLE-- [fill = 0]
                  00002af8    00000034     driverlib.lib : interrupt.obj (.text:IntRegister)
                  00002b2c    00000034     rtsv7M4_T_le_v4SPD16_eabi.lib : boot_cortex_m.c.obj (.text:_c_int00_noargs:_c_int00_noargs)
                  00002b60    00000030                                   : vsnprintf.c.obj (.text:_outs)
                  00002b90    0000002e                                   : i_tofd_t2.asm.obj (.text)
                  00002bbe    0000001c                                   : copy_zero_init.c.obj (.text:decompress:ZI:__TI_zero_init_nomemset:__TI_zero_init_nomemset)
                  00002bda    0000001c                                   : memccpy.c.obj (.text:memccpy)
                  00002bf6    0000001a                                   : s_copysign.c.obj (.text:copysign)
                  00002c10    00000018                                   : vsnprintf.c.obj (.text:_outc)
                  00002c28    00000018                                   : strcmp.c.obj (.text:strcmp)
                  00002c40    00000016                                   : strchr.c.obj (.text:strchr)
                  00002c56    00000014                                   : strcpy.c.obj (.text:strcpy)
                  00002c6a    00000014                                   : strlen.c.obj (.text:strlen)
                  00002c7e    00000012                                   : wcslen.c.obj (.text:wcslen)
                  00002c90    00000010     driverlib.lib : interrupt.obj (.text:IntMasterEnable)
                  00002ca0    00000010     lcd.obj (.text:lcd_clear)
                  00002cb0    0000000e     rtsv7M4_T_le_v4SPD16_eabi.lib : copy_decompress_none.c.obj (.text:decompress:none:__TI_decompress_none)
                  00002cbe    0000000c     driverlib.lib : cpu.obj (.text:CPUcpsie)
                  00002cca    0000000c     tm4c123gh6pm_startup_ccs.obj (.text)
                  00002cd6    00000002     --HOLE-- [fill = 0]
                  00002cd8    00000008     rtsv7M4_T_le_v4SPD16_eabi.lib : errno.c.obj (.text:__aeabi_errno_addr)
                  00002ce0    00000004                                   : pre_init.c.obj (.text:_system_pre_init)
                  00002ce4    00000004                                   : exit.c.obj (.text:abort:abort)

.const     0    00002ce8    00000109     
                  00002ce8    00000101     rtsv7M4_T_le_v4SPD16_eabi.lib : ctype.c.obj (.const:.string:_ctypes_)
                  00002de9    00000004     lcd.obj (.const:.string:lineAddress$1)
                  00002ded    00000004     lcd.obj (.const:.string:lineAddresses$2)

.cinit     0    00002df8    00000040     
                  00002df8    0000000c     (__TI_handler_table)
                  00002e04    00000004     --HOLE-- [fill = 0]
                  00002e08    00000008     (.cinit..bss.load) [load image, compression = zero_init]
                  00002e10    00000008     (.cinit..data.load) [load image, compression = lzss]
                  00002e18    00000008     (.cinit..vtable.load) [load image, compression = zero_init]
                  00002e20    00000018     (__TI_cinit_table)

.init_array 
*          0    00000000    00000000     UNINITIALIZED

.vtable    0    20000000    0000026c     UNINITIALIZED
                  20000000    0000026c     driverlib.lib : interrupt.obj (.vtable)

.stack     0    20000270    00000800     UNINITIALIZED
                  20000270    00000004     rtsv7M4_T_le_v4SPD16_eabi.lib : boot_cortex_m.c.obj (.stack)
                  20000274    000007fc     --HOLE--

.sysmem    0    20000a70    00000400     UNINITIALIZED
                  20000a70    00000010     rtsv7M4_T_le_v4SPD16_eabi.lib : memory.c.obj (.sysmem)
                  20000a80    000003f0     --HOLE--

.bss       0    20000e70    0000005c     UNINITIALIZED
                  20000e70    00000054     lcd.obj (.bss:lastbuffer$3)
                  20000ec4    00000004     (.common:_timeout_ticks)
                  20000ec8    00000004     (.common:overflow_count)

.data      0    20000ecc    00000014     UNINITIALIZED
                  20000ecc    00000009     ping.obj (.data)
                  20000ed5    00000002     uart.obj (.data)
                  20000ed7    00000001     Timer.obj (.data)
                  20000ed8    00000004     main.obj (.data)
                  20000edc    00000004     rtsv7M4_T_le_v4SPD16_eabi.lib : errno.c.obj (.data)

__llvm_prf_cnts 
*          0    20000000    00000000     UNINITIALIZED

MODULE SUMMARY

       Module                         code    ro data   rw data
       ------                         ----    -------   -------
    .\
       lcd.obj                        824     8         84     
       ping.obj                       688     0         13     
       tm4c123gh6pm_startup_ccs.obj   12      620       0      
       Timer.obj                      584     0         5      
       uart.obj                       416     0         2      
       main.obj                       320     0         4      
    +--+------------------------------+-------+---------+---------+
       Total:                         2844    628       108    
                                                               
    C:/ti/TivaWare_C_Series-2.2.0.295/driverlib/ccs/Debug/driverlib.lib
       interrupt.obj                  68      0         620    
       cpu.obj                        12      0         0      
    +--+------------------------------+-------+---------+---------+
       Total:                         80      0         620    
                                                               
    C:\ti\ccs1271\ccs\tools\compiler\ti-cgt-arm_20.2.7.LTS\lib\rtsv7M4_T_le_v4SPD16_eabi.lib
       _printfi.c.obj                 4851    0         0      
       fd_add_t2.asm.obj              438     0         0      
       fd_div_t2.asm.obj              310     0         0      
       s_scalbn.c.obj                 272     0         0      
       fd_cmp_t2.asm.obj              268     0         0      
       ctype.c.obj                    0       257       0      
       fd_mul_t2.asm.obj              252     0         0      
       memcpy_t2.asm.obj              156     0         0      
       ull_div_t2.asm.obj             150     0         0      
       vsnprintf.c.obj                136     0         0      
       memset_t2.asm.obj              122     0         0      
       fd_tos_t2.asm.obj              110     0         0      
       copy_decompress_lzss.c.obj     104     0         0      
       s_frexp.c.obj                  100     0         0      
       _ltoa.c.obj                    84      0         0      
       atoi.c.obj                     76      0         0      
       fd_toi_t2.asm.obj              72      0         0      
       autoinit.c.obj                 68      0         0      
       fs_tod_t2.asm.obj              56      0         0      
       boot_cortex_m.c.obj            52      0         0      
       i_tofd_t2.asm.obj              46      0         0      
       copy_zero_init.c.obj           28      0         0      
       memccpy.c.obj                  28      0         0      
       s_copysign.c.obj               26      0         0      
       strcmp.c.obj                   24      0         0      
       strchr.c.obj                   22      0         0      
       strcpy.c.obj                   20      0         0      
       strlen.c.obj                   20      0         0      
       wcslen.c.obj                   18      0         0      
       copy_decompress_none.c.obj     14      0         0      
       errno.c.obj                    8       0         4      
       exit.c.obj                     4       0         0      
       pre_init.c.obj                 4       0         0      
       div0.asm.obj                   2       0         0      
    +--+------------------------------+-------+---------+---------+
       Total:                         7941    257       4      
                                                               
       Heap:                          0       0         1024   
       Stack:                         0       0         2048   
       Linker Generated:              0       60        0      
    +--+------------------------------+-------+---------+---------+
       Grand Total:                   10865   945       3804   


LINKER GENERATED COPY TABLES

__TI_cinit_table @ 00002e20 records: 3, size/record: 8, table size: 24
	.bss: load addr=00002e08, load size=00000008 bytes, run addr=20000e70, run size=0000005c bytes, compression=zero_init
	.data: load addr=00002e10, load size=00000008 bytes, run addr=20000ecc, run size=00000014 bytes, compression=lzss
	.vtable: load addr=00002e18, load size=00000008 bytes, run addr=20000000, run size=0000026c bytes, compression=zero_init


LINKER GENERATED HANDLER TABLE

__TI_handler_table @ 00002df8 records: 3, size/record: 4, table size: 12
	index: 0, handler: __TI_zero_init
	index: 1, handler: __TI_decompress_lzss
	index: 2, handler: __TI_decompress_none


GLOBAL SYMBOLS: SORTED ALPHABETICALLY BY Name 

address   name                          
-------   ----                          
00002ce5  C$$EXIT                       
00002cbf  CPUcpsie                      
20000ed0  END_TIME                      
00002c91  IntMasterEnable               
00002af9  IntRegister                   
00002ccb  ResetISR                      
20000ecc  START_TIME                    
20000ed4  STATE                         
000010db  TIMER3B_Handler               
20000a70  __STACK_END                   
00000800  __STACK_SIZE                  
20000470  __STACK_TOP                   
00000400  __SYSMEM_SIZE                 
00002e20  __TI_CINIT_Base               
00002e38  __TI_CINIT_Limit              
00002df8  __TI_Handler_Table_Base       
00002e04  __TI_Handler_Table_Limit      
000029fd  __TI_auto_init_nobinit_nopinit
0000279f  __TI_decompress_lzss          
00002cb1  __TI_decompress_none          
000028c3  __TI_ltoa                     
ffffffff  __TI_pprof_out_hndl           
0000026d  __TI_printfi                  
ffffffff  __TI_prof_data_size           
ffffffff  __TI_prof_data_start          
00000000  __TI_static_base__            
00002bbf  __TI_zero_init_nomemset       
0000253d  __aeabi_cdcmpeq               
0000253d  __aeabi_cdcmple               
000025c3  __aeabi_cdrcmple              
00002731  __aeabi_d2f                   
000029b5  __aeabi_d2iz                  
00001927  __aeabi_dadd                  
00001ef1  __aeabi_ddiv                  
0000225d  __aeabi_dmul                  
0000191d  __aeabi_dsub                  
00002cd9  __aeabi_errno_addr            
00002abf  __aeabi_f2d                   
00002b91  __aeabi_i2d                   
00000cbb  __aeabi_idiv0                 
00000cbb  __aeabi_ldiv0                 
00002649  __aeabi_memclr                
00002649  __aeabi_memclr4               
00002649  __aeabi_memclr8               
0000240b  __aeabi_memcpy                
0000240b  __aeabi_memcpy4               
0000240b  __aeabi_memcpy8               
0000264b  __aeabi_memset                
0000264b  __aeabi_memset4               
0000264b  __aeabi_memset8               
000024a7  __aeabi_uldivmod              
ffffffff  __binit__                     
ffffffff  __c_args__                    
UNDEFED   __mpu_init                    
20000270  __stack                       
20000000  __start___llvm_prf_cnts       
20000000  __stop___llvm_prf_cnts        
00002b2d  _c_int00_noargs               
00002ce8  _ctypes_                      
20000ed7  _running                      
20000a70  _sys_memory                   
UNDEFED   _system_post_cinit            
00002ce1  _system_pre_init              
20000ec4  _timeout_ticks                
00002ce5  abort                         
00002969  atoi                          
ffffffff  binit                         
000011ab  calculate_distance            
000011fb  calculate_time_in_ms          
00002bf7  copysign                      
00002bf7  copysignl                     
20000edc  errno                         
20000ed6  flag                          
00002809  frexp                         
00002809  frexpl                        
20000000  g_pfnRAMVectors               
00000000  g_pfnVectors                  
00002ca1  lcd_clear                     
00000e91  lcd_gotoLine                  
00000cf9  lcd_init                      
00000ef7  lcd_printf                    
00000db9  lcd_putc                      
00000df1  lcd_puts                      
00000cbd  lcd_reverseNibble             
00000e0f  lcd_sendCommand               
00000e4d  lcd_sendNibble                
00000eb9  lcd_setCursorPos              
0000214d  ldexp                         
0000214d  ldexpl                        
00001c75  main                          
00002bdb  memccpy                       
0000240b  memcpy                        
00002651  memset                        
20000ec8  overflow_count                
00000fe5  ping_init                     
00001135  ping_read                     
20000ed8  run_measurements              
0000214d  scalbn                        
0000214d  scalbnl                       
00001081  send_pulse                    
00002c41  strchr                        
00002c29  strcmp                        
00002c57  strcpy                        
00002c6b  strlen                        
00001623  timer_getMicros               
000015cb  timer_getMillis               
00001505  timer_init                    
000015a7  timer_pause                   
000015b9  timer_resume                  
0000157d  timer_stop                    
0000167d  timer_waitMicros              
000016af  timer_waitMillis              
20000ed5  uart_data                     
00001c0d  uart_data_available           
00001ad5  uart_init                     
00001be7  uart_interrupt_handler        
00001bc3  uart_interrupt_init           
00001b91  uart_receive                  
00001b75  uart_sendChar                 
00001ba5  uart_sendStr                  
00002a41  vsnprintf                     
00002c7f  wcslen                        


GLOBAL SYMBOLS: SORTED BY Symbol Address 

address   name                          
-------   ----                          
00000000  __TI_static_base__            
00000000  g_pfnVectors                  
0000026d  __TI_printfi                  
00000400  __SYSMEM_SIZE                 
00000800  __STACK_SIZE                  
00000cbb  __aeabi_idiv0                 
00000cbb  __aeabi_ldiv0                 
00000cbd  lcd_reverseNibble             
00000cf9  lcd_init                      
00000db9  lcd_putc                      
00000df1  lcd_puts                      
00000e0f  lcd_sendCommand               
00000e4d  lcd_sendNibble                
00000e91  lcd_gotoLine                  
00000eb9  lcd_setCursorPos              
00000ef7  lcd_printf                    
00000fe5  ping_init                     
00001081  send_pulse                    
000010db  TIMER3B_Handler               
00001135  ping_read                     
000011ab  calculate_distance            
000011fb  calculate_time_in_ms          
00001505  timer_init                    
0000157d  timer_stop                    
000015a7  timer_pause                   
000015b9  timer_resume                  
000015cb  timer_getMillis               
00001623  timer_getMicros               
0000167d  timer_waitMicros              
000016af  timer_waitMillis              
0000191d  __aeabi_dsub                  
00001927  __aeabi_dadd                  
00001ad5  uart_init                     
00001b75  uart_sendChar                 
00001b91  uart_receive                  
00001ba5  uart_sendStr                  
00001bc3  uart_interrupt_init           
00001be7  uart_interrupt_handler        
00001c0d  uart_data_available           
00001c75  main                          
00001ef1  __aeabi_ddiv                  
0000214d  ldexp                         
0000214d  ldexpl                        
0000214d  scalbn                        
0000214d  scalbnl                       
0000225d  __aeabi_dmul                  
0000240b  __aeabi_memcpy                
0000240b  __aeabi_memcpy4               
0000240b  __aeabi_memcpy8               
0000240b  memcpy                        
000024a7  __aeabi_uldivmod              
0000253d  __aeabi_cdcmpeq               
0000253d  __aeabi_cdcmple               
000025c3  __aeabi_cdrcmple              
00002649  __aeabi_memclr                
00002649  __aeabi_memclr4               
00002649  __aeabi_memclr8               
0000264b  __aeabi_memset                
0000264b  __aeabi_memset4               
0000264b  __aeabi_memset8               
00002651  memset                        
00002731  __aeabi_d2f                   
0000279f  __TI_decompress_lzss          
00002809  frexp                         
00002809  frexpl                        
000028c3  __TI_ltoa                     
00002969  atoi                          
000029b5  __aeabi_d2iz                  
000029fd  __TI_auto_init_nobinit_nopinit
00002a41  vsnprintf                     
00002abf  __aeabi_f2d                   
00002af9  IntRegister                   
00002b2d  _c_int00_noargs               
00002b91  __aeabi_i2d                   
00002bbf  __TI_zero_init_nomemset       
00002bdb  memccpy                       
00002bf7  copysign                      
00002bf7  copysignl                     
00002c29  strcmp                        
00002c41  strchr                        
00002c57  strcpy                        
00002c6b  strlen                        
00002c7f  wcslen                        
00002c91  IntMasterEnable               
00002ca1  lcd_clear                     
00002cb1  __TI_decompress_none          
00002cbf  CPUcpsie                      
00002ccb  ResetISR                      
00002cd9  __aeabi_errno_addr            
00002ce1  _system_pre_init              
00002ce5  C$$EXIT                       
00002ce5  abort                         
00002ce8  _ctypes_                      
00002df8  __TI_Handler_Table_Base       
00002e04  __TI_Handler_Table_Limit      
00002e20  __TI_CINIT_Base               
00002e38  __TI_CINIT_Limit              
20000000  __start___llvm_prf_cnts       
20000000  __stop___llvm_prf_cnts        
20000000  g_pfnRAMVectors               
20000270  __stack                       
20000470  __STACK_TOP                   
20000a70  __STACK_END                   
20000a70  _sys_memory                   
20000ec4  _timeout_ticks                
20000ec8  overflow_count                
20000ecc  START_TIME                    
20000ed0  END_TIME                      
20000ed4  STATE                         
20000ed5  uart_data                     
20000ed6  flag                          
20000ed7  _running                      
20000ed8  run_measurements              
20000edc  errno                         
ffffffff  __TI_pprof_out_hndl           
ffffffff  __TI_prof_data_size           
ffffffff  __TI_prof_data_start          
ffffffff  __binit__                     
ffffffff  __c_args__                    
ffffffff  binit                         
UNDEFED   __mpu_init                    
UNDEFED   _system_post_cinit            

[122 symbols]
