******************************************************************************
                  TI ARM Linker PC v20.2.7                     
******************************************************************************
>> Linked Mon Oct 21 14:35:03 2024

OUTPUT FILE NAME:   <lab7.out>
ENTRY POINT SYMBOL: "_c_int00_noargs"  address: 000035cd


MEMORY CONFIGURATION

         name            origin    length      used     unused   attr    fill
----------------------  --------  ---------  --------  --------  ----  --------
  FLASH                 00000000   00040000  00003981  0003c67f  R  X
  SRAM                  20000000   00008000  00000fde  00007022  RW X


SEGMENT ALLOCATION MAP

run origin  load origin   length   init length attrs members
----------  ----------- ---------- ----------- ----- -------
00000000    00000000    00003988   00003988    r-x
  00000000    00000000    0000026c   0000026c    r-- .intvecs
  0000026c    0000026c    00003564   00003564    r-x .text
  000037d0    000037d0    00000109   00000109    r-- .const
  000038e0    000038e0    000000a8   000000a8    r-- .cinit
20000000    20000000    00000fe4   00000000    rw-
  20000000    20000000    0000026c   00000000    rw- .vtable
  20000270    20000270    00000800   00000000    rw- .stack
  20000a70    20000a70    00000400   00000000    rw- .sysmem
  20000e70    20000e70    000000ea   00000000    rw- .bss
  20000f5c    20000f5c    00000088   00000000    rw- .data


SECTION ALLOCATION MAP

 output                                  attributes/
section   page    origin      length       input sections
--------  ----  ----------  ----------   ----------------
.intvecs   0    00000000    0000026c     
                  00000000    0000026c     tm4c123gh6pm_startup_ccs.obj (.intvecs)

.text      0    0000026c    00003564     
                  0000026c    00000a4e     rtsv7M4_T_le_v4SPD16_eabi.lib : _printfi.c.obj (.text:__TI_printfi)
                  00000cba    00000002                                   : div0.asm.obj (.text)
                  00000cbc    0000080c     main.obj (.text)
                  000014c8    00000328     lcd.obj (.text)
                  000017f0    00000270     rtsv7M4_T_le_v4SPD16_eabi.lib : _printfi.c.obj (.text:_pconv_a)
                  00001a60    00000260     libcybotScan.lib : cyBot_Scan.obj (.text)
                  00001cc0    00000248     Timer.obj (.text)
                  00001f08    000001ec     libcybotScan.lib : ping.obj (.text)
                  000020f4    000001d0     rtsv7M4_T_le_v4SPD16_eabi.lib : _printfi.c.obj (.text:_pconv_g)
                  000022c4    000001b6                                   : fd_add_t2.asm.obj (.text)
                  0000247a    00000002     --HOLE-- [fill = 0]
                  0000247c    0000018c     uart.obj (.text)
                  00002608    00000158     libcybotScan.lib : servo.obj (.text)
                  00002760    0000013c     rtsv7M4_T_le_v4SPD16_eabi.lib : _printfi.c.obj (.text:_pconv_e)
                  0000289c    00000136                                   : fd_div_t2.asm.obj (.text)
                  000029d2    00000002     --HOLE-- [fill = 0]
                  000029d4    00000124                                   : _printfi.c.obj (.text:fcvt)
                  00002af8    00000118     libcybotScan.lib : ir.obj (.text)
                  00002c10    00000110     rtsv7M4_T_le_v4SPD16_eabi.lib : s_scalbn.c.obj (.text:scalbn)
                  00002d20    000000fc                                   : fd_mul_t2.asm.obj (.text)
                  00002e1c    000000b1                                   : _printfi.c.obj (.text:_ltostr)
                  00002ecd    00000001     --HOLE-- [fill = 0]
                  00002ece    0000009c                                   : memcpy_t2.asm.obj (.text)
                  00002f6a    00000096                                   : ull_div_t2.asm.obj (.text)
                  00003000    00000086                                   : fd_cmp_t2.asm.obj (.text:__aeabi_cdcmple)
                  00003086    00000086                                   : fd_cmp_t2.asm.obj (.text:__aeabi_cdrcmple)
                  0000310c    0000007a                                   : memset_t2.asm.obj (.text)
                  00003186    0000006e                                   : _printfi.c.obj (.text:_mcpy)
                  000031f4    00000068                                   : copy_decompress_lzss.c.obj (.text:decompress:lzss:__TI_decompress_lzss)
                  0000325c    00000064                                   : s_frexp.c.obj (.text:frexp)
                  000032c0    00000056                                   : _printfi.c.obj (.text:_pconv_f)
                  00003316    00000054                                   : _ltoa.c.obj (.text:__TI_ltoa)
                  0000336a    00000052                                   : _printfi.c.obj (.text:_ecpy)
                  000033bc    0000004c                                   : atoi.c.obj (.text:atoi)
                  00003408    0000004c                                   : snprintf.c.obj (.text:snprintf)
                  00003454    00000048                                   : fd_toi_t2.asm.obj (.text)
                  0000349c    00000044                                   : autoinit.c.obj (.text:__TI_auto_init_nobinit_nopinit:__TI_auto_init_nobinit_nopinit)
                  000034e0    00000040                                   : vsnprintf.c.obj (.text:vsnprintf)
                  00003520    0000003e                                   : _printfi.c.obj (.text:_fcpy)
                  0000355e    00000038                                   : fs_tod_t2.asm.obj (.text)
                  00003596    00000002     --HOLE-- [fill = 0]
                  00003598    00000034     driverlib.lib : interrupt.obj (.text:IntRegister)
                  000035cc    00000034     rtsv7M4_T_le_v4SPD16_eabi.lib : boot_cortex_m.c.obj (.text:_c_int00_noargs:_c_int00_noargs)
                  00003600    00000030                                   : snprintf.c.obj (.text:_outs)
                  00003630    00000030                                   : vsnprintf.c.obj (.text:_outs)
                  00003660    0000002e                                   : i_tofd_t2.asm.obj (.text)
                  0000368e    0000001c                                   : copy_zero_init.c.obj (.text:decompress:ZI:__TI_zero_init_nomemset:__TI_zero_init_nomemset)
                  000036aa    0000001c                                   : memccpy.c.obj (.text:memccpy)
                  000036c6    0000001a                                   : s_copysign.c.obj (.text:copysign)
                  000036e0    00000018                                   : snprintf.c.obj (.text:_outc)
                  000036f8    00000018                                   : vsnprintf.c.obj (.text:_outc)
                  00003710    00000018                                   : strcmp.c.obj (.text:strcmp)
                  00003728    00000016                                   : strchr.c.obj (.text:strchr)
                  0000373e    00000014                                   : strcpy.c.obj (.text:strcpy)
                  00003752    00000014                                   : strlen.c.obj (.text:strlen)
                  00003766    00000012                                   : wcslen.c.obj (.text:wcslen)
                  00003778    00000010     driverlib.lib : interrupt.obj (.text:IntMasterEnable)
                  00003788    00000010     lcd.obj (.text:lcd_clear)
                  00003798    0000000e     rtsv7M4_T_le_v4SPD16_eabi.lib : copy_decompress_none.c.obj (.text:decompress:none:__TI_decompress_none)
                  000037a6    0000000c     driverlib.lib : cpu.obj (.text:CPUcpsie)
                  000037b2    0000000c     tm4c123gh6pm_startup_ccs.obj (.text)
                  000037be    00000002     --HOLE-- [fill = 0]
                  000037c0    00000008     rtsv7M4_T_le_v4SPD16_eabi.lib : errno.c.obj (.text:__aeabi_errno_addr)
                  000037c8    00000004                                   : pre_init.c.obj (.text:_system_pre_init)
                  000037cc    00000004                                   : exit.c.obj (.text:abort:abort)

.const     0    000037d0    00000109     
                  000037d0    00000101     rtsv7M4_T_le_v4SPD16_eabi.lib : ctype.c.obj (.const:.string:_ctypes_)
                  000038d1    00000004     lcd.obj (.const:.string:lineAddress$1)
                  000038d5    00000004     lcd.obj (.const:.string:lineAddresses$2)

.cinit     0    000038e0    000000a8     
                  000038e0    0000006d     (.cinit..data.load) [load image, compression = lzss]
                  0000394d    00000003     --HOLE-- [fill = 0]
                  00003950    0000000c     (__TI_handler_table)
                  0000395c    00000004     --HOLE-- [fill = 0]
                  00003960    00000008     (.cinit..bss.load) [load image, compression = zero_init]
                  00003968    00000008     (.cinit..vtable.load) [load image, compression = zero_init]
                  00003970    00000018     (__TI_cinit_table)

.init_array 
*          0    00000000    00000000     UNINITIALIZED

.vtable    0    20000000    0000026c     UNINITIALIZED
                  20000000    0000026c     driverlib.lib : interrupt.obj (.vtable)

.stack     0    20000270    00000800     UNINITIALIZED
                  20000270    00000004     rtsv7M4_T_le_v4SPD16_eabi.lib : boot_cortex_m.c.obj (.stack)
                  20000274    000007fc     --HOLE--

.sysmem    0    20000a70    00000400     UNINITIALIZED
                  20000a70    00000010     rtsv7M4_T_le_v4SPD16_eabi.lib : memory.c.obj (.sysmem)
                  20000a80    000003f0     --HOLE--

.bss       0    20000e70    000000ea     UNINITIALIZED
                  20000e70    00000078     (.common:detected_objects)
                  20000ee8    00000054     lcd.obj (.bss:lastbuffer$3)
                  20000f3c    00000004     (.common:_timeout_ticks)
                  20000f40    00000004     (.common:fallingEdge)
                  20000f44    00000004     (.common:isr_int_value)
                  20000f48    00000004     (.common:left_calibration_value)
                  20000f4c    00000004     (.common:pulseLength)
                  20000f50    00000004     (.common:right_calibration_value)
                  20000f54    00000004     (.common:risingEdge)
                  20000f58    00000001     (.common:isRisingEdge)
                  20000f59    00000001     (.common:uart_data)

.data      0    20000f5c    00000088     UNINITIALIZED
                  20000f5c    0000003c     main.obj (.data:distances)
                  20000f98    0000003c     main.obj (.data:ir_values)
                  20000fd4    00000005     main.obj (.data)
                  20000fd9    00000001     Timer.obj (.data)
                  20000fda    00000002     --HOLE--
                  20000fdc    00000004     libcybotScan.lib : cyBot_Scan.obj (.data)
                  20000fe0    00000004     rtsv7M4_T_le_v4SPD16_eabi.lib : errno.c.obj (.data)

__llvm_prf_cnts 
*          0    20000000    00000000     UNINITIALIZED

MODULE SUMMARY

       Module                         code    ro data   rw data
       ------                         ----    -------   -------
    .\
       main.obj                       2060    0         254    
       lcd.obj                        824     8         84     
       tm4c123gh6pm_startup_ccs.obj   12      620       0      
       Timer.obj                      584     0         5      
       uart.obj                       396     0         0      
    +--+------------------------------+-------+---------+---------+
       Total:                         3876    628       343    
                                                               
    ../libcybotScan.lib
       cyBot_Scan.obj                 608     0         4      
       ping.obj                       492     0         13     
       servo.obj                      344     0         0      
       ir.obj                         280     0         4      
    +--+------------------------------+-------+---------+---------+
       Total:                         1724    0         21     
                                                               
    C:/ti/TivaWare_C_Series-2.2.0.295/driverlib/ccs/Debug/driverlib.lib
       interrupt.obj                  68      0         620    
       cpu.obj                        12      0         0      
    +--+------------------------------+-------+---------+---------+
       Total:                         80      0         620    
                                                               
    C:\ti\ccs1271\ccs\tools\compiler\ti-cgt-arm_20.2.7.LTS\lib\rtsv7M4_T_le_v4SPD16_eabi.lib
       _printfi.c.obj                 4851    0         0      
       fd_add_t2.asm.obj              438     0         0      
       fd_div_t2.asm.obj              310     0         0      
       s_scalbn.c.obj                 272     0         0      
       fd_cmp_t2.asm.obj              268     0         0      
       ctype.c.obj                    0       257       0      
       fd_mul_t2.asm.obj              252     0         0      
       memcpy_t2.asm.obj              156     0         0      
       ull_div_t2.asm.obj             150     0         0      
       snprintf.c.obj                 148     0         0      
       vsnprintf.c.obj                136     0         0      
       memset_t2.asm.obj              122     0         0      
       copy_decompress_lzss.c.obj     104     0         0      
       s_frexp.c.obj                  100     0         0      
       _ltoa.c.obj                    84      0         0      
       atoi.c.obj                     76      0         0      
       fd_toi_t2.asm.obj              72      0         0      
       autoinit.c.obj                 68      0         0      
       fs_tod_t2.asm.obj              56      0         0      
       boot_cortex_m.c.obj            52      0         0      
       i_tofd_t2.asm.obj              46      0         0      
       copy_zero_init.c.obj           28      0         0      
       memccpy.c.obj                  28      0         0      
       s_copysign.c.obj               26      0         0      
       strcmp.c.obj                   24      0         0      
       strchr.c.obj                   22      0         0      
       strcpy.c.obj                   20      0         0      
       strlen.c.obj                   20      0         0      
       wcslen.c.obj                   18      0         0      
       copy_decompress_none.c.obj     14      0         0      
       errno.c.obj                    8       0         4      
       exit.c.obj                     4       0         0      
       pre_init.c.obj                 4       0         0      
       div0.asm.obj                   2       0         0      
    +--+------------------------------+-------+---------+---------+
       Total:                         7979    257       4      
                                                               
       Heap:                          0       0         1024   
       Stack:                         0       0         2048   
       Linker Generated:              0       161       0      
    +--+------------------------------+-------+---------+---------+
       Grand Total:                   13659   1046      4060   


LINKER GENERATED COPY TABLES

__TI_cinit_table @ 00003970 records: 3, size/record: 8, table size: 24
	.data: load addr=000038e0, load size=0000006d bytes, run addr=20000f5c, run size=00000088 bytes, compression=lzss
	.bss: load addr=00003960, load size=00000008 bytes, run addr=20000e70, run size=000000ea bytes, compression=zero_init
	.vtable: load addr=00003968, load size=00000008 bytes, run addr=20000000, run size=0000026c bytes, compression=zero_init


LINKER GENERATED HANDLER TABLE

__TI_handler_table @ 00003950 records: 3, size/record: 4, table size: 12
	index: 0, handler: __TI_zero_init
	index: 1, handler: __TI_decompress_lzss
	index: 2, handler: __TI_decompress_none


GLOBAL SYMBOLS: SORTED ALPHABETICALLY BY Name 

address   name                             
-------   ----                             
00002b91  ADC0SS0_Handler                  
000037cd  C$$EXIT                          
000037a7  CPUcpsie                         
00003779  IntMasterEnable                  
00003599  IntRegister                      
000037b3  ResetISR                         
00001ff9  TIMER3B_Handler                  
20000a70  __STACK_END                      
00000800  __STACK_SIZE                     
20000470  __STACK_TOP                      
00000400  __SYSMEM_SIZE                    
00003970  __TI_CINIT_Base                  
00003988  __TI_CINIT_Limit                 
00003950  __TI_Handler_Table_Base          
0000395c  __TI_Handler_Table_Limit         
0000349d  __TI_auto_init_nobinit_nopinit   
000031f5  __TI_decompress_lzss             
00003799  __TI_decompress_none             
00003317  __TI_ltoa                        
ffffffff  __TI_pprof_out_hndl              
0000026d  __TI_printfi                     
ffffffff  __TI_prof_data_size              
ffffffff  __TI_prof_data_start             
00000000  __TI_static_base__               
0000368f  __TI_zero_init_nomemset          
00003001  __aeabi_cdcmpeq                  
00003001  __aeabi_cdcmple                  
00003087  __aeabi_cdrcmple                 
00003455  __aeabi_d2iz                     
000022cf  __aeabi_dadd                     
0000289d  __aeabi_ddiv                     
00002d21  __aeabi_dmul                     
000022c5  __aeabi_dsub                     
000037c1  __aeabi_errno_addr               
0000355f  __aeabi_f2d                      
00003661  __aeabi_i2d                      
00000cbb  __aeabi_idiv0                    
00000cbb  __aeabi_ldiv0                    
0000310d  __aeabi_memclr                   
0000310d  __aeabi_memclr4                  
0000310d  __aeabi_memclr8                  
00002ecf  __aeabi_memcpy                   
00002ecf  __aeabi_memcpy4                  
00002ecf  __aeabi_memcpy8                  
0000310f  __aeabi_memset                   
0000310f  __aeabi_memset4                  
0000310f  __aeabi_memset8                  
00002f6b  __aeabi_uldivmod                 
ffffffff  __binit__                        
ffffffff  __c_args__                       
UNDEFED   __mpu_init                       
20000270  __stack                          
20000000  __start___llvm_prf_cnts          
20000000  __stop___llvm_prf_cnts           
000035cd  _c_int00_noargs                  
000037d0  _ctypes_                         
20000fd9  _running                         
20000a70  _sys_memory                      
UNDEFED   _system_post_cinit               
000037c9  _system_pre_init                 
20000f3c  _timeout_ticks                   
000037cd  abort                            
000033bd  atoi                             
ffffffff  binit                            
00000cbd  calculate_distance_linear        
000036c7  copysign                         
000036c7  copysignl                        
00001b39  cyBOT_SERVO_cal                  
00001ac7  cyBOT_Scan                       
00001a6f  cyBOT_init_Scan                  
20000fdc  cyBOT_scan_features              
00001a61  cyBOT_scan_version               
20000e70  detected_objects                 
000011e5  display_smallest_object          
20000f5c  distances                        
20000fe0  errno                            
20000f40  fallingEdge                      
20000fd8  flag                             
0000325d  frexp                            
0000325d  frexpl                           
20000000  g_pfnRAMVectors                  
00000000  g_pfnVectors                     
00002ba7  ir_enableInterrupt               
00002b89  ir_getDistance                   
00002b61  ir_getValue                      
00002af9  ir_init                          
20000f98  ir_values                        
20000f58  isRisingEdge                     
20000f44  isr_int_value                    
00003789  lcd_clear                        
0000169d  lcd_gotoLine                     
00001505  lcd_init                         
00001703  lcd_printf                       
000015c5  lcd_putc                         
000015fd  lcd_puts                         
000014c9  lcd_reverseNibble                
0000161b  lcd_sendCommand                  
00001659  lcd_sendNibble                   
000016c5  lcd_setCursorPos                 
00002c11  ldexp                            
00002c11  ldexpl                           
20000f48  left_calibration_value           
000012fd  main                             
000036ab  memccpy                          
00002ecf  memcpy                           
00003115  memset                           
20000fd4  object_count                     
00000dcd  perform_180_ir_scan              
0000204b  ping_getDistance                 
00001f09  ping_init                        
00001f8f  ping_trigger                     
20000f4c  pulseLength                      
00000f5d  refine_object_detection_with_ping
20000f50  right_calibration_value          
20000f54  risingEdge                       
00002c11  scalbn                           
00002c11  scalbnl                          
00002609  servo_init                       
00002699  servo_move                       
000026f9  servo_setPWM                     
0000268d  servo_stop                       
00000d93  setup                            
00003409  snprintf                         
00003729  strchr                           
00003711  strcmp                           
0000373f  strcpy                           
00003753  strlen                           
00001ddf  timer_getMicros                  
00001d87  timer_getMillis                  
00001cc1  timer_init                       
00001d63  timer_pause                      
00001d75  timer_resume                     
00001d39  timer_stop                       
00001e39  timer_waitMicros                 
00001e6b  timer_waitMillis                 
20000f59  uart_data                        
0000247d  uart_init                        
0000258f  uart_interrupt_handler           
0000256b  uart_interrupt_init              
00002539  uart_receive                     
0000251d  uart_sendChar                    
0000254d  uart_sendStr                     
000034e1  vsnprintf                        
00003767  wcslen                           


GLOBAL SYMBOLS: SORTED BY Symbol Address 

address   name                             
-------   ----                             
00000000  __TI_static_base__               
00000000  g_pfnVectors                     
0000026d  __TI_printfi                     
00000400  __SYSMEM_SIZE                    
00000800  __STACK_SIZE                     
00000cbb  __aeabi_idiv0                    
00000cbb  __aeabi_ldiv0                    
00000cbd  calculate_distance_linear        
00000d93  setup                            
00000dcd  perform_180_ir_scan              
00000f5d  refine_object_detection_with_ping
000011e5  display_smallest_object          
000012fd  main                             
000014c9  lcd_reverseNibble                
00001505  lcd_init                         
000015c5  lcd_putc                         
000015fd  lcd_puts                         
0000161b  lcd_sendCommand                  
00001659  lcd_sendNibble                   
0000169d  lcd_gotoLine                     
000016c5  lcd_setCursorPos                 
00001703  lcd_printf                       
00001a61  cyBOT_scan_version               
00001a6f  cyBOT_init_Scan                  
00001ac7  cyBOT_Scan                       
00001b39  cyBOT_SERVO_cal                  
00001cc1  timer_init                       
00001d39  timer_stop                       
00001d63  timer_pause                      
00001d75  timer_resume                     
00001d87  timer_getMillis                  
00001ddf  timer_getMicros                  
00001e39  timer_waitMicros                 
00001e6b  timer_waitMillis                 
00001f09  ping_init                        
00001f8f  ping_trigger                     
00001ff9  TIMER3B_Handler                  
0000204b  ping_getDistance                 
000022c5  __aeabi_dsub                     
000022cf  __aeabi_dadd                     
0000247d  uart_init                        
0000251d  uart_sendChar                    
00002539  uart_receive                     
0000254d  uart_sendStr                     
0000256b  uart_interrupt_init              
0000258f  uart_interrupt_handler           
00002609  servo_init                       
0000268d  servo_stop                       
00002699  servo_move                       
000026f9  servo_setPWM                     
0000289d  __aeabi_ddiv                     
00002af9  ir_init                          
00002b61  ir_getValue                      
00002b89  ir_getDistance                   
00002b91  ADC0SS0_Handler                  
00002ba7  ir_enableInterrupt               
00002c11  ldexp                            
00002c11  ldexpl                           
00002c11  scalbn                           
00002c11  scalbnl                          
00002d21  __aeabi_dmul                     
00002ecf  __aeabi_memcpy                   
00002ecf  __aeabi_memcpy4                  
00002ecf  __aeabi_memcpy8                  
00002ecf  memcpy                           
00002f6b  __aeabi_uldivmod                 
00003001  __aeabi_cdcmpeq                  
00003001  __aeabi_cdcmple                  
00003087  __aeabi_cdrcmple                 
0000310d  __aeabi_memclr                   
0000310d  __aeabi_memclr4                  
0000310d  __aeabi_memclr8                  
0000310f  __aeabi_memset                   
0000310f  __aeabi_memset4                  
0000310f  __aeabi_memset8                  
00003115  memset                           
000031f5  __TI_decompress_lzss             
0000325d  frexp                            
0000325d  frexpl                           
00003317  __TI_ltoa                        
000033bd  atoi                             
00003409  snprintf                         
00003455  __aeabi_d2iz                     
0000349d  __TI_auto_init_nobinit_nopinit   
000034e1  vsnprintf                        
0000355f  __aeabi_f2d                      
00003599  IntRegister                      
000035cd  _c_int00_noargs                  
00003661  __aeabi_i2d                      
0000368f  __TI_zero_init_nomemset          
000036ab  memccpy                          
000036c7  copysign                         
000036c7  copysignl                        
00003711  strcmp                           
00003729  strchr                           
0000373f  strcpy                           
00003753  strlen                           
00003767  wcslen                           
00003779  IntMasterEnable                  
00003789  lcd_clear                        
00003799  __TI_decompress_none             
000037a7  CPUcpsie                         
000037b3  ResetISR                         
000037c1  __aeabi_errno_addr               
000037c9  _system_pre_init                 
000037cd  C$$EXIT                          
000037cd  abort                            
000037d0  _ctypes_                         
00003950  __TI_Handler_Table_Base          
0000395c  __TI_Handler_Table_Limit         
00003970  __TI_CINIT_Base                  
00003988  __TI_CINIT_Limit                 
20000000  __start___llvm_prf_cnts          
20000000  __stop___llvm_prf_cnts           
20000000  g_pfnRAMVectors                  
20000270  __stack                          
20000470  __STACK_TOP                      
20000a70  __STACK_END                      
20000a70  _sys_memory                      
20000e70  detected_objects                 
20000f3c  _timeout_ticks                   
20000f40  fallingEdge                      
20000f44  isr_int_value                    
20000f48  left_calibration_value           
20000f4c  pulseLength                      
20000f50  right_calibration_value          
20000f54  risingEdge                       
20000f58  isRisingEdge                     
20000f59  uart_data                        
20000f5c  distances                        
20000f98  ir_values                        
20000fd4  object_count                     
20000fd8  flag                             
20000fd9  _running                         
20000fdc  cyBOT_scan_features              
20000fe0  errno                            
ffffffff  __TI_pprof_out_hndl              
ffffffff  __TI_prof_data_size              
ffffffff  __TI_prof_data_start             
ffffffff  __binit__                        
ffffffff  __c_args__                       
ffffffff  binit                            
UNDEFED   __mpu_init                       
UNDEFED   _system_post_cinit               

[144 symbols]
